Archive member included to satisfy reference by file (symbol)

/usr/lib/gcc/arm-none-eabi/13.2.1/thumb/v6-m/nofp/libgcc.a(_dvmd_tls.o)
                              CMakeFiles/railroad_scanner.dir/home/karl/pico-sdk/src/rp2_common/pico_divider/divider_hardware.S.o (__aeabi_idiv0)
/usr/lib/gcc/arm-none-eabi/13.2.1/../../../arm-none-eabi/lib/thumb/v6-m/nofp/libg.a(libc_a-strncpy.o)
                              CMakeFiles/railroad_scanner.dir/src/main.cpp.o (strncpy)
/usr/lib/gcc/arm-none-eabi/13.2.1/../../../arm-none-eabi/lib/thumb/v6-m/nofp/libg.a(libc_a-strtok.o)
                              CMakeFiles/railroad_scanner.dir/src/main.cpp.o (strtok)
/usr/lib/gcc/arm-none-eabi/13.2.1/../../../arm-none-eabi/lib/thumb/v6-m/nofp/libg.a(libc_a-strtod.o)
                              CMakeFiles/railroad_scanner.dir/src/main.cpp.o (strtof)
/usr/lib/gcc/arm-none-eabi/13.2.1/../../../arm-none-eabi/lib/thumb/v6-m/nofp/libg.a(libc_a-locale.o)
                              /usr/lib/gcc/arm-none-eabi/13.2.1/../../../arm-none-eabi/lib/thumb/v6-m/nofp/libg.a(libc_a-strtod.o) (__global_locale)
/usr/lib/gcc/arm-none-eabi/13.2.1/../../../arm-none-eabi/lib/thumb/v6-m/nofp/libg.a(libc_a-strcmp.o)
                              /usr/lib/gcc/arm-none-eabi/13.2.1/../../../arm-none-eabi/lib/thumb/v6-m/nofp/libg.a(libc_a-locale.o) (strcmp)
/usr/lib/gcc/arm-none-eabi/13.2.1/../../../arm-none-eabi/lib/thumb/v6-m/nofp/libg.a(libc_a-gdtoa-gethex.o)
                              /usr/lib/gcc/arm-none-eabi/13.2.1/../../../arm-none-eabi/lib/thumb/v6-m/nofp/libg.a(libc_a-strtod.o) (__gethex)
/usr/lib/gcc/arm-none-eabi/13.2.1/../../../arm-none-eabi/lib/thumb/v6-m/nofp/libg.a(libc_a-mbtowc_r.o)
                              /usr/lib/gcc/arm-none-eabi/13.2.1/../../../arm-none-eabi/lib/thumb/v6-m/nofp/libg.a(libc_a-locale.o) (__ascii_mbtowc)
/usr/lib/gcc/arm-none-eabi/13.2.1/../../../arm-none-eabi/lib/thumb/v6-m/nofp/libg.a(libc_a-strncmp.o)
                              /usr/lib/gcc/arm-none-eabi/13.2.1/../../../arm-none-eabi/lib/thumb/v6-m/nofp/libg.a(libc_a-strtod.o) (strncmp)
/usr/lib/gcc/arm-none-eabi/13.2.1/../../../arm-none-eabi/lib/thumb/v6-m/nofp/libg.a(libc_a-memmove.o)
                              CMakeFiles/railroad_scanner.dir/src/main.cpp.o (memmove)
/usr/lib/gcc/arm-none-eabi/13.2.1/../../../arm-none-eabi/lib/thumb/v6-m/nofp/libg.a(libc_a-calloc.o)
                              CMakeFiles/railroad_scanner.dir/home/karl/pico-sdk/src/rp2_common/pico_malloc/malloc.c.o (calloc)
/usr/lib/gcc/arm-none-eabi/13.2.1/../../../arm-none-eabi/lib/thumb/v6-m/nofp/libg.a(libc_a-errno.o)
                              /usr/lib/gcc/arm-none-eabi/13.2.1/../../../arm-none-eabi/lib/thumb/v6-m/nofp/libg.a(libc_a-strtod.o) (__errno)
/usr/lib/gcc/arm-none-eabi/13.2.1/../../../arm-none-eabi/lib/thumb/v6-m/nofp/libg.a(libc_a-impure.o)
                              /usr/lib/gcc/arm-none-eabi/13.2.1/../../../arm-none-eabi/lib/thumb/v6-m/nofp/libg.a(libc_a-strtok.o) (_impure_ptr)
/usr/lib/gcc/arm-none-eabi/13.2.1/../../../arm-none-eabi/lib/thumb/v6-m/nofp/libg.a(libc_a-callocr.o)
                              /usr/lib/gcc/arm-none-eabi/13.2.1/../../../arm-none-eabi/lib/thumb/v6-m/nofp/libg.a(libc_a-calloc.o) (_calloc_r)
/usr/lib/gcc/arm-none-eabi/13.2.1/../../../arm-none-eabi/lib/thumb/v6-m/nofp/libg.a(libc_a-realloc.o)
                              CMakeFiles/railroad_scanner.dir/home/karl/pico-sdk/src/rp2_common/pico_malloc/malloc.c.o (realloc)
/usr/lib/gcc/arm-none-eabi/13.2.1/../../../arm-none-eabi/lib/thumb/v6-m/nofp/libg.a(libc_a-mallocr.o)
                              /usr/lib/gcc/arm-none-eabi/13.2.1/../../../arm-none-eabi/lib/thumb/v6-m/nofp/libg.a(libc_a-callocr.o) (_malloc_r)
/usr/lib/gcc/arm-none-eabi/13.2.1/../../../arm-none-eabi/lib/thumb/v6-m/nofp/libg.a(libc_a-freer.o)
                              /usr/lib/gcc/arm-none-eabi/13.2.1/../../../arm-none-eabi/lib/thumb/v6-m/nofp/libg.a(libc_a-mallocr.o) (_free_r)
/usr/lib/gcc/arm-none-eabi/13.2.1/../../../arm-none-eabi/lib/thumb/v6-m/nofp/libg.a(libc_a-strtok_r.o)
                              /usr/lib/gcc/arm-none-eabi/13.2.1/../../../arm-none-eabi/lib/thumb/v6-m/nofp/libg.a(libc_a-strtok.o) (__strtok_r)
/usr/lib/gcc/arm-none-eabi/13.2.1/../../../arm-none-eabi/lib/thumb/v6-m/nofp/libg.a(libc_a-memcmp.o)
                              CMakeFiles/railroad_scanner.dir/home/karl/pico-sdk/src/rp2_common/pico_atomic/atomic.c.o (memcmp)
/usr/lib/gcc/arm-none-eabi/13.2.1/../../../arm-none-eabi/lib/thumb/v6-m/nofp/libg.a(libc_a-wctomb_r.o)
                              /usr/lib/gcc/arm-none-eabi/13.2.1/../../../arm-none-eabi/lib/thumb/v6-m/nofp/libg.a(libc_a-locale.o) (__ascii_wctomb)
/usr/lib/gcc/arm-none-eabi/13.2.1/../../../arm-none-eabi/lib/thumb/v6-m/nofp/libg.a(libc_a-malloc.o)
                              CMakeFiles/railroad_scanner.dir/home/karl/pico-sdk/src/rp2_common/pico_malloc/malloc.c.o (malloc)
[...]
Memory Configuration

Name             Origin             Length             Attributes
FLASH            0x10000000         0x00200000         xr
RAM              0x20000000         0x00040000         xrw
SCRATCH_X        0x20040000         0x00001000         xrw
SCRATCH_Y        0x20041000         0x00001000         xrw
*default*        0x00000000         0xffffffff

Linker script and memory map

LOAD /usr/lib/gcc/arm-none-eabi/13.2.1/thumb/v6-m/nofp/crti.o
LOAD /usr/lib/gcc/arm-none-eabi/13.2.1/thumb/v6-m/nofp/crtbegin.o
LOAD /usr/lib/gcc/arm-none-eabi/13.2.1/../../../arm-none-eabi/lib/thumb/v6-m/nofp/crt0.o

.flash_begin    0x10000000        0x0
                0x10000000                        __flash_binary_start = .

.boot2          0x10000000      0x100
                0x10000000                        __boot2_start__ = .
 *(.boot2)
 .boot2         0x10000000      0x100 pico-sdk/src/rp2040/boot_stage2/CMakeFiles/bs2_default_library.dir/bs2_default_padded_checksummed.S.o
                0x10000100                        __boot2_end__ = .
                0x00000001                        ASSERT (((__boot2_end__ - __boot2_start__) == 0x100), ERROR: Pico second stage bootloader must be 256 bytes in size)

.text           0x10000100     0xa348
                0x10000100                        __logical_binary_start = .
 *(.vectors)
 .vectors       0x10000100       0xd4 CMakeFiles/railroad_scanner.dir/home/karl/pico-sdk/src/rp2_common/pico_crt0/crt0.S.o
                0x10000100                __vectors
                0x10000100                __VECTOR_TABLE
                0x100001c0                isr_irq30
                0x100001c0                __unhandled_user_irq
                0x100001c0                isr_irq13
                0x100001c0                isr_irq27
                0x100001c0                isr_irq31
                0x100001c0                isr_irq5
                0x100001c0                isr_irq11
                0x100001c0                isr_irq23
                0x100001c0                isr_irq18
                0x100001c0                isr_irq28
                0x100001c0                isr_irq19
                0x100001c0                isr_irq0
                0x100001c0                isr_irq6
                0x100001c0                isr_irq22
                0x100001c0                isr_irq17
                0x100001c0                isr_irq14
                0x100001c0                __vectors_end
                0x100001c0                __default_isrs_start
                0x100001c0                isr_irq2
                0x100001c0                isr_irq10
                0x100001c0                isr_irq8
                0x100001c0                isr_irq24
                0x100001c0                isr_irq1
                0x100001c0                isr_irq7
                0x100001c0                isr_irq21
                0x100001c0                isr_irq20
                0x100001c0                isr_irq15
                0x100001c0                isr_irq25
                0x100001c0                isr_irq4
                0x100001c0                isr_irq16
                0x100001c0                isr_irq29
                0x100001c0                isr_irq26
                0x100001c0                isr_irq3
                0x100001c0                isr_irq12
                0x100001c0                isr_irq9
                0x100001c6                unhandled_user_irq_num_in_r0
                0x100001c8                isr_invalid
                0x100001ca                isr_nmi
                0x100001cc                isr_hardfault
                0x100001ce                isr_svcall
                0x100001d0                isr_pendsv
                0x100001d2                isr_systick
                0x100001d4                __default_isrs_end
 *(.binary_info_header)
 .binary_info_header
                0x100001d4       0x14 CMakeFiles/railroad_scanner.dir/home/karl/pico-sdk/src/rp2_common/pico_crt0/crt0.S.o
                0x100001e8                        __binary_info_header_end = .
 *(.embedded_block)
                0x100001e8                        __embedded_block_end = .
 *(.reset)
 .reset         0x100001e8       0x9c CMakeFiles/railroad_scanner.dir/home/karl/pico-sdk/src/rp2_common/pico_crt0/crt0.S.o
                0x100001e8                _entry_point
 *(.init)
 .init          0x10000284        0x4 /usr/lib/gcc/arm-none-eabi/13.2.1/thumb/v6-m/nofp/crti.o
                0x10000284                _init
 *(EXCLUDE_FILE(*libm.a: *libc.a:*lib_a-mem*.o *libgcc.a:) .text*)
 .text          0x10000288       0x98 /usr/lib/gcc/arm-none-eabi/13.2.1/thumb/v6-m/nofp/crtbegin.o
 .text.uart_getc
                0x10000320       0x24 CMakeFiles/railroad_scanner.dir/src/main.cpp.o
 .text._ZL14oled_draw_charhhc
                0x10000344       0x50 CMakeFiles/railroad_scanner.dir/src/main.cpp.o
 .text._ZL16oled_draw_stringhhPKc
                0x10000394       0x26 CMakeFiles/railroad_scanner.dir/src/main.cpp.o
 *fill*         0x100003ba        0x2 
 .text._ZL19oled_draw_separatorh
                0x100003bc       0x1c CMakeFiles/railroad_scanner.dir/src/main.cpp.o
 .text.i2c_write_timeout_us
                0x100003d8       0x54 CMakeFiles/railroad_scanner.dir/src/main.cpp.o
 .text._ZL14oled_write_cmdh
                0x1000042c       0x2c CMakeFiles/railroad_scanner.dir/src/main.cpp.o
 .text._ZL9oled_initv
                0x10000458       0xa0 CMakeFiles/railroad_scanner.dir/src/main.cpp.o
 .text._ZL20scanner_send_triggerv
                0x100004f8       0xbc CMakeFiles/railroad_scanner.dir/src/main.cpp.o
 .text._ZL16scanner_readlinePcim
                0x100005b4       0xac CMakeFiles/railroad_scanner.dir/src/main.cpp.o
 .text._ZL10oled_clearv
                0x10000660       0x14 CMakeFiles/railroad_scanner.dir/src/main.cpp.o
 .text._ZL4trimPc
                0x10000674       0x30 CMakeFiles/railroad_scanner.dir/src/main.cpp.o
 .text._ZL14parse_car_dataPKcP7CarData
                0x100006a4      0x120 CMakeFiles/railroad_scanner.dir/src/main.cpp.o
 .text._ZL10oled_flushv
                0x100007c4       0x78 CMakeFiles/railroad_scanner.dir/src/main.cpp.o
 .text._ZL16display_car_dataPK7CarData
                0x1000083c       0x84 CMakeFiles/railroad_scanner.dir/src/main.cpp.o
 .text._ZL13display_errorPKc
                0x100008c0       0x40 CMakeFiles/railroad_scanner.dir/src/main.cpp.o
 .text._ZL14display_splashv
                0x10000900       0x60 CMakeFiles/railroad_scanner.dir/src/main.cpp.o
 .text.main     0x10000960      0x1a4 CMakeFiles/railroad_scanner.dir/src/main.cpp.o
                0x10000960                main
 .text.gpio_set_function
                0x10000b04       0x34 CMakeFiles/railroad_scanner.dir/home/karl/pico-sdk/src/rp2_common/hardware_gpio/gpio.c.o
                0x10000b04                gpio_set_function
 .text.gpio_set_pulls
                0x10000b38       0x38 CMakeFiles/railroad_scanner.dir/home/karl/pico-sdk/src/rp2_common/hardware_gpio/gpio.c.o
                0x10000b38                gpio_set_pulls
 .text.gpio_init
                0x10000b70       0x16 CMakeFiles/railroad_scanner.dir/home/karl/pico-sdk/src/rp2_common/hardware_gpio/gpio.c.o
                0x10000b70                gpio_init
 *fill*         0x10000b86        0x2 
 .text.rp2040_chip_version
                0x10000b88       0x54 CMakeFiles/railroad_scanner.dir/home/karl/pico-sdk/src/rp2040/pico_platform/platform.c.o
                0x10000b88                rp2040_chip_version
 .text.panic    0x10000bdc       0x30 CMakeFiles/railroad_scanner.dir/home/karl/pico-sdk/src/rp2_common/pico_platform_panic/panic.c.o
                0x10000bdc                panic
 .text.hw_claim_lock
                0x10000c0c       0x18 CMakeFiles/railroad_scanner.dir/home/karl/pico-sdk/src/common/hardware_claim/claim.c.o
                0x10000c0c                hw_claim_lock
 .text.hw_claim_unlock
                0x10000c24       0x14 CMakeFiles/railroad_scanner.dir/home/karl/pico-sdk/src/common/hardware_claim/claim.c.o
                0x10000c24                hw_claim_unlock
 .text.hw_claim_or_assert
                0x10000c38       0x32 CMakeFiles/railroad_scanner.dir/home/karl/pico-sdk/src/common/hardware_claim/claim.c.o
                0x10000c38                hw_claim_or_assert
 .text.hw_claim_unused_from_range
                0x10000c6a       0x50 CMakeFiles/railroad_scanner.dir/home/karl/pico-sdk/src/common/hardware_claim/claim.c.o
                0x10000c6a                hw_claim_unused_from_range
 *fill*         0x10000cba        0x2 
 .text.next_striped_spin_lock_num
                0x10000cbc       0x1c CMakeFiles/railroad_scanner.dir/home/karl/pico-sdk/src/rp2_common/hardware_sync/sync.c.o
                0x10000cbc                next_striped_spin_lock_num
 .text.spin_lock_claim_unused
                0x10000cd8       0x24 CMakeFiles/railroad_scanner.dir/home/karl/pico-sdk/src/rp2_common/hardware_sync/sync.c.o
                0x10000cd8                spin_lock_claim_unused
 .text.spin_locks_reset
                0x10000cfc       0x20 CMakeFiles/railroad_scanner.dir/home/karl/pico-sdk/src/rp2_common/hardware_sync_spin_lock/sync_spin_lock.c.o
                0x10000cfc                spin_locks_reset
 .text.set_raw_irq_handler_and_unlock
                0x10000d1c       0x28 CMakeFiles/railroad_scanner.dir/home/karl/pico-sdk/src/rp2_common/hardware_irq/irq.c.o
 .text.nvic_ipr0
                0x10000d44        0x8 CMakeFiles/railroad_scanner.dir/home/karl/pico-sdk/src/rp2_common/hardware_irq/irq.c.o
 .text.runtime_init_per_core_irq_priorities
                0x10000d4c       0x1c CMakeFiles/railroad_scanner.dir/home/karl/pico-sdk/src/rp2_common/hardware_irq/irq.c.o
                0x10000d4c                runtime_init_per_core_irq_priorities
 .text.resolve_j_16
                0x10000d68       0x30 CMakeFiles/railroad_scanner.dir/home/karl/pico-sdk/src/rp2_common/hardware_irq/irq.c.o
 .text.make_j_16
                0x10000d98       0x48 CMakeFiles/railroad_scanner.dir/home/karl/pico-sdk/src/rp2_common/hardware_irq/irq.c.o
 .text.irq_is_enabled
                0x10000de0       0x18 CMakeFiles/railroad_scanner.dir/home/karl/pico-sdk/src/rp2_common/hardware_irq/irq.c.o
                0x10000de0                irq_is_enabled
 .text.irq_set_mask_n_enabled
                0x10000df8       0x1c CMakeFiles/railroad_scanner.dir/home/karl/pico-sdk/src/rp2_common/hardware_irq/irq.c.o
                0x10000df8                irq_set_mask_n_enabled
 .text.irq_set_enabled
                0x10000e14       0x14 CMakeFiles/railroad_scanner.dir/home/karl/pico-sdk/src/rp2_common/hardware_irq/irq.c.o
                0x10000e14                irq_set_enabled
 .text.irq_set_pending
                0x10000e28       0x10 CMakeFiles/railroad_scanner.dir/home/karl/pico-sdk/src/rp2_common/hardware_irq/irq.c.o
                0x10000e28                irq_set_pending
 .text.irq_get_vtable_handler
                0x10000e38       0x10 CMakeFiles/railroad_scanner.dir/home/karl/pico-sdk/src/rp2_common/hardware_irq/irq.c.o
                0x10000e38                irq_get_vtable_handler
 .text.irq_has_shared_handler
                0x10000e48       0x1c CMakeFiles/railroad_scanner.dir/home/karl/pico-sdk/src/rp2_common/hardware_irq/irq.c.o
                0x10000e48                irq_has_shared_handler
 .text.irq_set_exclusive_handler
                0x10000e64       0x54 CMakeFiles/railroad_scanner.dir/home/karl/pico-sdk/src/rp2_common/hardware_irq/irq.c.o
                0x10000e64                irq_set_exclusive_handler
 .text.irq_add_shared_handler
                0x10000eb8      0x218 CMakeFiles/railroad_scanner.dir/home/karl/pico-sdk/src/rp2_common/hardware_irq/irq.c.o
                0x10000eb8                irq_add_shared_handler
 .text.irq_add_tail_to_free_list
                0x100010d0       0xf4 CMakeFiles/railroad_scanner.dir/home/karl/pico-sdk/src/rp2_common/hardware_irq/irq.c.o
                0x100010d0                irq_add_tail_to_free_list
 .text.user_irq_claim_unused
                0x100011c4       0x2c CMakeFiles/railroad_scanner.dir/home/karl/pico-sdk/src/rp2_common/hardware_irq/irq.c.o
                0x100011c4                user_irq_claim_unused
 .text.lock_init
                0x100011f0       0x10 CMakeFiles/railroad_scanner.dir/home/karl/pico-sdk/src/common/pico_sync/lock_core.c.o
                0x100011f0                lock_init
 .text.mutex_init
                0x10001200       0x1a CMakeFiles/railroad_scanner.dir/home/karl/pico-sdk/src/common/pico_sync/mutex.c.o
                0x10001200                mutex_init
 .text.recursive_mutex_init
                0x1000121a       0x1e CMakeFiles/railroad_scanner.dir/home/karl/pico-sdk/src/common/pico_sync/mutex.c.o
                0x1000121a                recursive_mutex_init
 .text.runtime_init_mutex
                0x10001238       0x4c CMakeFiles/railroad_scanner.dir/home/karl/pico-sdk/src/common/pico_sync/mutex.c.o
                0x10001238                runtime_init_mutex
 .text.critical_section_init_with_lock_num
                0x10001284       0x14 CMakeFiles/railroad_scanner.dir/home/karl/pico-sdk/src/common/pico_sync/critical_section.c.o
                0x10001284                critical_section_init_with_lock_num
 .text.critical_section_init
                0x10001298       0x14 CMakeFiles/railroad_scanner.dir/home/karl/pico-sdk/src/common/pico_sync/critical_section.c.o
                0x10001298                critical_section_init
 .text.ta_set_timeout
                0x100012ac       0x24 CMakeFiles/railroad_scanner.dir/home/karl/pico-sdk/src/common/pico_time/time.c.o
 .text.make_alarm_id
                0x100012d0        0x6 CMakeFiles/railroad_scanner.dir/home/karl/pico-sdk/src/common/pico_time/time.c.o
 *fill*         0x100012d6        0x2 
 .text.sleep_until_callback
                0x100012d8       0x30 CMakeFiles/railroad_scanner.dir/home/karl/pico-sdk/src/common/pico_time/time.c.o
 .text.alarm_pool_irq_handler
                0x10001308      0x2e8 CMakeFiles/railroad_scanner.dir/home/karl/pico-sdk/src/common/pico_time/time.c.o
 .text.ta_enable_irq_handler
                0x100015f0       0x2c CMakeFiles/railroad_scanner.dir/home/karl/pico-sdk/src/common/pico_time/time.c.o
 .text.alarm_pool_post_alloc_init
                0x1000161c       0x78 CMakeFiles/railroad_scanner.dir/home/karl/pico-sdk/src/common/pico_time/time.c.o
 .text.alarm_pool_get_default
                0x10001694       0x2c CMakeFiles/railroad_scanner.dir/home/karl/pico-sdk/src/common/pico_time/time.c.o
                0x10001694                alarm_pool_get_default
 .text.alarm_pool_add_alarm_at_force_in_context
                0x100016c0       0xa4 CMakeFiles/railroad_scanner.dir/home/karl/pico-sdk/src/common/pico_time/time.c.o
                0x100016c0                alarm_pool_add_alarm_at_force_in_context
 .text.alarm_pool_add_alarm_at
                0x10001764       0x3c CMakeFiles/railroad_scanner.dir/home/karl/pico-sdk/src/common/pico_time/time.c.o
                0x10001764                alarm_pool_add_alarm_at
 .text.add_alarm_at
                0x100017a0       0x2e CMakeFiles/railroad_scanner.dir/home/karl/pico-sdk/src/common/pico_time/time.c.o
 *fill*         0x100017ce        0x2 
 .text.alarm_pool_cancel_alarm
                0x100017d0       0x78 CMakeFiles/railroad_scanner.dir/home/karl/pico-sdk/src/common/pico_time/time.c.o
                0x100017d0                alarm_pool_cancel_alarm
 .text.cancel_alarm
                0x10001848       0x10 CMakeFiles/railroad_scanner.dir/home/karl/pico-sdk/src/common/pico_time/time.c.o
 .text.alarm_pool_core_num
                0x10001858        0x4 CMakeFiles/railroad_scanner.dir/home/karl/pico-sdk/src/common/pico_time/time.c.o
                0x10001858                alarm_pool_core_num
 .text.sleep_until
                0x1000185c       0xc0 CMakeFiles/railroad_scanner.dir/home/karl/pico-sdk/src/common/pico_time/time.c.o
                0x1000185c                sleep_until
 .text.sleep_us
                0x1000191c       0x24 CMakeFiles/railroad_scanner.dir/home/karl/pico-sdk/src/common/pico_time/time.c.o
                0x1000191c                sleep_us
 .text.sleep_ms
                0x10001940       0x14 CMakeFiles/railroad_scanner.dir/home/karl/pico-sdk/src/common/pico_time/time.c.o
                0x10001940                sleep_ms
 .text.best_effort_wfe_or_timeout
                0x10001954      0x12c CMakeFiles/railroad_scanner.dir/home/karl/pico-sdk/src/common/pico_time/time.c.o
                0x10001954                best_effort_wfe_or_timeout
 .text.alarm_pool_get_default_timer
                0x10001a80        0x8 CMakeFiles/railroad_scanner.dir/home/karl/pico-sdk/src/common/pico_time/time.c.o
                0x10001a80                alarm_pool_get_default_timer
 .text.runtime_init_default_alarm_pool
                0x10001a88       0x38 CMakeFiles/railroad_scanner.dir/home/karl/pico-sdk/src/common/pico_time/time.c.o
                0x10001a88                runtime_init_default_alarm_pool
 .text.check_single_timeout_us
                0x10001ac0       0x2c CMakeFiles/railroad_scanner.dir/home/karl/pico-sdk/src/common/pico_time/timeout_helper.c.o
 .text.init_single_timeout_until
                0x10001aec        0xc CMakeFiles/railroad_scanner.dir/home/karl/pico-sdk/src/common/pico_time/timeout_helper.c.o
                0x10001aec                init_single_timeout_until
 .text.timer_hardware_alarm_claim
                0x10001af8       0x14 CMakeFiles/railroad_scanner.dir/home/karl/pico-sdk/src/rp2_common/hardware_timer/timer.c.o
                0x10001af8                timer_hardware_alarm_claim
 .text.timer_time_us_64
                0x10001b0c       0x10 CMakeFiles/railroad_scanner.dir/home/karl/pico-sdk/src/rp2_common/hardware_timer/timer.c.o
                0x10001b0c                timer_time_us_64
 .text.timer_busy_wait_until
                0x10001b1c       0x1a CMakeFiles/railroad_scanner.dir/home/karl/pico-sdk/src/rp2_common/hardware_timer/timer.c.o
                0x10001b1c                timer_busy_wait_until
 .text.timer_busy_wait_us
                0x10001b36       0x38 CMakeFiles/railroad_scanner.dir/home/karl/pico-sdk/src/rp2_common/hardware_timer/timer.c.o
                0x10001b36                timer_busy_wait_us
 *fill*         0x10001b6e        0x2 
 .text.time_us_64
                0x10001b70       0x10 CMakeFiles/railroad_scanner.dir/home/karl/pico-sdk/src/rp2_common/hardware_timer/timer.c.o
                0x10001b70                time_us_64
 .text.busy_wait_us
                0x10001b80       0x14 CMakeFiles/railroad_scanner.dir/home/karl/pico-sdk/src/rp2_common/hardware_timer/timer.c.o
                0x10001b80                busy_wait_us
 .text.busy_wait_until
                0x10001b94       0x14 CMakeFiles/railroad_scanner.dir/home/karl/pico-sdk/src/rp2_common/hardware_timer/timer.c.o
                0x10001b94                busy_wait_until
 .text.uart_unreset
                0x10001ba8       0x2c CMakeFiles/railroad_scanner.dir/home/karl/pico-sdk/src/rp2_common/hardware_uart/uart.c.o
 .text.uart_disable_before_lcr_write
                0x10001bd4       0x48 CMakeFiles/railroad_scanner.dir/home/karl/pico-sdk/src/rp2_common/hardware_uart/uart.c.o
 .text.uart_write_lcr_bits_masked
                0x10001c1c       0x20 CMakeFiles/railroad_scanner.dir/home/karl/pico-sdk/src/rp2_common/hardware_uart/uart.c.o
 .text.uart_set_baudrate
                0x10001c3c       0x5c CMakeFiles/railroad_scanner.dir/home/karl/pico-sdk/src/rp2_common/hardware_uart/uart.c.o
                0x10001c3c                uart_set_baudrate
 .text.uart_set_translate_crlf
                0x10001c98       0x28 CMakeFiles/railroad_scanner.dir/home/karl/pico-sdk/src/rp2_common/hardware_uart/uart.c.o
                0x10001c98                uart_set_translate_crlf
 .text.uart_init
                0x10001cc0       0x64 CMakeFiles/railroad_scanner.dir/home/karl/pico-sdk/src/rp2_common/hardware_uart/uart.c.o
                0x10001cc0                uart_init
 .text.clock_configure_internal
                0x10001d24       0xc4 CMakeFiles/railroad_scanner.dir/home/karl/pico-sdk/src/rp2_common/hardware_clocks/clocks.c.o
 .text.clock_configure_int_divider
                0x10001de8       0x28 CMakeFiles/railroad_scanner.dir/home/karl/pico-sdk/src/rp2_common/hardware_clocks/clocks.c.o
                0x10001de8                clock_configure_int_divider
 .text.clock_configure_undivided
                0x10001e10       0x12 CMakeFiles/railroad_scanner.dir/home/karl/pico-sdk/src/rp2_common/hardware_clocks/clocks.c.o
                0x10001e10                clock_configure_undivided
 *fill*         0x10001e22        0x2 
 .text.clock_get_hz
                0x10001e24        0xc CMakeFiles/railroad_scanner.dir/home/karl/pico-sdk/src/rp2_common/hardware_clocks/clocks.c.o
                0x10001e24                clock_get_hz
 .text.pll_init
                0x10001e30      0x124 CMakeFiles/railroad_scanner.dir/home/karl/pico-sdk/src/rp2_common/hardware_pll/pll.c.o
                0x10001e30                pll_init
 .text.watchdog_update
                0x10001f54       0x14 CMakeFiles/railroad_scanner.dir/home/karl/pico-sdk/src/rp2_common/hardware_watchdog/watchdog.c.o
                0x10001f54                watchdog_update
 .text._watchdog_enable
                0x10001f68       0x78 CMakeFiles/railroad_scanner.dir/home/karl/pico-sdk/src/rp2_common/hardware_watchdog/watchdog.c.o
                0x10001f68                _watchdog_enable
 .text.watchdog_reboot
                0x10001fe0       0x48 CMakeFiles/railroad_scanner.dir/home/karl/pico-sdk/src/rp2_common/hardware_watchdog/watchdog.c.o
                0x10001fe0                watchdog_reboot
 .text.tick_start
                0x10002028       0x10 CMakeFiles/railroad_scanner.dir/home/karl/pico-sdk/src/rp2_common/hardware_ticks/ticks.c.o
                0x10002028                tick_start
 .text.rom_func_lookup
                0x10002038       0x10 CMakeFiles/railroad_scanner.dir/home/karl/pico-sdk/src/rp2_common/pico_bootrom/bootrom.c.o
                0x10002038                rom_func_lookup
 .text.rom_data_lookup
                0x10002048       0x10 CMakeFiles/railroad_scanner.dir/home/karl/pico-sdk/src/rp2_common/pico_bootrom/bootrom.c.o
                0x10002048                rom_data_lookup
 .text.rom_funcs_lookup
                0x10002058       0x36 CMakeFiles/railroad_scanner.dir/home/karl/pico-sdk/src/rp2_common/pico_bootrom/bootrom.c.o
                0x10002058                rom_funcs_lookup
 *fill*         0x1000208e        0x2 
 .text.rom_reset_usb_boot_extra
                0x10002090       0x24 CMakeFiles/railroad_scanner.dir/home/karl/pico-sdk/src/rp2_common/pico_bootrom/bootrom.c.o
                0x10002090                rom_reset_usb_boot_extra
 .text.xosc_init
                0x100020b4       0x2c CMakeFiles/railroad_scanner.dir/home/karl/pico-sdk/src/rp2_common/hardware_xosc/xosc.c.o
                0x100020b4                xosc_init
 .text.runtime_run_initializers_from
                0x100020e0       0x18 CMakeFiles/railroad_scanner.dir/home/karl/pico-sdk/src/rp2_common/pico_runtime/runtime.c.o
 .text.first_per_core_initializer
                0x100020f8        0x2 CMakeFiles/railroad_scanner.dir/home/karl/pico-sdk/src/rp2_common/pico_runtime/runtime.c.o
 *fill*         0x100020fa        0x2 
 .text.runtime_run_initializers
                0x100020fc       0x10 CMakeFiles/railroad_scanner.dir/home/karl/pico-sdk/src/rp2_common/pico_runtime/runtime.c.o
                0x100020fc                runtime_run_initializers
 .text.runtime_init_early_resets
                0x1000210c       0x2c CMakeFiles/railroad_scanner.dir/home/karl/pico-sdk/src/rp2_common/pico_runtime_init/runtime_init.c.o
                0x1000210c                runtime_init_early_resets
 .text.runtime_init_usb_power_down
                0x10002138       0x1c CMakeFiles/railroad_scanner.dir/home/karl/pico-sdk/src/rp2_common/pico_runtime_init/runtime_init.c.o
                0x10002138                runtime_init_usb_power_down
 .text.runtime_init_post_clock_resets
                0x10002154       0x20 CMakeFiles/railroad_scanner.dir/home/karl/pico-sdk/src/rp2_common/pico_runtime_init/runtime_init.c.o
                0x10002154                runtime_init_post_clock_resets
 .text.runtime_init_rp2040_gpio_ie_disable
                0x10002174       0x14 CMakeFiles/railroad_scanner.dir/home/karl/pico-sdk/src/rp2_common/pico_runtime_init/runtime_init.c.o
                0x10002174                runtime_init_rp2040_gpio_ie_disable
 .text.runtime_init_spin_locks_reset
                0x10002188        0x8 CMakeFiles/railroad_scanner.dir/home/karl/pico-sdk/src/rp2_common/pico_runtime_init/runtime_init.c.o
                0x10002188                runtime_init_spin_locks_reset
 .text.runtime_init_install_ram_vector_table
                0x10002190       0x48 CMakeFiles/railroad_scanner.dir/home/karl/pico-sdk/src/rp2_common/pico_runtime_init/runtime_init.c.o
                0x10002190                runtime_init_install_ram_vector_table
 .text.start_all_ticks
                0x100021d8       0x28 CMakeFiles/railroad_scanner.dir/home/karl/pico-sdk/src/rp2_common/pico_runtime_init/runtime_init_clocks.c.o
 .text.runtime_init_clocks
                0x10002200       0xcc CMakeFiles/railroad_scanner.dir/home/karl/pico-sdk/src/rp2_common/pico_runtime_init/runtime_init_clocks.c.o
                0x10002200                runtime_init_clocks
 .text          0x100022cc       0x10 CMakeFiles/railroad_scanner.dir/home/karl/pico-sdk/src/rp2_common/pico_bit_ops/bit_ops_aeabi.S.o
 .text.__wrap___aeabi_idiv
                0x100022dc       0x50 CMakeFiles/railroad_scanner.dir/home/karl/pico-sdk/src/rp2_common/pico_divider/divider_hardware.S.o
                0x100022dc                __wrap___aeabi_idivmod
                0x100022dc                divmod_s32s32
                0x100022dc                div_s32s32
                0x100022dc                __wrap___aeabi_idiv
                0x100022e4                divmod_s32s32_unsafe
                0x10002310                divmod_s32s32_savestate
 .text.__wrap___aeabi_uidiv
                0x1000232c       0x4c CMakeFiles/railroad_scanner.dir/home/karl/pico-sdk/src/rp2_common/pico_divider/divider_hardware.S.o
                0x1000232c                __wrap___aeabi_uidiv
                0x1000232c                __wrap___aeabi_uidivmod
                0x1000232c                div_u32u32
                0x1000232c                divmod_u32u32
                0x10002334                divmod_u32u32_unsafe
                0x1000235c                divmod_u32u32_savestate
 .text.__wrap___aeabi_ldiv
                0x10002378      0x424 CMakeFiles/railroad_scanner.dir/home/karl/pico-sdk/src/rp2_common/pico_divider/divider_hardware.S.o
                0x10002378                div_s64s64
                0x10002378                divmod_s64s64
                0x10002378                __wrap___aeabi_ldivmod
                0x100023a8                div_u64u64
                0x100023a8                divmod_u64u64
                0x100023a8                __wrap___aeabi_uldivmod
                0x100023b8                divmod_u64u64_savestate
                0x100023d8                divmod_s64s64_unsafe
                0x10002460                divmod_u64u64_unsafe
 .text.__wrap___aeabi_darithmetic
                0x1000279c       0x60 CMakeFiles/railroad_scanner.dir/home/karl/pico-sdk/src/rp2_common/pico_double/double_aeabi_rp2040.S.o
                0x1000279c                __wrap___aeabi_drsub
                0x100027a2                __wrap___aeabi_dsub
                0x100027ac                __wrap___aeabi_dadd
                0x100027b6                __wrap___aeabi_ddiv
                0x100027ea                __wrap___aeabi_dmul
 .text.__wrap___aeabi_cdcmple
                0x100027fc       0x6c CMakeFiles/railroad_scanner.dir/home/karl/pico-sdk/src/rp2_common/pico_double/double_aeabi_rp2040.S.o
                0x100027fc                __wrap___aeabi_cdrcmple
                0x1000280c                __wrap___aeabi_cdcmple
                0x1000280c                __wrap___aeabi_cdcmpeq
 .text.__wrap___aeabi_dcmpeq
                0x10002868       0x10 CMakeFiles/railroad_scanner.dir/home/karl/pico-sdk/src/rp2_common/pico_double/double_aeabi_rp2040.S.o
                0x10002868                __wrap___aeabi_dcmpeq
 .text.__wrap___aeabi_dcmplt
                0x10002878        0xc CMakeFiles/railroad_scanner.dir/home/karl/pico-sdk/src/rp2_common/pico_double/double_aeabi_rp2040.S.o
                0x10002878                __wrap___aeabi_dcmplt
 .text.__wrap___aeabi_dcmple
                0x10002884       0x10 CMakeFiles/railroad_scanner.dir/home/karl/pico-sdk/src/rp2_common/pico_double/double_aeabi_rp2040.S.o
                0x10002884                __wrap___aeabi_dcmple
 .text.__wrap___aeabi_dcmpge
                0x10002894       0x10 CMakeFiles/railroad_scanner.dir/home/karl/pico-sdk/src/rp2_common/pico_double/double_aeabi_rp2040.S.o
                0x10002894                __wrap___aeabi_dcmpge
 .text.__wrap___aeabi_dcmpgt
                0x100028a4        0xa CMakeFiles/railroad_scanner.dir/home/karl/pico-sdk/src/rp2_common/pico_double/double_aeabi_rp2040.S.o
                0x100028a4                __wrap___aeabi_dcmpgt
 .text.__wrap___aeabi_dcmpun
                0x100028ae       0x18 CMakeFiles/railroad_scanner.dir/home/karl/pico-sdk/src/rp2_common/pico_double/double_aeabi_rp2040.S.o
                0x100028ae                __wrap___aeabi_dcmpun
 *fill*         0x100028c6        0x2 
 .text.__wrap___aeabi_i2d
                0x100028c8       0x38 CMakeFiles/railroad_scanner.dir/home/karl/pico-sdk/src/rp2_common/pico_double/double_aeabi_rp2040.S.o
                0x100028c8                __wrap___aeabi_ui2d
                0x100028c8                uint2double
                0x100028d0                __wrap___aeabi_i2d
                0x100028d0                int2double
 .text.__wrap___aeabi_d2iz
                0x10002900       0x48 CMakeFiles/railroad_scanner.dir/home/karl/pico-sdk/src/rp2_common/pico_double/double_aeabi_rp2040.S.o
                0x10002900                __wrap___aeabi_d2iz
                0x10002900                double2int_z
 .text.__wrap___aeabi_d2uiz
                0x10002948       0x10 CMakeFiles/railroad_scanner.dir/home/karl/pico-sdk/src/rp2_common/pico_double/double_aeabi_rp2040.S.o
                0x10002948                double2uint_z
                0x10002948                double2uint
                0x10002948                __wrap___aeabi_d2uiz
 .text.__wrap___aeabi_l2d
                0x10002958       0x10 CMakeFiles/railroad_scanner.dir/home/karl/pico-sdk/src/rp2_common/pico_double/double_aeabi_rp2040.S.o
                0x10002958                __wrap___aeabi_l2d
                0x10002958                int642double
 .text.__wrap___aeabi_d2lz
                0x10002968       0x26 CMakeFiles/railroad_scanner.dir/home/karl/pico-sdk/src/rp2_common/pico_double/double_aeabi_rp2040.S.o
                0x10002968                __wrap___aeabi_d2lz
                0x10002968                double2int64_z
 *fill*         0x1000298e        0x2 
 .text.double2int64
                0x10002990       0x10 CMakeFiles/railroad_scanner.dir/home/karl/pico-sdk/src/rp2_common/pico_double/double_aeabi_rp2040.S.o
                0x10002990                double2int64
 .text.double2ufix64
                0x100029a0       0x10 CMakeFiles/railroad_scanner.dir/home/karl/pico-sdk/src/rp2_common/pico_double/double_aeabi_rp2040.S.o
                0x100029a0                double2ufix64
                0x100029a0                double2ufix64_z
 .text.__wrap___aeabi_d2f
                0x100029b0       0x10 CMakeFiles/railroad_scanner.dir/home/karl/pico-sdk/src/rp2_common/pico_double/double_aeabi_rp2040.S.o
                0x100029b0                __wrap___aeabi_d2f
 .text.missing_double_func_shim
                0x100029c0        0xc CMakeFiles/railroad_scanner.dir/home/karl/pico-sdk/src/rp2_common/pico_double/double_init_rom_rp2040.c.o
 .text.__aeabi_double_init
                0x100029cc       0xd0 CMakeFiles/railroad_scanner.dir/home/karl/pico-sdk/src/rp2_common/pico_double/double_init_rom_rp2040.c.o
                0x100029cc                __aeabi_double_init
 .text.double_table_shim_on_use_helper
                0x10002a9c       0x34 CMakeFiles/railroad_scanner.dir/home/karl/pico-sdk/src/rp2_common/pico_double/double_v1_rom_shim_rp2040.S.o
                0x10002a9c                double_table_shim_on_use_helper
 .text.__aeabi_lmul
                0x10002ad0       0x32 CMakeFiles/railroad_scanner.dir/home/karl/pico-sdk/src/rp2_common/pico_int64_ops/pico_int64_ops_aeabi.S.o
                0x10002ad0                __wrap___aeabi_lmul
 *fill*         0x10002b02        0x2 
 .text.__wrap___aeabi_cfcmple
                0x10002b04       0x50 CMakeFiles/railroad_scanner.dir/home/karl/pico-sdk/src/rp2_common/pico_float/float_aeabi_rp2040.S.o
                0x10002b04                __wrap___aeabi_cfrcmple
                0x10002b10                __wrap___aeabi_cfcmpeq
                0x10002b10                __wrap___aeabi_cfcmple
 .text.__wrap___aeabi_fcmplt
                0x10002b54        0xc CMakeFiles/railroad_scanner.dir/home/karl/pico-sdk/src/rp2_common/pico_float/float_aeabi_rp2040.S.o
                0x10002b54                __wrap___aeabi_fcmplt
 .text.__wrap___aeabi_fcmple
                0x10002b60       0x10 CMakeFiles/railroad_scanner.dir/home/karl/pico-sdk/src/rp2_common/pico_float/float_aeabi_rp2040.S.o
                0x10002b60                __wrap___aeabi_fcmple
 .text.__wrap___aeabi_fcmpun
                0x10002b70       0x18 CMakeFiles/railroad_scanner.dir/home/karl/pico-sdk/src/rp2_common/pico_float/float_aeabi_rp2040.S.o
                0x10002b70                __wrap___aeabi_fcmpun
 .text.__wrap___aeabi_f2d
                0x10002b88        0xc CMakeFiles/railroad_scanner.dir/home/karl/pico-sdk/src/rp2_common/pico_float/float_aeabi_rp2040.S.o
                0x10002b88                __wrap___aeabi_f2d
 .text.missing_float_func_shim
                0x10002b94        0xc CMakeFiles/railroad_scanner.dir/home/karl/pico-sdk/src/rp2_common/pico_float/float_init_rom_rp2040.c.o
 .text.__aeabi_float_init
                0x10002ba0       0x88 CMakeFiles/railroad_scanner.dir/home/karl/pico-sdk/src/rp2_common/pico_float/float_init_rom_rp2040.c.o
                0x10002ba0                __aeabi_float_init
 .text          0x10002c28       0x10 CMakeFiles/railroad_scanner.dir/home/karl/pico-sdk/src/rp2_common/pico_mem_ops/mem_ops_aeabi.S.o
                0x10002c28                __aeabi_mem_init
 .text.memset   0x10002c38        0xc CMakeFiles/railroad_scanner.dir/home/karl/pico-sdk/src/rp2_common/pico_mem_ops/mem_ops_aeabi.S.o
                0x10002c38                __wrap_memset
 .text.memcpy   0x10002c44        0xc CMakeFiles/railroad_scanner.dir/home/karl/pico-sdk/src/rp2_common/pico_mem_ops/mem_ops_aeabi.S.o
                0x10002c44                __wrap___aeabi_memcpy
                0x10002c44                __wrap_memcpy
 .text._out_buffer
                0x10002c50        0x8 CMakeFiles/railroad_scanner.dir/home/karl/pico-sdk/src/rp2_common/pico_printf/printf.c.o
 .text._out_null
                0x10002c58        0x2 CMakeFiles/railroad_scanner.dir/home/karl/pico-sdk/src/rp2_common/pico_printf/printf.c.o
 .text._out_fct
                0x10002c5a        0xe CMakeFiles/railroad_scanner.dir/home/karl/pico-sdk/src/rp2_common/pico_printf/printf.c.o
 .text._atoi    0x10002c68       0x24 CMakeFiles/railroad_scanner.dir/home/karl/pico-sdk/src/rp2_common/pico_printf/printf.c.o
 .text._out_rev
                0x10002c8c       0xae CMakeFiles/railroad_scanner.dir/home/karl/pico-sdk/src/rp2_common/pico_printf/printf.c.o
 .text._ntoa_format
                0x10002d3a      0x110 CMakeFiles/railroad_scanner.dir/home/karl/pico-sdk/src/rp2_common/pico_printf/printf.c.o
 .text._ntoa_long
                0x10002e4a       0xbc CMakeFiles/railroad_scanner.dir/home/karl/pico-sdk/src/rp2_common/pico_printf/printf.c.o
 .text._ntoa_long_long
                0x10002f06      0x10e CMakeFiles/railroad_scanner.dir/home/karl/pico-sdk/src/rp2_common/pico_printf/printf.c.o
 .text._etoa    0x10003014      0x420 CMakeFiles/railroad_scanner.dir/home/karl/pico-sdk/src/rp2_common/pico_printf/printf.c.o
 .text._ftoa    0x10003434      0x354 CMakeFiles/railroad_scanner.dir/home/karl/pico-sdk/src/rp2_common/pico_printf/printf.c.o
 .text._vsnprintf
                0x10003788      0x668 CMakeFiles/railroad_scanner.dir/home/karl/pico-sdk/src/rp2_common/pico_printf/printf.c.o
 .text.__wrap_snprintf
                0x10003df0       0x28 CMakeFiles/railroad_scanner.dir/home/karl/pico-sdk/src/rp2_common/pico_printf/printf.c.o
                0x10003df0                __wrap_snprintf
 .text.vfctprintf
                0x10003e18       0x20 CMakeFiles/railroad_scanner.dir/home/karl/pico-sdk/src/rp2_common/pico_printf/printf.c.o
                0x10003e18                vfctprintf
 .text._exit    0x10003e38        0x4 CMakeFiles/railroad_scanner.dir/home/karl/pico-sdk/src/rp2_common/pico_clib_interface/newlib_interface.c.o
                0x10003e38                _exit
 .text._sbrk    0x10003e3c       0x38 CMakeFiles/railroad_scanner.dir/home/karl/pico-sdk/src/rp2_common/pico_clib_interface/newlib_interface.c.o
                0x10003e3c                _sbrk
 .text.exit     0x10003e74        0x6 CMakeFiles/railroad_scanner.dir/home/karl/pico-sdk/src/rp2_common/pico_clib_interface/newlib_interface.c.o
                0x10003e74                exit
 *fill*         0x10003e7a        0x2 
 .text.__assert_func
                0x10003e7c       0x38 CMakeFiles/railroad_scanner.dir/home/karl/pico-sdk/src/rp2_common/pico_clib_interface/newlib_interface.c.o
                0x10003e7c                __assert_func
 .text.runtime_init
                0x10003eb4       0x28 CMakeFiles/railroad_scanner.dir/home/karl/pico-sdk/src/rp2_common/pico_clib_interface/newlib_interface.c.o
                0x10003eb4                runtime_init
 .text.stdio_out_chars_no_crlf
                0x10003edc        0xe CMakeFiles/railroad_scanner.dir/home/karl/pico-sdk/src/rp2_common/pico_stdio/stdio.c.o
 *fill*         0x10003eea        0x2 
 .text.stdio_out_chars_crlf
                0x10003eec       0x80 CMakeFiles/railroad_scanner.dir/home/karl/pico-sdk/src/rp2_common/pico_stdio/stdio.c.o
 .text.stdio_stack_buffer_flush
                0x10003f6c       0x44 CMakeFiles/railroad_scanner.dir/home/karl/pico-sdk/src/rp2_common/pico_stdio/stdio.c.o
 .text.stdio_buffered_printer
                0x10003fb0       0x20 CMakeFiles/railroad_scanner.dir/home/karl/pico-sdk/src/rp2_common/pico_stdio/stdio.c.o
 .text.stdout_serialize_begin
                0x10003fd0       0x30 CMakeFiles/railroad_scanner.dir/home/karl/pico-sdk/src/rp2_common/pico_stdio/stdio.c.o
                0x10003fd0                stdout_serialize_begin
 .text.stdout_serialize_end
                0x10004000       0x10 CMakeFiles/railroad_scanner.dir/home/karl/pico-sdk/src/rp2_common/pico_stdio/stdio.c.o
                0x10004000                stdout_serialize_end
 .text.stdio_put_string
                0x10004010       0x94 CMakeFiles/railroad_scanner.dir/home/karl/pico-sdk/src/rp2_common/pico_stdio/stdio.c.o
                0x10004010                stdio_put_string
 .text.stdio_set_driver_enabled
                0x100040a4       0x2c CMakeFiles/railroad_scanner.dir/home/karl/pico-sdk/src/rp2_common/pico_stdio/stdio.c.o
                0x100040a4                stdio_set_driver_enabled
 .text.stdio_flush
                0x100040d0       0x20 CMakeFiles/railroad_scanner.dir/home/karl/pico-sdk/src/rp2_common/pico_stdio/stdio.c.o
                0x100040d0                stdio_flush
 .text.stdio_init_all
                0x100040f0        0x8 CMakeFiles/railroad_scanner.dir/home/karl/pico-sdk/src/rp2_common/pico_stdio/stdio.c.o
                0x100040f0                stdio_init_all
 .text.__wrap_puts
                0x100040f8       0x1e CMakeFiles/railroad_scanner.dir/home/karl/pico-sdk/src/rp2_common/pico_stdio/stdio.c.o
                0x100040f8                __wrap_puts
                0x100040f8                stdio_puts
 *fill*         0x10004116        0x2 
 .text.__wrap_vprintf
                0x10004118       0x40 CMakeFiles/railroad_scanner.dir/home/karl/pico-sdk/src/rp2_common/pico_stdio/stdio.c.o
                0x10004118                __wrap_vprintf
                0x10004118                stdio_vprintf
 .text.__wrap_printf
                0x10004158       0x18 CMakeFiles/railroad_scanner.dir/home/karl/pico-sdk/src/rp2_common/pico_stdio/stdio.c.o
                0x10004158                stdio_printf
                0x10004158                __wrap_printf
 .text.resetd_init
                0x10004170        0x2 CMakeFiles/railroad_scanner.dir/home/karl/pico-sdk/src/rp2_common/pico_stdio_usb/reset_interface.c.o
 *fill*         0x10004172        0x2 
 .text.resetd_reset
                0x10004174        0xc CMakeFiles/railroad_scanner.dir/home/karl/pico-sdk/src/rp2_common/pico_stdio_usb/reset_interface.c.o
 .text.resetd_open
                0x10004180       0x34 CMakeFiles/railroad_scanner.dir/home/karl/pico-sdk/src/rp2_common/pico_stdio_usb/reset_interface.c.o
 .text.resetd_xfer_cb
                0x100041b4        0x4 CMakeFiles/railroad_scanner.dir/home/karl/pico-sdk/src/rp2_common/pico_stdio_usb/reset_interface.c.o
 .text.resetd_control_xfer_cb
                0x100041b8       0x60 CMakeFiles/railroad_scanner.dir/home/karl/pico-sdk/src/rp2_common/pico_stdio_usb/reset_interface.c.o
 .text.tud_descriptor_bos_cb
                0x10004218        0x8 CMakeFiles/railroad_scanner.dir/home/karl/pico-sdk/src/rp2_common/pico_stdio_usb/reset_interface.c.o
                0x10004218                tud_descriptor_bos_cb
 .text.tud_vendor_control_xfer_cb
                0x10004220       0x38 CMakeFiles/railroad_scanner.dir/home/karl/pico-sdk/src/rp2_common/pico_stdio_usb/reset_interface.c.o
                0x10004220                tud_vendor_control_xfer_cb
 .text.usbd_app_driver_get_cb
                0x10004258        0xc CMakeFiles/railroad_scanner.dir/home/karl/pico-sdk/src/rp2_common/pico_stdio_usb/reset_interface.c.o
                0x10004258                usbd_app_driver_get_cb
 .text.tud_cdc_line_coding_cb
                0x10004264       0x2c CMakeFiles/railroad_scanner.dir/home/karl/pico-sdk/src/rp2_common/pico_stdio_usb/reset_interface.c.o
                0x10004264                tud_cdc_line_coding_cb
 .text.stdio_usb_set_chars_available_callback
                0x10004290       0x14 CMakeFiles/railroad_scanner.dir/home/karl/pico-sdk/src/rp2_common/pico_stdio_usb/stdio_usb.c.o
                0x10004290                stdio_usb_set_chars_available_callback
 .text.stdio_usb_out_flush
                0x100042a4       0x4c CMakeFiles/railroad_scanner.dir/home/karl/pico-sdk/src/rp2_common/pico_stdio_usb/stdio_usb.c.o
 .text.usb_irq  0x100042f0       0x10 CMakeFiles/railroad_scanner.dir/home/karl/pico-sdk/src/rp2_common/pico_stdio_usb/stdio_usb.c.o
 .text.timer_task
                0x10004300       0x6c CMakeFiles/railroad_scanner.dir/home/karl/pico-sdk/src/rp2_common/pico_stdio_usb/stdio_usb.c.o
 .text.alarm_pool_add_alarm_in_us
                0x1000436c       0x40 CMakeFiles/railroad_scanner.dir/home/karl/pico-sdk/src/rp2_common/pico_stdio_usb/stdio_usb.c.o
 .text.add_alarm_in_us
                0x100043ac       0x2e CMakeFiles/railroad_scanner.dir/home/karl/pico-sdk/src/rp2_common/pico_stdio_usb/stdio_usb.c.o
 *fill*         0x100043da        0x2 
 .text.low_priority_worker_irq
                0x100043dc       0xac CMakeFiles/railroad_scanner.dir/home/karl/pico-sdk/src/rp2_common/pico_stdio_usb/stdio_usb.c.o
 .text.stdio_usb_init
                0x10004488       0xe0 CMakeFiles/railroad_scanner.dir/home/karl/pico-sdk/src/rp2_common/pico_stdio_usb/stdio_usb.c.o
                0x10004488                stdio_usb_init
 .text.stdio_usb_connected
                0x10004568        0xa CMakeFiles/railroad_scanner.dir/home/karl/pico-sdk/src/rp2_common/pico_stdio_usb/stdio_usb.c.o
                0x10004568                stdio_usb_connected
 *fill*         0x10004572        0x2 
 .text.stdio_usb_in_chars
                0x10004574       0x98 CMakeFiles/railroad_scanner.dir/home/karl/pico-sdk/src/rp2_common/pico_stdio_usb/stdio_usb.c.o
                0x10004574                stdio_usb_in_chars
 .text.stdio_usb_out_chars
                0x1000460c       0xe8 CMakeFiles/railroad_scanner.dir/home/karl/pico-sdk/src/rp2_common/pico_stdio_usb/stdio_usb.c.o
 .text.tud_descriptor_device_cb
                0x100046f4        0x8 CMakeFiles/railroad_scanner.dir/home/karl/pico-sdk/src/rp2_common/pico_stdio_usb/stdio_usb_descriptors.c.o
                0x100046f4                tud_descriptor_device_cb
 .text.tud_descriptor_configuration_cb
                0x100046fc        0x8 CMakeFiles/railroad_scanner.dir/home/karl/pico-sdk/src/rp2_common/pico_stdio_usb/stdio_usb_descriptors.c.o
                0x100046fc                tud_descriptor_configuration_cb
 .text.tud_descriptor_string_cb
                0x10004704       0x6c CMakeFiles/railroad_scanner.dir/home/karl/pico-sdk/src/rp2_common/pico_stdio_usb/stdio_usb_descriptors.c.o
                0x10004704                tud_descriptor_string_cb
 .text._retrieve_unique_id_on_boot
                0x10004770       0x10 CMakeFiles/railroad_scanner.dir/home/karl/pico-sdk/src/rp2_common/pico_unique_id/unique_id.c.o
 .text.pico_get_unique_board_id_string
                0x10004780       0x5c CMakeFiles/railroad_scanner.dir/home/karl/pico-sdk/src/rp2_common/pico_unique_id/unique_id.c.o
                0x10004780                pico_get_unique_board_id_string
 .text.flash_get_unique_id
                0x100047dc       0x40 CMakeFiles/railroad_scanner.dir/home/karl/pico-sdk/src/rp2_common/hardware_flash/flash.c.o
                0x100047dc                flash_get_unique_id
 .text.hw_endpoint_init
                0x1000481c       0xbc CMakeFiles/railroad_scanner.dir/home/karl/pico-sdk/lib/tinyusb/src/portable/raspberrypi/rp2040/dcd_rp2040.c.o
 .text.hw_endpoint_alloc
                0x100048d8       0x48 CMakeFiles/railroad_scanner.dir/home/karl/pico-sdk/lib/tinyusb/src/portable/raspberrypi/rp2040/dcd_rp2040.c.o
 .text.hw_endpoint_open
                0x10004920       0x50 CMakeFiles/railroad_scanner.dir/home/karl/pico-sdk/lib/tinyusb/src/portable/raspberrypi/rp2040/dcd_rp2040.c.o
 .text.hw_endpoint_xfer
                0x10004970       0x20 CMakeFiles/railroad_scanner.dir/home/karl/pico-sdk/lib/tinyusb/src/portable/raspberrypi/rp2040/dcd_rp2040.c.o
 .text.dcd_int_enable
                0x10004990       0x2c CMakeFiles/railroad_scanner.dir/home/karl/pico-sdk/lib/tinyusb/src/portable/raspberrypi/rp2040/dcd_rp2040.c.o
                0x10004990                dcd_int_enable
 .text.dcd_set_address
                0x100049bc       0x2c CMakeFiles/railroad_scanner.dir/home/karl/pico-sdk/lib/tinyusb/src/portable/raspberrypi/rp2040/dcd_rp2040.c.o
                0x100049bc                dcd_set_address
 .text.dcd_connect
                0x100049e8       0x10 CMakeFiles/railroad_scanner.dir/home/karl/pico-sdk/lib/tinyusb/src/portable/raspberrypi/rp2040/dcd_rp2040.c.o
                0x100049e8                dcd_connect
 .text.dcd_init
                0x100049f8       0x80 CMakeFiles/railroad_scanner.dir/home/karl/pico-sdk/lib/tinyusb/src/portable/raspberrypi/rp2040/dcd_rp2040.c.o
                0x100049f8                dcd_init
 .text.dcd_sof_enable
                0x10004a78       0x1c CMakeFiles/railroad_scanner.dir/home/karl/pico-sdk/lib/tinyusb/src/portable/raspberrypi/rp2040/dcd_rp2040.c.o
                0x10004a78                dcd_sof_enable
 .text.dcd_edpt0_status_complete
                0x10004a94       0x1c CMakeFiles/railroad_scanner.dir/home/karl/pico-sdk/lib/tinyusb/src/portable/raspberrypi/rp2040/dcd_rp2040.c.o
                0x10004a94                dcd_edpt0_status_complete
 .text.dcd_edpt_open
                0x10004ab0       0x26 CMakeFiles/railroad_scanner.dir/home/karl/pico-sdk/lib/tinyusb/src/portable/raspberrypi/rp2040/dcd_rp2040.c.o
                0x10004ab0                dcd_edpt_open
 .text.dcd_edpt_close_all
                0x10004ad6        0x8 CMakeFiles/railroad_scanner.dir/home/karl/pico-sdk/lib/tinyusb/src/portable/raspberrypi/rp2040/dcd_rp2040.c.o
                0x10004ad6                dcd_edpt_close_all
 *fill*         0x10004ade        0x2 
 .text.dcd_edpt_xfer
                0x10004ae0       0x30 CMakeFiles/railroad_scanner.dir/home/karl/pico-sdk/lib/tinyusb/src/portable/raspberrypi/rp2040/dcd_rp2040.c.o
                0x10004ae0                dcd_edpt_xfer
 .text.dcd_edpt_stall
                0x10004b10       0x3c CMakeFiles/railroad_scanner.dir/home/karl/pico-sdk/lib/tinyusb/src/portable/raspberrypi/rp2040/dcd_rp2040.c.o
                0x10004b10                dcd_edpt_stall
 .text.dcd_edpt_clear_stall
                0x10004b4c       0x30 CMakeFiles/railroad_scanner.dir/home/karl/pico-sdk/lib/tinyusb/src/portable/raspberrypi/rp2040/dcd_rp2040.c.o
                0x10004b4c                dcd_edpt_clear_stall
 .text.unaligned_memcpy
                0x10004b7c       0x14 CMakeFiles/railroad_scanner.dir/home/karl/pico-sdk/lib/tinyusb/src/portable/raspberrypi/rp2040/rp2040_usb.c.o
 .text.rp2040_usb_init
                0x10004b90       0x44 CMakeFiles/railroad_scanner.dir/home/karl/pico-sdk/lib/tinyusb/src/portable/raspberrypi/rp2040/rp2040_usb.c.o
                0x10004b90                rp2040_usb_init
 .text.hw_endpoint_xfer_start
                0x10004bd4       0x60 CMakeFiles/railroad_scanner.dir/home/karl/pico-sdk/lib/tinyusb/src/portable/raspberrypi/rp2040/rp2040_usb.c.o
                0x10004bd4                hw_endpoint_xfer_start
 .text.configuration_reset
                0x10004c34       0x84 CMakeFiles/railroad_scanner.dir/home/karl/pico-sdk/lib/tinyusb/src/device/usbd.c.o
 .text.usbd_reset
                0x10004cb8        0xc CMakeFiles/railroad_scanner.dir/home/karl/pico-sdk/lib/tinyusb/src/device/usbd.c.o
 .text.invoke_class_control
                0x10004cc4       0x1a CMakeFiles/railroad_scanner.dir/home/karl/pico-sdk/lib/tinyusb/src/device/usbd.c.o
 *fill*         0x10004cde        0x2 
 .text.process_set_config
                0x10004ce0      0x1b0 CMakeFiles/railroad_scanner.dir/home/karl/pico-sdk/lib/tinyusb/src/device/usbd.c.o
 .text.tud_event_hook_cb
                0x10004e90        0x2 CMakeFiles/railroad_scanner.dir/home/karl/pico-sdk/lib/tinyusb/src/device/usbd.c.o
                0x10004e90                tud_event_hook_cb
 .text.tud_sof_cb
                0x10004e92        0x2 CMakeFiles/railroad_scanner.dir/home/karl/pico-sdk/lib/tinyusb/src/device/usbd.c.o
                0x10004e92                tud_sof_cb
 .text.tud_descriptor_device_qualifier_cb
                0x10004e94        0x4 CMakeFiles/railroad_scanner.dir/home/karl/pico-sdk/lib/tinyusb/src/device/usbd.c.o
                0x10004e94                tud_descriptor_device_qualifier_cb
 .text.tud_descriptor_other_speed_configuration_cb
                0x10004e98        0x4 CMakeFiles/railroad_scanner.dir/home/karl/pico-sdk/lib/tinyusb/src/device/usbd.c.o
                0x10004e98                tud_descriptor_other_speed_configuration_cb
 .text.process_get_descriptor
                0x10004e9c       0xe0 CMakeFiles/railroad_scanner.dir/home/karl/pico-sdk/lib/tinyusb/src/device/usbd.c.o
 .text.tud_mount_cb
                0x10004f7c        0x2 CMakeFiles/railroad_scanner.dir/home/karl/pico-sdk/lib/tinyusb/src/device/usbd.c.o
                0x10004f7c                tud_mount_cb
 .text.tud_umount_cb
                0x10004f7e        0x2 CMakeFiles/railroad_scanner.dir/home/karl/pico-sdk/lib/tinyusb/src/device/usbd.c.o
                0x10004f7e                tud_umount_cb
 .text.tud_suspend_cb
                0x10004f80        0x2 CMakeFiles/railroad_scanner.dir/home/karl/pico-sdk/lib/tinyusb/src/device/usbd.c.o
                0x10004f80                tud_suspend_cb
 .text.tud_resume_cb
                0x10004f82        0x2 CMakeFiles/railroad_scanner.dir/home/karl/pico-sdk/lib/tinyusb/src/device/usbd.c.o
                0x10004f82                tud_resume_cb
 .text.tud_mounted
                0x10004f84       0x10 CMakeFiles/railroad_scanner.dir/home/karl/pico-sdk/lib/tinyusb/src/device/usbd.c.o
                0x10004f84                tud_mounted
 .text.tud_suspended
                0x10004f94       0x10 CMakeFiles/railroad_scanner.dir/home/karl/pico-sdk/lib/tinyusb/src/device/usbd.c.o
                0x10004f94                tud_suspended
 .text.tud_inited
                0x10004fa4       0x14 CMakeFiles/railroad_scanner.dir/home/karl/pico-sdk/lib/tinyusb/src/device/usbd.c.o
                0x10004fa4                tud_inited
 .text.tud_rhport_init
                0x10004fb8      0x100 CMakeFiles/railroad_scanner.dir/home/karl/pico-sdk/lib/tinyusb/src/device/usbd.c.o
                0x10004fb8                tud_rhport_init
 .text.usbd_edpt_open
                0x100050b8       0x60 CMakeFiles/railroad_scanner.dir/home/karl/pico-sdk/lib/tinyusb/src/device/usbd.c.o
                0x100050b8                usbd_edpt_open
 .text.usbd_open_edpt_pair
                0x10005118       0x88 CMakeFiles/railroad_scanner.dir/home/karl/pico-sdk/lib/tinyusb/src/device/usbd.c.o
                0x10005118                usbd_open_edpt_pair
 .text.usbd_edpt_claim
                0x100051a0       0x28 CMakeFiles/railroad_scanner.dir/home/karl/pico-sdk/lib/tinyusb/src/device/usbd.c.o
                0x100051a0                usbd_edpt_claim
 .text.usbd_edpt_release
                0x100051c8       0x28 CMakeFiles/railroad_scanner.dir/home/karl/pico-sdk/lib/tinyusb/src/device/usbd.c.o
                0x100051c8                usbd_edpt_release
 .text.usbd_edpt_xfer
                0x100051f0       0x88 CMakeFiles/railroad_scanner.dir/home/karl/pico-sdk/lib/tinyusb/src/device/usbd.c.o
                0x100051f0                usbd_edpt_xfer
 .text.usbd_edpt_stall
                0x10005278       0x34 CMakeFiles/railroad_scanner.dir/home/karl/pico-sdk/lib/tinyusb/src/device/usbd.c.o
                0x10005278                usbd_edpt_stall
 .text.usbd_edpt_clear_stall
                0x100052ac       0x34 CMakeFiles/railroad_scanner.dir/home/karl/pico-sdk/lib/tinyusb/src/device/usbd.c.o
                0x100052ac                usbd_edpt_clear_stall
 .text.usbd_edpt_stalled
                0x100052e0       0x1c CMakeFiles/railroad_scanner.dir/home/karl/pico-sdk/lib/tinyusb/src/device/usbd.c.o
                0x100052e0                usbd_edpt_stalled
 .text.process_control_request
                0x100052fc      0x38c CMakeFiles/railroad_scanner.dir/home/karl/pico-sdk/lib/tinyusb/src/device/usbd.c.o
 .text.tud_task_ext
                0x10005688      0x1d0 CMakeFiles/railroad_scanner.dir/home/karl/pico-sdk/lib/tinyusb/src/device/usbd.c.o
                0x10005688                tud_task_ext
 .text.status_stage_xact
                0x10005858       0x1a CMakeFiles/railroad_scanner.dir/home/karl/pico-sdk/lib/tinyusb/src/device/usbd_control.c.o
 *fill*         0x10005872        0x2 
 .text.data_stage_xact
                0x10005874       0x60 CMakeFiles/railroad_scanner.dir/home/karl/pico-sdk/lib/tinyusb/src/device/usbd_control.c.o
 .text.tud_control_status
                0x100058d4       0x28 CMakeFiles/railroad_scanner.dir/home/karl/pico-sdk/lib/tinyusb/src/device/usbd_control.c.o
                0x100058d4                tud_control_status
 .text.tud_control_xfer
                0x100058fc       0x98 CMakeFiles/railroad_scanner.dir/home/karl/pico-sdk/lib/tinyusb/src/device/usbd_control.c.o
                0x100058fc                tud_control_xfer
 .text.usbd_control_reset
                0x10005994       0x14 CMakeFiles/railroad_scanner.dir/home/karl/pico-sdk/lib/tinyusb/src/device/usbd_control.c.o
                0x10005994                usbd_control_reset
 .text.usbd_control_set_complete_callback
                0x100059a8        0xc CMakeFiles/railroad_scanner.dir/home/karl/pico-sdk/lib/tinyusb/src/device/usbd_control.c.o
                0x100059a8                usbd_control_set_complete_callback
 .text.usbd_control_set_request
                0x100059b4       0x1c CMakeFiles/railroad_scanner.dir/home/karl/pico-sdk/lib/tinyusb/src/device/usbd_control.c.o
                0x100059b4                usbd_control_set_request
 .text.usbd_control_xfer_cb
                0x100059d0       0xe0 CMakeFiles/railroad_scanner.dir/home/karl/pico-sdk/lib/tinyusb/src/device/usbd_control.c.o
                0x100059d0                usbd_control_xfer_cb
 .text._prep_out_transaction
                0x10005ab0       0xa0 CMakeFiles/railroad_scanner.dir/home/karl/pico-sdk/lib/tinyusb/src/class/cdc/cdc_device.c.o
 .text.tud_cdc_n_connected
                0x10005b50       0x38 CMakeFiles/railroad_scanner.dir/home/karl/pico-sdk/lib/tinyusb/src/class/cdc/cdc_device.c.o
                0x10005b50                tud_cdc_n_connected
 .text.tud_cdc_n_available
                0x10005b88       0x18 CMakeFiles/railroad_scanner.dir/home/karl/pico-sdk/lib/tinyusb/src/class/cdc/cdc_device.c.o
                0x10005b88                tud_cdc_n_available
 .text.tud_cdc_n_read
                0x10005ba0       0x38 CMakeFiles/railroad_scanner.dir/home/karl/pico-sdk/lib/tinyusb/src/class/cdc/cdc_device.c.o
                0x10005ba0                tud_cdc_n_read
 .text.tud_cdc_n_write_flush
                0x10005bd8       0xbc CMakeFiles/railroad_scanner.dir/home/karl/pico-sdk/lib/tinyusb/src/class/cdc/cdc_device.c.o
                0x10005bd8                tud_cdc_n_write_flush
 .text.tud_cdc_n_write
                0x10005c94       0x48 CMakeFiles/railroad_scanner.dir/home/karl/pico-sdk/lib/tinyusb/src/class/cdc/cdc_device.c.o
                0x10005c94                tud_cdc_n_write
 .text.tud_cdc_n_write_available
                0x10005cdc       0x18 CMakeFiles/railroad_scanner.dir/home/karl/pico-sdk/lib/tinyusb/src/class/cdc/cdc_device.c.o
                0x10005cdc                tud_cdc_n_write_available
 .text.cdcd_init
                0x10005cf4       0xac CMakeFiles/railroad_scanner.dir/home/karl/pico-sdk/lib/tinyusb/src/class/cdc/cdc_device.c.o
                0x10005cf4                cdcd_init
 .text.cdcd_deinit
                0x10005da0       0x48 CMakeFiles/railroad_scanner.dir/home/karl/pico-sdk/lib/tinyusb/src/class/cdc/cdc_device.c.o
                0x10005da0                cdcd_deinit
 .text.cdcd_reset
                0x10005de8       0x70 CMakeFiles/railroad_scanner.dir/home/karl/pico-sdk/lib/tinyusb/src/class/cdc/cdc_device.c.o
                0x10005de8                cdcd_reset
 .text.cdcd_open
                0x10005e58       0xec CMakeFiles/railroad_scanner.dir/home/karl/pico-sdk/lib/tinyusb/src/class/cdc/cdc_device.c.o
                0x10005e58                cdcd_open
 .text.cdcd_control_xfer_cb
                0x10005f44      0x140 CMakeFiles/railroad_scanner.dir/home/karl/pico-sdk/lib/tinyusb/src/class/cdc/cdc_device.c.o
                0x10005f44                cdcd_control_xfer_cb
 .text.cdcd_xfer_cb
                0x10006084      0x148 CMakeFiles/railroad_scanner.dir/home/karl/pico-sdk/lib/tinyusb/src/class/cdc/cdc_device.c.o
                0x10006084                cdcd_xfer_cb
 .text.tud_vendor_n_mounted
                0x100061cc       0x3c CMakeFiles/railroad_scanner.dir/home/karl/pico-sdk/lib/tinyusb/src/class/vendor/vendor_device.c.o
                0x100061cc                tud_vendor_n_mounted
 .text.tud_vendor_n_write_flush
                0x10006208       0x20 CMakeFiles/railroad_scanner.dir/home/karl/pico-sdk/lib/tinyusb/src/class/vendor/vendor_device.c.o
                0x10006208                tud_vendor_n_write_flush
 .text.vendord_init
                0x10006228       0x9c CMakeFiles/railroad_scanner.dir/home/karl/pico-sdk/lib/tinyusb/src/class/vendor/vendor_device.c.o
                0x10006228                vendord_init
 .text.vendord_deinit
                0x100062c4       0x34 CMakeFiles/railroad_scanner.dir/home/karl/pico-sdk/lib/tinyusb/src/class/vendor/vendor_device.c.o
                0x100062c4                vendord_deinit
 .text.vendord_reset
                0x100062f8       0x50 CMakeFiles/railroad_scanner.dir/home/karl/pico-sdk/lib/tinyusb/src/class/vendor/vendor_device.c.o
                0x100062f8                vendord_reset
 .text.vendord_open
                0x10006348      0x14c CMakeFiles/railroad_scanner.dir/home/karl/pico-sdk/lib/tinyusb/src/class/vendor/vendor_device.c.o
                0x10006348                vendord_open
 .text.vendord_xfer_cb
                0x10006494       0xd8 CMakeFiles/railroad_scanner.dir/home/karl/pico-sdk/lib/tinyusb/src/class/vendor/vendor_device.c.o
                0x10006494                vendord_xfer_cb
 .text.tusb_rhport_init
                0x1000656c       0x7c CMakeFiles/railroad_scanner.dir/home/karl/pico-sdk/lib/tinyusb/src/tusb.c.o
                0x1000656c                tusb_rhport_init
 .text.tu_edpt_claim
                0x100065e8       0x50 CMakeFiles/railroad_scanner.dir/home/karl/pico-sdk/lib/tinyusb/src/tusb.c.o
                0x100065e8                tu_edpt_claim
 .text.tu_edpt_release
                0x10006638       0x38 CMakeFiles/railroad_scanner.dir/home/karl/pico-sdk/lib/tinyusb/src/tusb.c.o
                0x10006638                tu_edpt_release
 .text.tu_edpt_validate
                0x10006670       0xac CMakeFiles/railroad_scanner.dir/home/karl/pico-sdk/lib/tinyusb/src/tusb.c.o
                0x10006670                tu_edpt_validate
 .text.tu_edpt_bind_driver
                0x1000671c       0x26 CMakeFiles/railroad_scanner.dir/home/karl/pico-sdk/lib/tinyusb/src/tusb.c.o
                0x1000671c                tu_edpt_bind_driver
 .text.tu_edpt_stream_init
                0x10006742       0x62 CMakeFiles/railroad_scanner.dir/home/karl/pico-sdk/lib/tinyusb/src/tusb.c.o
                0x10006742                tu_edpt_stream_init
 .text.tu_edpt_stream_deinit
                0x100067a4        0x4 CMakeFiles/railroad_scanner.dir/home/karl/pico-sdk/lib/tinyusb/src/tusb.c.o
                0x100067a4                tu_edpt_stream_deinit
 .text.tu_edpt_stream_write_zlp_if_needed
                0x100067a8       0x80 CMakeFiles/railroad_scanner.dir/home/karl/pico-sdk/lib/tinyusb/src/tusb.c.o
                0x100067a8                tu_edpt_stream_write_zlp_if_needed
 .text.tu_edpt_stream_write_xfer
                0x10006828       0x84 CMakeFiles/railroad_scanner.dir/home/karl/pico-sdk/lib/tinyusb/src/tusb.c.o
                0x10006828                tu_edpt_stream_write_xfer
 .text.tu_edpt_stream_read_xfer
                0x100068ac       0xf4 CMakeFiles/railroad_scanner.dir/home/karl/pico-sdk/lib/tinyusb/src/tusb.c.o
                0x100068ac                tu_edpt_stream_read_xfer
 .text.advance_index
                0x100069a0       0x1a CMakeFiles/railroad_scanner.dir/home/karl/pico-sdk/lib/tinyusb/src/common/tusb_fifo.c.o
 .text._tu_fifo_peek
                0x100069ba       0x56 CMakeFiles/railroad_scanner.dir/home/karl/pico-sdk/lib/tinyusb/src/common/tusb_fifo.c.o
 .text._ff_pull_n
                0x10006a10       0x68 CMakeFiles/railroad_scanner.dir/home/karl/pico-sdk/lib/tinyusb/src/common/tusb_fifo.c.o
 .text._tu_fifo_peek_n
                0x10006a78       0x6a CMakeFiles/railroad_scanner.dir/home/karl/pico-sdk/lib/tinyusb/src/common/tusb_fifo.c.o
 .text._tu_fifo_read_n
                0x10006ae2       0x4e CMakeFiles/railroad_scanner.dir/home/karl/pico-sdk/lib/tinyusb/src/common/tusb_fifo.c.o
 .text._ff_push_n
                0x10006b30       0x68 CMakeFiles/railroad_scanner.dir/home/karl/pico-sdk/lib/tinyusb/src/common/tusb_fifo.c.o
 .text._tu_fifo_write_n
                0x10006b98       0xf0 CMakeFiles/railroad_scanner.dir/home/karl/pico-sdk/lib/tinyusb/src/common/tusb_fifo.c.o
 .text.tu_fifo_config
                0x10006c88       0x7c CMakeFiles/railroad_scanner.dir/home/karl/pico-sdk/lib/tinyusb/src/common/tusb_fifo.c.o
                0x10006c88                tu_fifo_config
 .text.tu_fifo_count
                0x10006d04       0x2a CMakeFiles/railroad_scanner.dir/home/karl/pico-sdk/lib/tinyusb/src/common/tusb_fifo.c.o
                0x10006d04                tu_fifo_count
 .text.tu_fifo_empty
                0x10006d2e        0xe CMakeFiles/railroad_scanner.dir/home/karl/pico-sdk/lib/tinyusb/src/common/tusb_fifo.c.o
                0x10006d2e                tu_fifo_empty
 .text.tu_fifo_full
                0x10006d3c       0x28 CMakeFiles/railroad_scanner.dir/home/karl/pico-sdk/lib/tinyusb/src/common/tusb_fifo.c.o
                0x10006d3c                tu_fifo_full
 .text.tu_fifo_remaining
                0x10006d64       0x2c CMakeFiles/railroad_scanner.dir/home/karl/pico-sdk/lib/tinyusb/src/common/tusb_fifo.c.o
                0x10006d64                tu_fifo_remaining
 .text.tu_fifo_read
                0x10006d90       0x42 CMakeFiles/railroad_scanner.dir/home/karl/pico-sdk/lib/tinyusb/src/common/tusb_fifo.c.o
                0x10006d90                tu_fifo_read
 .text.tu_fifo_read_n
                0x10006dd2        0xa CMakeFiles/railroad_scanner.dir/home/karl/pico-sdk/lib/tinyusb/src/common/tusb_fifo.c.o
                0x10006dd2                tu_fifo_read_n
 .text.tu_fifo_write
                0x10006ddc       0x64 CMakeFiles/railroad_scanner.dir/home/karl/pico-sdk/lib/tinyusb/src/common/tusb_fifo.c.o
                0x10006ddc                tu_fifo_write
 .text.tu_fifo_write_n
                0x10006e40        0xa CMakeFiles/railroad_scanner.dir/home/karl/pico-sdk/lib/tinyusb/src/common/tusb_fifo.c.o
                0x10006e40                tu_fifo_write_n
 .text.tu_fifo_clear
                0x10006e4a       0x3e CMakeFiles/railroad_scanner.dir/home/karl/pico-sdk/lib/tinyusb/src/common/tusb_fifo.c.o
                0x10006e4a                tu_fifo_clear
 .text.tu_fifo_set_overwritable
                0x10006e88       0x46 CMakeFiles/railroad_scanner.dir/home/karl/pico-sdk/lib/tinyusb/src/common/tusb_fifo.c.o
                0x10006e88                tu_fifo_set_overwritable
 *fill*         0x10006ece        0x2 
 .text.i2c_unreset
                0x10006ed0       0x2c CMakeFiles/railroad_scanner.dir/home/karl/pico-sdk/src/rp2_common/hardware_i2c/i2c.c.o
 .text.i2c_write_blocking_internal
                0x10006efc      0x158 CMakeFiles/railroad_scanner.dir/home/karl/pico-sdk/src/rp2_common/hardware_i2c/i2c.c.o
 .text.i2c_set_baudrate
                0x10007054       0xf0 CMakeFiles/railroad_scanner.dir/home/karl/pico-sdk/src/rp2_common/hardware_i2c/i2c.c.o
                0x10007054                i2c_set_baudrate
 .text.i2c_init
                0x10007144       0x54 CMakeFiles/railroad_scanner.dir/home/karl/pico-sdk/src/rp2_common/hardware_i2c/i2c.c.o
                0x10007144                i2c_init
 .text.i2c_write_blocking_until
                0x10007198       0x3e CMakeFiles/railroad_scanner.dir/home/karl/pico-sdk/src/rp2_common/hardware_i2c/i2c.c.o
                0x10007198                i2c_write_blocking_until
 *fill*         0x100071d6        0x2 
 .text          0x100071d8       0x60 /usr/lib/gcc/arm-none-eabi/13.2.1/../../../arm-none-eabi/lib/thumb/v6-m/nofp/libg.a(libc_a-strncpy.o)
                0x100071d8                strncpy
 .text          0x10007238       0x14 /usr/lib/gcc/arm-none-eabi/13.2.1/../../../arm-none-eabi/lib/thumb/v6-m/nofp/libg.a(libc_a-strtok.o)
                0x10007238                strtok
 .text          0x1000724c     0x10b8 /usr/lib/gcc/arm-none-eabi/13.2.1/../../../arm-none-eabi/lib/thumb/v6-m/nofp/libg.a(libc_a-strtod.o)
                0x1000727c                _strtod_l
                0x10008134                _strtod_r
                0x10008144                strtod_l
                0x1000815c                strtod
                0x10008178                strtof_l
                0x10008230                strtof
 .text          0x10008304      0x658 /usr/lib/gcc/arm-none-eabi/13.2.1/../../../arm-none-eabi/lib/thumb/v6-m/nofp/libg.a(libc_a-gdtoa-gethex.o)
                0x100083b4                __gethex
 .text          0x1000895c       0x44 /usr/lib/gcc/arm-none-eabi/13.2.1/../../../arm-none-eabi/lib/thumb/v6-m/nofp/libg.a(libc_a-mbtowc_r.o)
                0x1000895c                _mbtowc_r
                0x10008974                __ascii_mbtowc
 .text          0x100089a0       0x74 /usr/lib/gcc/arm-none-eabi/13.2.1/../../../arm-none-eabi/lib/thumb/v6-m/nofp/libg.a(libc_a-strncmp.o)
                0x100089a0                strncmp
 .text          0x10008a14       0xb0 /usr/lib/gcc/arm-none-eabi/13.2.1/../../../arm-none-eabi/lib/thumb/v6-m/nofp/libg.a(libc_a-memmove.o)
                0x10008a14                memmove
 .text          0x10008ac4        0xc /usr/lib/gcc/arm-none-eabi/13.2.1/../../../arm-none-eabi/lib/thumb/v6-m/nofp/libg.a(libc_a-errno.o)
                0x10008ac4                __errno
 .text          0x10008ad0       0xa8 /usr/lib/gcc/arm-none-eabi/13.2.1/../../../arm-none-eabi/lib/thumb/v6-m/nofp/libg.a(libc_a-callocr.o)
                0x10008ad0                _calloc_r
 .text          0x10008b78      0x5b4 /usr/lib/gcc/arm-none-eabi/13.2.1/../../../arm-none-eabi/lib/thumb/v6-m/nofp/libg.a(libc_a-mallocr.o)
                0x10008b78                _malloc_r
 .text          0x1000912c      0x288 /usr/lib/gcc/arm-none-eabi/13.2.1/../../../arm-none-eabi/lib/thumb/v6-m/nofp/libg.a(libc_a-freer.o)
                0x1000912c                _malloc_trim_r
                0x100091e0                _free_r
 .text          0x100093b4       0x70 /usr/lib/gcc/arm-none-eabi/13.2.1/../../../arm-none-eabi/lib/thumb/v6-m/nofp/libg.a(libc_a-strtok_r.o)
                0x100093b4                __strtok_r
                0x10009418                strtok_r
 .text          0x10009424       0x2c /usr/lib/gcc/arm-none-eabi/13.2.1/../../../arm-none-eabi/lib/thumb/v6-m/nofp/libg.a(libc_a-wctomb_r.o)
                0x10009424                _wctomb_r
                0x10009434                __ascii_wctomb
 .text          0x10009450       0x1c /usr/lib/gcc/arm-none-eabi/13.2.1/../../../arm-none-eabi/lib/thumb/v6-m/nofp/libg.a(libc_a-sysconf.o)
                0x10009450                sysconf
 .text          0x1000946c        0x8 /usr/lib/gcc/arm-none-eabi/13.2.1/../../../arm-none-eabi/lib/thumb/v6-m/nofp/libg.a(libc_a-mlock.o)
                0x1000946c                __malloc_lock
                0x10009470                __malloc_unlock
 .text          0x10009474       0x10 /usr/lib/gcc/arm-none-eabi/13.2.1/../../../arm-none-eabi/lib/thumb/v6-m/nofp/libg.a(libc_a-atexit.o)
                0x10009474                atexit
 .text          0x10009484       0x5c /usr/lib/gcc/arm-none-eabi/13.2.1/../../../arm-none-eabi/lib/thumb/v6-m/nofp/libg.a(libc_a-strlen-stub.o)
                0x10009484                strlen
 .text          0x100094e0       0x24 /usr/lib/gcc/arm-none-eabi/13.2.1/../../../arm-none-eabi/lib/thumb/v6-m/nofp/libg.a(libc_a-sbrkr.o)
                0x100094e0                _sbrk_r
 .text          0x10009504      0x230 /usr/lib/gcc/arm-none-eabi/13.2.1/../../../arm-none-eabi/lib/thumb/v6-m/nofp/libg.a(libc_a-gdtoa-hexnan.o)
                0x10009504                __match
                0x10009530                __hexnan
 .text          0x10009734       0x10 /usr/lib/gcc/arm-none-eabi/13.2.1/../../../arm-none-eabi/lib/thumb/v6-m/nofp/libg.a(libc_a-isalpha.o)
                0x10009734                isalpha
 .text          0x10009744       0x28 /usr/lib/gcc/arm-none-eabi/13.2.1/../../../arm-none-eabi/lib/thumb/v6-m/nofp/libg.a(libc_a-fini.o)
                0x10009744                __libc_fini_array
 .text          0x1000976c        0xc /usr/lib/gcc/arm-none-eabi/13.2.1/../../../arm-none-eabi/lib/thumb/v6-m/nofp/libg.a(libm_a-s_nan.o)
                0x1000976c                nan
 .text          0x10009778        0x8 /usr/lib/gcc/arm-none-eabi/13.2.1/../../../arm-none-eabi/lib/thumb/v6-m/nofp/libg.a(libm_a-sf_nan.o)
                0x10009778                nanf
 .text          0x10009780      0xb18 /usr/lib/gcc/arm-none-eabi/13.2.1/../../../arm-none-eabi/lib/thumb/v6-m/nofp/libg.a(libc_a-mprec.o)
                0x10009780                _Balloc
                0x100097d0                _Bfree
                0x100097e4                __multadd
                0x1000988c                __s2b
                0x1000993c                __hi0bits
                0x10009988                __lo0bits
                0x100099e4                __i2b
                0x10009a44                __multiply
                0x10009bf0                __pow5mult
                0x10009cc0                __lshift
                0x10009dbc                __mcmp
                0x10009df8                __mdiff
                0x10009fac                __ulp
                0x10009fec                __b2d
                0x1000a0a4                __d2b
                0x1000a170                __ratio
                0x1000a1d8                _mprec_log10
                0x1000a20c                __copybits
                0x1000a24c                __any_on
 .text          0x1000a298       0x78 /usr/lib/gcc/arm-none-eabi/13.2.1/../../../arm-none-eabi/lib/thumb/v6-m/nofp/libg.a(libc_a-__atexit.o)
                0x1000a298                __register_exitproc
 .text.startup  0x1000a310       0x18 /usr/lib/gcc/arm-none-eabi/13.2.1/../../../arm-none-eabi/lib/thumb/v6-m/nofp/libg.a(libc_a-__call_atexit.o)
 *(.fini)
 .fini          0x1000a328        0x4 /usr/lib/gcc/arm-none-eabi/13.2.1/thumb/v6-m/nofp/crti.o
                0x1000a328                _fini
 *fill*         0x1000a32c        0x4 
 .fini.__stub   0x1000a330       0xd0 linker stubs
 *crtbegin.o(.ctors)
 *crtbegin?.o(.ctors)
 *(EXCLUDE_FILE(*crtend.o *crtend?.o) .ctors)
 *(SORT_BY_NAME(.ctors.*))
 *(.ctors)
 *crtbegin.o(.dtors)
 *crtbegin?.o(.dtors)
 *(EXCLUDE_FILE(*crtend.o *crtend?.o) .dtors)
 *(SORT_BY_NAME(.dtors.*))
 *(.dtors)
                0x1000a400                        . = ALIGN (0x4)
                0x1000a400                        PROVIDE (__preinit_array_start = .)
 *(SORT_BY_NAME(.preinit_array.*))
 .preinit_array.00100
                0x1000a400        0x4 CMakeFiles/railroad_scanner.dir/home/karl/pico-sdk/src/rp2_common/pico_runtime_init/runtime_init.c.o
                0x1000a400                __pre_init_runtime_init_early_resets
 .preinit_array.00101
                0x1000a404        0x4 CMakeFiles/railroad_scanner.dir/home/karl/pico-sdk/src/rp2_common/pico_runtime_init/runtime_init.c.o
                0x1000a404                __pre_init_runtime_init_usb_power_down
 .preinit_array.00275
                0x1000a408        0x4 CMakeFiles/railroad_scanner.dir/home/karl/pico-sdk/src/rp2_common/pico_bit_ops/bit_ops_aeabi.S.o
 .preinit_array.00300
                0x1000a40c        0x4 CMakeFiles/railroad_scanner.dir/home/karl/pico-sdk/src/rp2_common/pico_mem_ops/mem_ops_aeabi.S.o
 .preinit_array.00350
                0x1000a410        0x4 CMakeFiles/railroad_scanner.dir/home/karl/pico-sdk/src/rp2_common/pico_double/double_aeabi_rp2040.S.o
 .preinit_array.00350
                0x1000a414        0x4 CMakeFiles/railroad_scanner.dir/home/karl/pico-sdk/src/rp2_common/pico_float/float_aeabi_rp2040.S.o
 .preinit_array.00500
                0x1000a418        0x4 CMakeFiles/railroad_scanner.dir/home/karl/pico-sdk/src/rp2_common/pico_runtime_init/runtime_init.c.o
                0x1000a418                __pre_init_runtime_init_clocks
 .preinit_array.00600
                0x1000a41c        0x4 CMakeFiles/railroad_scanner.dir/home/karl/pico-sdk/src/rp2_common/pico_runtime_init/runtime_init.c.o
                0x1000a41c                __pre_init_runtime_init_post_clock_resets
 .preinit_array.00700
                0x1000a420        0x4 CMakeFiles/railroad_scanner.dir/home/karl/pico-sdk/src/rp2_common/pico_runtime_init/runtime_init.c.o
                0x1000a420                __pre_init_runtime_init_rp2040_gpio_ie_disable
 .preinit_array.01000
                0x1000a424        0x4 CMakeFiles/railroad_scanner.dir/home/karl/pico-sdk/src/rp2_common/pico_runtime_init/runtime_init.c.o
                0x1000a424                __pre_init_runtime_init_spin_locks_reset
 .preinit_array.01100
                0x1000a428        0x4 CMakeFiles/railroad_scanner.dir/home/karl/pico-sdk/src/common/pico_sync/mutex.c.o
                0x1000a428                __pre_init_runtime_init_mutex
 .preinit_array.10080
                0x1000a42c        0x4 CMakeFiles/railroad_scanner.dir/home/karl/pico-sdk/src/rp2_common/pico_runtime_init/runtime_init.c.o
                0x1000a42c                __pre_init_runtime_init_install_ram_vector_table
 .preinit_array.11000
                0x1000a430        0x4 CMakeFiles/railroad_scanner.dir/home/karl/pico-sdk/src/common/pico_time/time.c.o
                0x1000a430                __pre_init_runtime_init_default_alarm_pool
 .preinit_array.YYYYY
                0x1000a434        0x4 CMakeFiles/railroad_scanner.dir/home/karl/pico-sdk/src/rp2_common/pico_runtime/runtime.c.o
                0x1000a434                __pre_init_first_per_core_initializer
 .preinit_array.ZZZZZ.01200
                0x1000a438        0x4 CMakeFiles/railroad_scanner.dir/home/karl/pico-sdk/src/rp2_common/hardware_irq/irq.c.o
                0x1000a438                __pre_init_runtime_init_per_core_irq_priorities
 *(.preinit_array)
                0x1000a43c                        PROVIDE (__preinit_array_end = .)
                0x1000a43c                        . = ALIGN (0x4)
                0x1000a43c                        PROVIDE (__init_array_start = .)
 *(SORT_BY_NAME(.init_array.*))
 .init_array.00000
                0x1000a43c        0x4 /usr/lib/gcc/arm-none-eabi/13.2.1/../../../arm-none-eabi/lib/thumb/v6-m/nofp/libg.a(libc_a-__call_atexit.o)
 .init_array.01000
                0x1000a440        0x4 CMakeFiles/railroad_scanner.dir/home/karl/pico-sdk/src/rp2_common/pico_unique_id/unique_id.c.o
 *(.init_array)
 .init_array    0x1000a444        0x4 /usr/lib/gcc/arm-none-eabi/13.2.1/thumb/v6-m/nofp/crtbegin.o
                0x1000a448                        PROVIDE (__init_array_end = .)
                0x1000a448                        . = ALIGN (0x4)
                0x1000a448                        PROVIDE (__fini_array_start = .)
 *(SORT_BY_NAME(.fini_array.*))
 *(.fini_array)
                0x1000a448                        PROVIDE (__fini_array_end = .)
 *(.eh_frame*)
 .eh_frame      0x1000a448        0x0 /usr/lib/gcc/arm-none-eabi/13.2.1/thumb/v6-m/nofp/crtbegin.o
                0x1000a448                        . = ALIGN (0x4)

.glue_7         0x1000a448        0x0
 .glue_7        0x1000a448        0x0 linker stubs

.glue_7t        0x1000a448        0x0
 .glue_7t       0x1000a448        0x0 linker stubs

.vfp11_veneer   0x1000a448        0x0
 .vfp11_veneer  0x1000a448        0x0 linker stubs

.v4_bx          0x1000a448        0x0
 .v4_bx         0x1000a448        0x0 linker stubs

.iplt           0x1000a448        0x0
 .iplt          0x1000a448        0x0 /usr/lib/gcc/arm-none-eabi/13.2.1/thumb/v6-m/nofp/crtbegin.o

.rodata         0x1000a448     0x1d48
 *(EXCLUDE_FILE(*libm.a: *libc.a:*lib_a-mem*.o *libgcc.a:) .rodata*)
 .rodata._ZL20scanner_send_triggerv.str1.4
                0x1000a448      0xee5 CMakeFiles/railroad_scanner.dir/src/main.cpp.o
                                 0x3c (size before relaxing)
 .rodata._ZL16scanner_readlinePcim.str1.4
                0x1000b32d       0x29 CMakeFiles/railroad_scanner.dir/src/main.cpp.o
 .rodata._ZL14parse_car_dataPKcP7CarData.str1.4
                0x1000b32d       0x25 CMakeFiles/railroad_scanner.dir/src/main.cpp.o
 .rodata._ZL16display_car_dataPK7CarData.str1.4
                0x1000b32d       0x2e CMakeFiles/railroad_scanner.dir/src/main.cpp.o
 .rodata._ZL13display_errorPKc.str1.4
                0x1000b32d       0x1d CMakeFiles/railroad_scanner.dir/src/main.cpp.o
 .rodata._ZL14display_splashv.str1.4
                0x1000b32d       0x4f CMakeFiles/railroad_scanner.dir/src/main.cpp.o
 .rodata.main.str1.4
                0x1000b32d      0x13d CMakeFiles/railroad_scanner.dir/src/main.cpp.o
 *fill*         0x1000b32d        0x3 
 .rodata._ZL7font5x7
                0x1000b330      0x1e0 CMakeFiles/railroad_scanner.dir/src/main.cpp.o
 .rodata        0x1000b510        0x9 CMakeFiles/railroad_scanner.dir/src/main.cpp.o
 .rodata.rp2040_chip_version.str1.4
                0x1000b519       0x6d CMakeFiles/railroad_scanner.dir/home/karl/pico-sdk/src/rp2040/pico_platform/platform.c.o
 *fill*         0x1000b519        0x3 
 .rodata.__func__.0
                0x1000b51c       0x14 CMakeFiles/railroad_scanner.dir/home/karl/pico-sdk/src/rp2040/pico_platform/platform.c.o
 .rodata.panic.str1.4
                0x1000b530       0x12 CMakeFiles/railroad_scanner.dir/home/karl/pico-sdk/src/rp2_common/pico_platform_panic/panic.c.o
 .rodata.spin_lock_claim_unused.str1.4
                0x1000b530       0x1b CMakeFiles/railroad_scanner.dir/home/karl/pico-sdk/src/rp2_common/hardware_sync/sync.c.o
 .rodata.resolve_j_16.str1.4
                0x1000b530       0x4e CMakeFiles/railroad_scanner.dir/home/karl/pico-sdk/src/rp2_common/hardware_irq/irq.c.o
 .rodata.make_j_16.str1.4
                0x1000b530       0x30 CMakeFiles/railroad_scanner.dir/home/karl/pico-sdk/src/rp2_common/hardware_irq/irq.c.o
 .rodata.irq_set_exclusive_handler.str1.4
                0x1000b530       0x36 CMakeFiles/railroad_scanner.dir/home/karl/pico-sdk/src/rp2_common/hardware_irq/irq.c.o
 .rodata.irq_add_shared_handler.str1.4
                0x1000b530       0xd2 CMakeFiles/railroad_scanner.dir/home/karl/pico-sdk/src/rp2_common/hardware_irq/irq.c.o
 .rodata.irq_add_tail_to_free_list.str1.4
                0x1000b530       0x3a CMakeFiles/railroad_scanner.dir/home/karl/pico-sdk/src/rp2_common/hardware_irq/irq.c.o
 .rodata.user_irq_claim_unused.str1.4
                0x1000b530       0x1b CMakeFiles/railroad_scanner.dir/home/karl/pico-sdk/src/rp2_common/hardware_irq/irq.c.o
 .rodata.__func__.0
                0x1000b530       0x1a CMakeFiles/railroad_scanner.dir/home/karl/pico-sdk/src/rp2_common/hardware_irq/irq.c.o
 *fill*         0x1000b54a        0x2 
 .rodata.__func__.3
                0x1000b54c        0xa CMakeFiles/railroad_scanner.dir/home/karl/pico-sdk/src/rp2_common/hardware_irq/irq.c.o
 *fill*         0x1000b556        0x2 
 .rodata.__func__.4
                0x1000b558        0xd CMakeFiles/railroad_scanner.dir/home/karl/pico-sdk/src/rp2_common/hardware_irq/irq.c.o
 *fill*         0x1000b565        0x3 
 .rodata.__func__.5
                0x1000b568       0x17 CMakeFiles/railroad_scanner.dir/home/karl/pico-sdk/src/rp2_common/hardware_irq/irq.c.o
 *fill*         0x1000b57f        0x1 
 .rodata.__func__.6
                0x1000b580       0x1a CMakeFiles/railroad_scanner.dir/home/karl/pico-sdk/src/rp2_common/hardware_irq/irq.c.o
 .rodata.runtime_init_mutex.str1.4
                0x1000b59a       0x51 CMakeFiles/railroad_scanner.dir/home/karl/pico-sdk/src/common/pico_sync/mutex.c.o
 .rodata.str1.4
                0x1000b59a       0x51 CMakeFiles/railroad_scanner.dir/home/karl/pico-sdk/src/common/pico_sync/mutex.c.o
 *fill*         0x1000b59a        0x2 
 .rodata.__func__.1
                0x1000b59c        0xb CMakeFiles/railroad_scanner.dir/home/karl/pico-sdk/src/common/pico_sync/mutex.c.o
 *fill*         0x1000b5a7        0x1 
 .rodata.__func__.3
                0x1000b5a8       0x18 CMakeFiles/railroad_scanner.dir/home/karl/pico-sdk/src/common/pico_sync/mutex.c.o
 .rodata.__func__.6
                0x1000b5c0       0x13 CMakeFiles/railroad_scanner.dir/home/karl/pico-sdk/src/common/pico_sync/mutex.c.o
 .rodata.alarm_pool_irq_handler.str1.4
                0x1000b5d3       0x5c CMakeFiles/railroad_scanner.dir/home/karl/pico-sdk/src/common/pico_time/time.c.o
 .rodata.alarm_pool_get_default.str1.4
                0x1000b5d3       0x21 CMakeFiles/railroad_scanner.dir/home/karl/pico-sdk/src/common/pico_time/time.c.o
 .rodata.sleep_until.str1.4
                0x1000b5d3       0x4d CMakeFiles/railroad_scanner.dir/home/karl/pico-sdk/src/common/pico_time/time.c.o
 *fill*         0x1000b5d3        0x1 
 .rodata.__func__.1
                0x1000b5d4       0x17 CMakeFiles/railroad_scanner.dir/home/karl/pico-sdk/src/common/pico_time/time.c.o
 *fill*         0x1000b5eb        0x1 
 .rodata.__func__.2
                0x1000b5ec       0x17 CMakeFiles/railroad_scanner.dir/home/karl/pico-sdk/src/common/pico_time/time.c.o
 .rodata.timer_hardware_alarm_claim.str1.4
                0x1000b603       0x22 CMakeFiles/railroad_scanner.dir/home/karl/pico-sdk/src/rp2_common/hardware_timer/timer.c.o
 .rodata.pll_init.str1.4
                0x1000b603      0x10c CMakeFiles/railroad_scanner.dir/home/karl/pico-sdk/src/rp2_common/hardware_pll/pll.c.o
 *fill*         0x1000b603        0x1 
 .rodata.__func__.0
                0x1000b604        0x9 CMakeFiles/railroad_scanner.dir/home/karl/pico-sdk/src/rp2_common/hardware_pll/pll.c.o
 .rodata.missing_double_func_shim.str1.4
                0x1000b60d       0x18 CMakeFiles/railroad_scanner.dir/home/karl/pico-sdk/src/rp2_common/pico_double/double_init_rom_rp2040.c.o
 .rodata.__aeabi_double_init.str1.4
                0x1000b60d       0x8c CMakeFiles/railroad_scanner.dir/home/karl/pico-sdk/src/rp2_common/pico_double/double_init_rom_rp2040.c.o
 *fill*         0x1000b60d        0x3 
 .rodata.__func__.0
                0x1000b610       0x14 CMakeFiles/railroad_scanner.dir/home/karl/pico-sdk/src/rp2_common/pico_double/double_init_rom_rp2040.c.o
 .rodata.missing_float_func_shim.str1.4
                0x1000b624        0x1 CMakeFiles/railroad_scanner.dir/home/karl/pico-sdk/src/rp2_common/pico_float/float_init_rom_rp2040.c.o
 .rodata.__aeabi_float_init.str1.4
                0x1000b624       0x7a CMakeFiles/railroad_scanner.dir/home/karl/pico-sdk/src/rp2_common/pico_float/float_init_rom_rp2040.c.o
 .rodata.__func__.0
                0x1000b624       0x13 CMakeFiles/railroad_scanner.dir/home/karl/pico-sdk/src/rp2_common/pico_float/float_init_rom_rp2040.c.o
 .rodata.str1.4
                0x1000b637       0x48 CMakeFiles/railroad_scanner.dir/home/karl/pico-sdk/src/rp2_common/pico_standard_binary_info/standard_binary_info.c.o
 *fill*         0x1000b637        0x1 
 .rodata.__bi_84
                0x1000b638        0xc CMakeFiles/railroad_scanner.dir/home/karl/pico-sdk/src/rp2_common/pico_standard_binary_info/standard_binary_info.c.o
 .rodata.__bi_78
                0x1000b644        0xc CMakeFiles/railroad_scanner.dir/home/karl/pico-sdk/src/rp2_common/pico_standard_binary_info/standard_binary_info.c.o
 .rodata.__bi_54
                0x1000b650        0xc CMakeFiles/railroad_scanner.dir/home/karl/pico-sdk/src/rp2_common/pico_standard_binary_info/standard_binary_info.c.o
 .rodata.__bi_48
                0x1000b65c        0xc CMakeFiles/railroad_scanner.dir/home/karl/pico-sdk/src/rp2_common/pico_standard_binary_info/standard_binary_info.c.o
 .rodata.__bi_42
                0x1000b668        0xc CMakeFiles/railroad_scanner.dir/home/karl/pico-sdk/src/rp2_common/pico_standard_binary_info/standard_binary_info.c.o
 .rodata.__bi_34
                0x1000b674        0xc CMakeFiles/railroad_scanner.dir/home/karl/pico-sdk/src/rp2_common/pico_standard_binary_info/standard_binary_info.c.o
 .rodata.__bi_26
                0x1000b680        0xc CMakeFiles/railroad_scanner.dir/home/karl/pico-sdk/src/rp2_common/pico_standard_binary_info/standard_binary_info.c.o
 .rodata._ftoa.str1.4
                0x1000b68c       0x15 CMakeFiles/railroad_scanner.dir/home/karl/pico-sdk/src/rp2_common/pico_printf/printf.c.o
 .rodata._vsnprintf
                0x1000b68c      0x19c CMakeFiles/railroad_scanner.dir/home/karl/pico-sdk/src/rp2_common/pico_printf/printf.c.o
 .rodata.pow10.0
                0x1000b828       0x50 CMakeFiles/railroad_scanner.dir/home/karl/pico-sdk/src/rp2_common/pico_printf/printf.c.o
 .rodata.__assert_func.str1.4
                0x1000b878       0x43 CMakeFiles/railroad_scanner.dir/home/karl/pico-sdk/src/rp2_common/pico_clib_interface/newlib_interface.c.o
 .rodata.crlf_str.0
                0x1000b878        0x2 CMakeFiles/railroad_scanner.dir/home/karl/pico-sdk/src/rp2_common/pico_stdio/stdio.c.o
 *fill*         0x1000b87a        0x2 
 .rodata._resetd_driver
                0x1000b87c       0x20 CMakeFiles/railroad_scanner.dir/home/karl/pico-sdk/src/rp2_common/pico_stdio_usb/reset_interface.c.o
 .rodata.desc_ms_os_20
                0x1000b89c       0xa6 CMakeFiles/railroad_scanner.dir/home/karl/pico-sdk/src/rp2_common/pico_stdio_usb/reset_interface.c.o
 *fill*         0x1000b942        0x2 
 .rodata.desc_bos
                0x1000b944       0x21 CMakeFiles/railroad_scanner.dir/home/karl/pico-sdk/src/rp2_common/pico_stdio_usb/reset_interface.c.o
                0x1000b944                desc_bos
 .rodata.stdio_usb_init.str1.4
                0x1000b965       0x46 CMakeFiles/railroad_scanner.dir/home/karl/pico-sdk/src/rp2_common/pico_stdio_usb/stdio_usb.c.o
 .rodata.str1.4
                0x1000b965       0x13 CMakeFiles/railroad_scanner.dir/home/karl/pico-sdk/src/rp2_common/pico_stdio_usb/stdio_usb.c.o
 *fill*         0x1000b965        0x3 
 .rodata.__bi_202.1
                0x1000b968        0xc CMakeFiles/railroad_scanner.dir/home/karl/pico-sdk/src/rp2_common/pico_stdio_usb/stdio_usb.c.o
 .rodata.__func__.2
                0x1000b974        0xf CMakeFiles/railroad_scanner.dir/home/karl/pico-sdk/src/rp2_common/pico_stdio_usb/stdio_usb.c.o
 .rodata.str1.4
                0x1000b983       0x2a CMakeFiles/railroad_scanner.dir/home/karl/pico-sdk/src/rp2_common/pico_stdio_usb/stdio_usb_descriptors.c.o
 *fill*         0x1000b983        0x1 
 .rodata.usbd_desc_str
                0x1000b984       0x18 CMakeFiles/railroad_scanner.dir/home/karl/pico-sdk/src/rp2_common/pico_stdio_usb/stdio_usb_descriptors.c.o
 .rodata.usbd_desc_cfg
                0x1000b99c       0x54 CMakeFiles/railroad_scanner.dir/home/karl/pico-sdk/src/rp2_common/pico_stdio_usb/stdio_usb_descriptors.c.o
 .rodata.usbd_desc_device
                0x1000b9f0       0x12 CMakeFiles/railroad_scanner.dir/home/karl/pico-sdk/src/rp2_common/pico_stdio_usb/stdio_usb_descriptors.c.o
 .rodata.pico_get_unique_board_id_string.str1.4
                0x1000ba02       0x46 CMakeFiles/railroad_scanner.dir/home/karl/pico-sdk/src/rp2_common/pico_unique_id/unique_id.c.o
 *fill*         0x1000ba02        0x2 
 .rodata.__func__.0
                0x1000ba04       0x20 CMakeFiles/railroad_scanner.dir/home/karl/pico-sdk/src/rp2_common/pico_unique_id/unique_id.c.o
 .rodata.str1.4
                0x1000ba24      0x1f5 CMakeFiles/railroad_scanner.dir/home/karl/pico-sdk/src/rp2_common/hardware_flash/flash.c.o
 .rodata.__func__.0
                0x1000ba24        0xd CMakeFiles/railroad_scanner.dir/home/karl/pico-sdk/src/rp2_common/hardware_flash/flash.c.o
 .rodata.hw_endpoint_alloc.str1.4
                0x1000ba31       0x91 CMakeFiles/railroad_scanner.dir/home/karl/pico-sdk/lib/tinyusb/src/portable/raspberrypi/rp2040/dcd_rp2040.c.o
 .rodata.str1.4
                0x1000ba31       0x14 CMakeFiles/railroad_scanner.dir/home/karl/pico-sdk/lib/tinyusb/src/portable/raspberrypi/rp2040/dcd_rp2040.c.o
 .rodata.dcd_int_enable.str1.4
                0x1000ba31        0xc CMakeFiles/railroad_scanner.dir/home/karl/pico-sdk/lib/tinyusb/src/portable/raspberrypi/rp2040/dcd_rp2040.c.o
 *fill*         0x1000ba31        0x3 
 .rodata.__func__.0
                0x1000ba34        0xe CMakeFiles/railroad_scanner.dir/home/karl/pico-sdk/lib/tinyusb/src/portable/raspberrypi/rp2040/dcd_rp2040.c.o
 *fill*         0x1000ba42        0x2 
 .rodata.__func__.3
                0x1000ba44       0x10 CMakeFiles/railroad_scanner.dir/home/karl/pico-sdk/lib/tinyusb/src/portable/raspberrypi/rp2040/dcd_rp2040.c.o
 .rodata.__func__.5
                0x1000ba54        0xf CMakeFiles/railroad_scanner.dir/home/karl/pico-sdk/lib/tinyusb/src/portable/raspberrypi/rp2040/dcd_rp2040.c.o
 *fill*         0x1000ba63        0x1 
 .rodata.__func__.6
                0x1000ba64       0x12 CMakeFiles/railroad_scanner.dir/home/karl/pico-sdk/lib/tinyusb/src/portable/raspberrypi/rp2040/dcd_rp2040.c.o
 *fill*         0x1000ba76        0x2 
 .rodata.__func__.7
                0x1000ba78        0x9 CMakeFiles/railroad_scanner.dir/home/karl/pico-sdk/lib/tinyusb/src/portable/raspberrypi/rp2040/dcd_rp2040.c.o
 .rodata.str1.4
                0x1000ba81       0xd8 CMakeFiles/railroad_scanner.dir/home/karl/pico-sdk/lib/tinyusb/src/portable/raspberrypi/rp2040/rp2040_usb.c.o
 .rodata.hw_endpoint_xfer_start.str1.4
                0x1000ba81       0x38 CMakeFiles/railroad_scanner.dir/home/karl/pico-sdk/lib/tinyusb/src/portable/raspberrypi/rp2040/rp2040_usb.c.o
 *fill*         0x1000ba81        0x3 
 .rodata.__func__.0
                0x1000ba84        0xf CMakeFiles/railroad_scanner.dir/home/karl/pico-sdk/lib/tinyusb/src/portable/raspberrypi/rp2040/rp2040_usb.c.o
 .rodata.configuration_reset.str1.4
                0x1000ba93       0x17 CMakeFiles/railroad_scanner.dir/home/karl/pico-sdk/lib/tinyusb/src/device/usbd.c.o
 *fill*         0x1000ba93        0x1 
 .rodata.process_get_descriptor
                0x1000ba94       0x40 CMakeFiles/railroad_scanner.dir/home/karl/pico-sdk/lib/tinyusb/src/device/usbd.c.o
 .rodata        0x1000bad4       0x1c CMakeFiles/railroad_scanner.dir/home/karl/pico-sdk/lib/tinyusb/src/device/usbd.c.o
 .rodata.process_control_request
                0x1000baf0       0x28 CMakeFiles/railroad_scanner.dir/home/karl/pico-sdk/lib/tinyusb/src/device/usbd.c.o
 .rodata.tud_task_ext
                0x1000bb18       0x24 CMakeFiles/railroad_scanner.dir/home/karl/pico-sdk/lib/tinyusb/src/device/usbd.c.o
 .rodata.__func__.3
                0x1000bb3c        0xf CMakeFiles/railroad_scanner.dir/home/karl/pico-sdk/lib/tinyusb/src/device/usbd.c.o
 *fill*         0x1000bb4b        0x1 
 .rodata.__func__.4