Archive member included to satisfy reference by file (symbol)

/usr/lib/gcc/arm-none-eabi/13.2.1/thumb/v6-m/nofp/libgcc.a(_dvmd_tls.o)
                              CMakeFiles/railroad_scanner.dir/home/karl/pico-sdk/src/rp2_common/pico_divider/divider_hardware.S.o (__aeabi_idiv0)
/usr/lib/gcc/arm-none-eabi/13.2.1/../../../arm-none-eabi/lib/thumb/v6-m/nofp/libg.a(libc_a-strncpy.o)
                              CMakeFiles/railroad_scanner.dir/src/main.cpp.o (strncpy)
/usr/lib/gcc/arm-none-eabi/13.2.1/../../../arm-none-eabi/lib/thumb/v6-m/nofp/libg.a(libc_a-strtok.o)
                              CMakeFiles/railroad_scanner.dir/src/main.cpp.o (strtok)
/usr/lib/gcc/arm-none-eabi/13.2.1/../../../arm-none-eabi/lib/thumb/v6-m/nofp/libg.a(libc_a-strtod.o)
                              CMakeFiles/railroad_scanner.dir/src/main.cpp.o (strtof)
/usr/lib/gcc/arm-none-eabi/13.2.1/../../../arm-none-eabi/lib/thumb/v6-m/nofp/libg.a(libc_a-locale.o)
                              /usr/lib/gcc/arm-none-eabi/13.2.1/../../../arm-none-eabi/lib/thumb/v6-m/nofp/libg.a(libc_a-strtod.o) (__global_locale)
/usr/lib/gcc/arm-none-eabi/13.2.1/../../../arm-none-eabi/lib/thumb/v6-m/nofp/libg.a(libc_a-strcmp.o)
                              /usr/lib/gcc/arm-none-eabi/13.2.1/../../../arm-none-eabi/lib/thumb/v6-m/nofp/libg.a(libc_a-locale.o) (strcmp)
/usr/lib/gcc/arm-none-eabi/13.2.1/../../../arm-none-eabi/lib/thumb/v6-m/nofp/libg.a(libc_a-gdtoa-gethex.o)
                              /usr/lib/gcc/arm-none-eabi/13.2.1/../../../arm-none-eabi/lib/thumb/v6-m/nofp/libg.a(libc_a-strtod.o) (__gethex)
/usr/lib/gcc/arm-none-eabi/13.2.1/../../../arm-none-eabi/lib/thumb/v6-m/nofp/libg.a(libc_a-mbtowc_r.o)
                              /usr/lib/gcc/arm-none-eabi/13.2.1/../../../arm-none-eabi/lib/thumb/v6-m/nofp/libg.a(libc_a-locale.o) (__ascii_mbtowc)
/usr/lib/gcc/arm-none-eabi/13.2.1/../../../arm-none-eabi/lib/thumb/v6-m/nofp/libg.a(libc_a-strncmp.o)
                              /usr/lib/gcc/arm-none-eabi/13.2.1/../../../arm-none-eabi/lib/thumb/v6-m/nofp/libg.a(libc_a-strtod.o) (strncmp)
/usr/lib/gcc/arm-none-eabi/13.2.1/../../../arm-none-eabi/lib/thumb/v6-m/nofp/libg.a(libc_a-calloc.o)
                              CMakeFiles/railroad_scanner.dir/home/karl/pico-sdk/src/rp2_common/pico_malloc/malloc.c.o (calloc)
/usr/lib/gcc/arm-none-eabi/13.2.1/../../../arm-none-eabi/lib/thumb/v6-m/nofp/libg.a(libc_a-errno.o)
                              /usr/lib/gcc/arm-none-eabi/13.2.1/../../../arm-none-eabi/lib/thumb/v6-m/nofp/libg.a(libc_a-strtod.o) (__errno)
/usr/lib/gcc/arm-none-eabi/13.2.1/../../../arm-none-eabi/lib/thumb/v6-m/nofp/libg.a(libc_a-impure.o)
                              /usr/lib/gcc/arm-none-eabi/13.2.1/../../../arm-none-eabi/lib/thumb/v6-m/nofp/libg.a(libc_a-strtok.o) (_impure_ptr)
/usr/lib/gcc/arm-none-eabi/13.2.1/../../../arm-none-eabi/lib/thumb/v6-m/nofp/libg.a(libc_a-callocr.o)
                              /usr/lib/gcc/arm-none-eabi/13.2.1/../../../arm-none-eabi/lib/thumb/v6-m/nofp/libg.a(libc_a-calloc.o) (_calloc_r)
/usr/lib/gcc/arm-none-eabi/13.2.1/../../../arm-none-eabi/lib/thumb/v6-m/nofp/libg.a(libc_a-realloc.o)
                              CMakeFiles/railroad_scanner.dir/home/karl/pico-sdk/src/rp2_common/pico_malloc/malloc.c.o (realloc)
/usr/lib/gcc/arm-none-eabi/13.2.1/../../../arm-none-eabi/lib/thumb/v6-m/nofp/libg.a(libc_a-mallocr.o)
                              /usr/lib/gcc/arm-none-eabi/13.2.1/../../../arm-none-eabi/lib/thumb/v6-m/nofp/libg.a(libc_a-callocr.o) (_malloc_r)
/usr/lib/gcc/arm-none-eabi/13.2.1/../../../arm-none-eabi/lib/thumb/v6-m/nofp/libg.a(libc_a-freer.o)
                              /usr/lib/gcc/arm-none-eabi/13.2.1/../../../arm-none-eabi/lib/thumb/v6-m/nofp/libg.a(libc_a-mallocr.o) (_free_r)
/usr/lib/gcc/arm-none-eabi/13.2.1/../../../arm-none-eabi/lib/thumb/v6-m/nofp/libg.a(libc_a-strtok_r.o)
                              /usr/lib/gcc/arm-none-eabi/13.2.1/../../../arm-none-eabi/lib/thumb/v6-m/nofp/libg.a(libc_a-strtok.o) (__strtok_r)
/usr/lib/gcc/arm-none-eabi/13.2.1/../../../arm-none-eabi/lib/thumb/v6-m/nofp/libg.a(libc_a-memcmp.o)
                              CMakeFiles/railroad_scanner.dir/home/karl/pico-sdk/src/rp2_common/pico_atomic/atomic.c.o (memcmp)
/usr/lib/gcc/arm-none-eabi/13.2.1/../../../arm-none-eabi/lib/thumb/v6-m/nofp/libg.a(libc_a-wctomb_r.o)
                              /usr/lib/gcc/arm-none-eabi/13.2.1/../../../arm-none-eabi/lib/thumb/v6-m/nofp/libg.a(libc_a-locale.o) (__ascii_wctomb)
/usr/lib/gcc/arm-none-eabi/13.2.1/../../../arm-none-eabi/lib/thumb/v6-m/nofp/libg.a(libc_a-malloc.o)
                              CMakeFiles/railroad_scanner.dir/home/karl/pico-sdk/src/rp2_common/pico_malloc/malloc.c.o (malloc)
/usr/lib/gcc/arm-none-eabi/13.2.1/../../../arm-none-eabi/lib/thumb/v6-m/nofp/libg.a(libc_a-sysconf.o)
                              /usr/lib/gcc/arm-none-eabi/13.2.1/../../../arm-none-eabi/lib/thumb/v6-m/nofp/libg.a(libc_a-mallocr.o) (sysconf)
[...]
Memory Configuration

Name             Origin             Length             Attributes
FLASH            0x10000000         0x00200000         xr
RAM              0x20000000         0x00040000         xrw
SCRATCH_X        0x20040000         0x00001000         xrw
SCRATCH_Y        0x20041000         0x00001000         xrw
*default*        0x00000000         0xffffffff

Linker script and memory map

LOAD /usr/lib/gcc/arm-none-eabi/13.2.1/thumb/v6-m/nofp/crti.o
LOAD /usr/lib/gcc/arm-none-eabi/13.2.1/thumb/v6-m/nofp/crtbegin.o
LOAD /usr/lib/gcc/arm-none-eabi/13.2.1/../../../arm-none-eabi/lib/thumb/v6-m/nofp/crt0.o

.flash_begin    0x10000000        0x0
                0x10000000                        __flash_binary_start = .

.boot2          0x10000000      0x100
                0x10000000                        __boot2_start__ = .
 *(.boot2)
 .boot2         0x10000000      0x100 pico-sdk/src/rp2040/boot_stage2/CMakeFiles/bs2_default_library.dir/bs2_default_padded_checksummed.S.o
                0x10000100                        __boot2_end__ = .
                0x00000001                        ASSERT (((__boot2_end__ - __boot2_start__) == 0x100), ERROR: Pico second stage bootloader must be 256 bytes in size)

.text           0x10000100     0xa4c8
                0x10000100                        __logical_binary_start = .
 *(.vectors)
 .vectors       0x10000100       0xd4 CMakeFiles/railroad_scanner.dir/home/karl/pico-sdk/src/rp2_common/pico_crt0/crt0.S.o
                0x10000100                __vectors
                0x10000100                __VECTOR_TABLE
                0x100001c0                isr_irq30
                0x100001c0                __unhandled_user_irq
                0x100001c0                isr_irq13
                0x100001c0                isr_irq27
                0x100001c0                isr_irq31
                0x100001c0                isr_irq5
                0x100001c0                isr_irq11
                0x100001c0                isr_irq23
                0x100001c0                isr_irq18
                0x100001c0                isr_irq28
                0x100001c0                isr_irq19
                0x100001c0                isr_irq0
                0x100001c0                isr_irq6
                0x100001c0                isr_irq22
                0x100001c0                isr_irq17
                0x100001c0                isr_irq14
                0x100001c0                __vectors_end
                0x100001c0                __default_isrs_start
                0x100001c0                isr_irq2
                0x100001c0                isr_irq10
                0x100001c0                isr_irq8
                0x100001c0                isr_irq24
                0x100001c0                isr_irq1
                0x100001c0                isr_irq7
                0x100001c0                isr_irq21
                0x100001c0                isr_irq20
                0x100001c0                isr_irq15
                0x100001c0                isr_irq25
                0x100001c0                isr_irq4
                0x100001c0                isr_irq16
                0x100001c0                isr_irq29
                0x100001c0                isr_irq26
                0x100001c0                isr_irq3
                0x100001c0                isr_irq12
                0x100001c0                isr_irq9
                0x100001c6                unhandled_user_irq_num_in_r0
                0x100001c8                isr_invalid
                0x100001ca                isr_nmi
                0x100001cc                isr_hardfault
                0x100001ce                isr_svcall
                0x100001d0                isr_pendsv
                0x100001d2                isr_systick
                0x100001d4                __default_isrs_end
 *(.binary_info_header)
 .binary_info_header
                0x100001d4       0x14 CMakeFiles/railroad_scanner.dir/home/karl/pico-sdk/src/rp2_common/pico_crt0/crt0.S.o
                0x100001e8                        __binary_info_header_end = .
 *(.embedded_block)
                0x100001e8                        __embedded_block_end = .
 *(.reset)
 .reset         0x100001e8       0x9c CMakeFiles/railroad_scanner.dir/home/karl/pico-sdk/src/rp2_common/pico_crt0/crt0.S.o
                0x100001e8                _entry_point
 *(.init)
 .init          0x10000284        0x4 /usr/lib/gcc/arm-none-eabi/13.2.1/thumb/v6-m/nofp/crti.o
                0x10000284                _init
 *(EXCLUDE_FILE(*libm.a: *libc.a:*lib_a-mem*.o *libgcc.a:) .text*)
 .text          0x10000288       0x98 /usr/lib/gcc/arm-none-eabi/13.2.1/thumb/v6-m/nofp/crtbegin.o
 .text.uart_getc
                0x10000320       0x24 CMakeFiles/railroad_scanner.dir/src/main.cpp.o
 .text._ZL14oled_draw_charhhc
                0x10000344       0x50 CMakeFiles/railroad_scanner.dir/src/main.cpp.o
 .text._ZL16oled_draw_stringhhPKc
                0x10000394       0x26 CMakeFiles/railroad_scanner.dir/src/main.cpp.o
 *fill*         0x100003ba        0x2 
 .text._ZL19oled_draw_separatorh
                0x100003bc       0x1c CMakeFiles/railroad_scanner.dir/src/main.cpp.o
 .text._ZL22scanner_set_continuousv
                0x100003d8       0x4c CMakeFiles/railroad_scanner.dir/src/main.cpp.o
 .text._ZL19scanner_set_commandv
                0x10000424       0x48 CMakeFiles/railroad_scanner.dir/src/main.cpp.o
 .text.i2c_write_timeout_us
                0x1000046c       0x54 CMakeFiles/railroad_scanner.dir/src/main.cpp.o
 .text._ZL14oled_write_cmdh
                0x100004c0       0x2c CMakeFiles/railroad_scanner.dir/src/main.cpp.o
 .text._ZL9oled_initv
                0x100004ec       0xa0 CMakeFiles/railroad_scanner.dir/src/main.cpp.o
 .text._ZL10oled_clearv
                0x1000058c       0x14 CMakeFiles/railroad_scanner.dir/src/main.cpp.o
 .text._ZL10oled_flushv
                0x100005a0       0x78 CMakeFiles/railroad_scanner.dir/src/main.cpp.o
 .text._ZL19display_mode_changeb
                0x10000618       0x54 CMakeFiles/railroad_scanner.dir/src/main.cpp.o
 .text._ZL13display_errorPKc
                0x1000066c       0x40 CMakeFiles/railroad_scanner.dir/src/main.cpp.o
 .text._ZL14display_splashb
                0x100006ac       0x90 CMakeFiles/railroad_scanner.dir/src/main.cpp.o
 .text._ZL20scanner_send_triggerv
                0x1000073c       0xbc CMakeFiles/railroad_scanner.dir/src/main.cpp.o
 .text._ZL16scanner_readlinePcim
                0x100007f8       0xac CMakeFiles/railroad_scanner.dir/src/main.cpp.o
 .text._ZL16display_car_dataPK7CarDatab
                0x100008a4       0xa0 CMakeFiles/railroad_scanner.dir/src/main.cpp.o
 .text._ZL4trimPc
                0x10000944       0x30 CMakeFiles/railroad_scanner.dir/src/main.cpp.o
 .text._ZL14parse_car_dataPKcP7CarData
                0x10000974       0xf4 CMakeFiles/railroad_scanner.dir/src/main.cpp.o
 .text.main     0x10000a68      0x2dc CMakeFiles/railroad_scanner.dir/src/main.cpp.o
                0x10000a68                main
 .text.gpio_set_function
                0x10000d44       0x34 CMakeFiles/railroad_scanner.dir/home/karl/pico-sdk/src/rp2_common/hardware_gpio/gpio.c.o
                0x10000d44                gpio_set_function
 .text.gpio_set_pulls
                0x10000d78       0x38 CMakeFiles/railroad_scanner.dir/home/karl/pico-sdk/src/rp2_common/hardware_gpio/gpio.c.o
                0x10000d78                gpio_set_pulls
 .text.gpio_init
                0x10000db0       0x16 CMakeFiles/railroad_scanner.dir/home/karl/pico-sdk/src/rp2_common/hardware_gpio/gpio.c.o
                0x10000db0                gpio_init
 *fill*         0x10000dc6        0x2 
 .text.rp2040_chip_version
                0x10000dc8       0x54 CMakeFiles/railroad_scanner.dir/home/karl/pico-sdk/src/rp2040/pico_platform/platform.c.o
                0x10000dc8                rp2040_chip_version
 .text.panic    0x10000e1c       0x30 CMakeFiles/railroad_scanner.dir/home/karl/pico-sdk/src/rp2_common/pico_platform_panic/panic.c.o
                0x10000e1c                panic
 .text.hw_claim_lock
                0x10000e4c       0x18 CMakeFiles/railroad_scanner.dir/home/karl/pico-sdk/src/common/hardware_claim/claim.c.o
                0x10000e4c                hw_claim_lock
 .text.hw_claim_unlock
                0x10000e64       0x14 CMakeFiles/railroad_scanner.dir/home/karl/pico-sdk/src/common/hardware_claim/claim.c.o
                0x10000e64                hw_claim_unlock
 .text.hw_claim_or_assert
                0x10000e78       0x32 CMakeFiles/railroad_scanner.dir/home/karl/pico-sdk/src/common/hardware_claim/claim.c.o
                0x10000e78                hw_claim_or_assert
 .text.hw_claim_unused_from_range
                0x10000eaa       0x50 CMakeFiles/railroad_scanner.dir/home/karl/pico-sdk/src/common/hardware_claim/claim.c.o
                0x10000eaa                hw_claim_unused_from_range
 *fill*         0x10000efa        0x2 
 .text.next_striped_spin_lock_num
                0x10000efc       0x1c CMakeFiles/railroad_scanner.dir/home/karl/pico-sdk/src/rp2_common/hardware_sync/sync.c.o
                0x10000efc                next_striped_spin_lock_num
 .text.spin_lock_claim_unused
                0x10000f18       0x24 CMakeFiles/railroad_scanner.dir/home/karl/pico-sdk/src/rp2_common/hardware_sync/sync.c.o
                0x10000f18                spin_lock_claim_unused
 .text.spin_locks_reset
                0x10000f3c       0x20 CMakeFiles/railroad_scanner.dir/home/karl/pico-sdk/src/rp2_common/hardware_sync_spin_lock/sync_spin_lock.c.o
                0x10000f3c                spin_locks_reset
 .text.set_raw_irq_handler_and_unlock
                0x10000f5c       0x28 CMakeFiles/railroad_scanner.dir/home/karl/pico-sdk/src/rp2_common/hardware_irq/irq.c.o
 .text.nvic_ipr0
                0x10000f84        0x8 CMakeFiles/railroad_scanner.dir/home/karl/pico-sdk/src/rp2_common/hardware_irq/irq.c.o
 .text.runtime_init_per_core_irq_priorities
                0x10000f8c       0x1c CMakeFiles/railroad_scanner.dir/home/karl/pico-sdk/src/rp2_common/hardware_irq/irq.c.o
                0x10000f8c                runtime_init_per_core_irq_priorities
 .text.resolve_j_16
                0x10000fa8       0x30 CMakeFiles/railroad_scanner.dir/home/karl/pico-sdk/src/rp2_common/hardware_irq/irq.c.o
 .text.make_j_16
                0x10000fd8       0x48 CMakeFiles/railroad_scanner.dir/home/karl/pico-sdk/src/rp2_common/hardware_irq/irq.c.o
 .text.irq_is_enabled
                0x10001020       0x18 CMakeFiles/railroad_scanner.dir/home/karl/pico-sdk/src/rp2_common/hardware_irq/irq.c.o
                0x10001020                irq_is_enabled
 .text.irq_set_mask_n_enabled
                0x10001038       0x1c CMakeFiles/railroad_scanner.dir/home/karl/pico-sdk/src/rp2_common/hardware_irq/irq.c.o
                0x10001038                irq_set_mask_n_enabled
 .text.irq_set_enabled
                0x10001054       0x14 CMakeFiles/railroad_scanner.dir/home/karl/pico-sdk/src/rp2_common/hardware_irq/irq.c.o
                0x10001054                irq_set_enabled
 .text.irq_set_pending
                0x10001068       0x10 CMakeFiles/railroad_scanner.dir/home/karl/pico-sdk/src/rp2_common/hardware_irq/irq.c.o
                0x10001068                irq_set_pending
 .text.irq_get_vtable_handler
                0x10001078       0x10 CMakeFiles/railroad_scanner.dir/home/karl/pico-sdk/src/rp2_common/hardware_irq/irq.c.o
                0x10001078                irq_get_vtable_handler
 .text.irq_has_shared_handler
                0x10001088       0x1c CMakeFiles/railroad_scanner.dir/home/karl/pico-sdk/src/rp2_common/hardware_irq/irq.c.o
                0x10001088                irq_has_shared_handler
 .text.irq_set_exclusive_handler
                0x100010a4       0x54 CMakeFiles/railroad_scanner.dir/home/karl/pico-sdk/src/rp2_common/hardware_irq/irq.c.o
                0x100010a4                irq_set_exclusive_handler
 .text.irq_add_shared_handler
                0x100010f8      0x218 CMakeFiles/railroad_scanner.dir/home/karl/pico-sdk/src/rp2_common/hardware_irq/irq.c.o
                0x100010f8                irq_add_shared_handler
 .text.irq_add_tail_to_free_list
                0x10001310       0xf4 CMakeFiles/railroad_scanner.dir/home/karl/pico-sdk/src/rp2_common/hardware_irq/irq.c.o
                0x10001310                irq_add_tail_to_free_list
 .text.user_irq_claim_unused
                0x10001404       0x2c CMakeFiles/railroad_scanner.dir/home/karl/pico-sdk/src/rp2_common/hardware_irq/irq.c.o
                0x10001404                user_irq_claim_unused
 .text.lock_init
                0x10001430       0x10 CMakeFiles/railroad_scanner.dir/home/karl/pico-sdk/src/common/pico_sync/lock_core.c.o
                0x10001430                lock_init
 .text.mutex_init
                0x10001440       0x1a CMakeFiles/railroad_scanner.dir/home/karl/pico-sdk/src/common/pico_sync/mutex.c.o
                0x10001440                mutex_init
 .text.recursive_mutex_init
                0x1000145a       0x1e CMakeFiles/railroad_scanner.dir/home/karl/pico-sdk/src/common/pico_sync/mutex.c.o
                0x1000145a                recursive_mutex_init
 .text.runtime_init_mutex
                0x10001478       0x4c CMakeFiles/railroad_scanner.dir/home/karl/pico-sdk/src/common/pico_sync/mutex.c.o
                0x10001478                runtime_init_mutex
 .text.critical_section_init_with_lock_num
                0x100014c4       0x14 CMakeFiles/railroad_scanner.dir/home/karl/pico-sdk/src/common/pico_sync/critical_section.c.o
                0x100014c4                critical_section_init_with_lock_num
 .text.critical_section_init
                0x100014d8       0x14 CMakeFiles/railroad_scanner.dir/home/karl/pico-sdk/src/common/pico_sync/critical_section.c.o
                0x100014d8                critical_section_init
 .text.ta_set_timeout
                0x100014ec       0x24 CMakeFiles/railroad_scanner.dir/home/karl/pico-sdk/src/common/pico_time/time.c.o
 .text.make_alarm_id
                0x10001510        0x6 CMakeFiles/railroad_scanner.dir/home/karl/pico-sdk/src/common/pico_time/time.c.o
 *fill*         0x10001516        0x2 
 .text.sleep_until_callback
                0x10001518       0x30 CMakeFiles/railroad_scanner.dir/home/karl/pico-sdk/src/common/pico_time/time.c.o
 .text.alarm_pool_irq_handler
                0x10001548      0x2e8 CMakeFiles/railroad_scanner.dir/home/karl/pico-sdk/src/common/pico_time/time.c.o
 .text.ta_enable_irq_handler
                0x10001830       0x2c CMakeFiles/railroad_scanner.dir/home/karl/pico-sdk/src/common/pico_time/time.c.o
 .text.alarm_pool_post_alloc_init
                0x1000185c       0x78 CMakeFiles/railroad_scanner.dir/home/karl/pico-sdk/src/common/pico_time/time.c.o
 .text.alarm_pool_get_default
                0x100018d4       0x2c CMakeFiles/railroad_scanner.dir/home/karl/pico-sdk/src/common/pico_time/time.c.o
                0x100018d4                alarm_pool_get_default
 .text.alarm_pool_add_alarm_at_force_in_context
                0x10001900       0xa4 CMakeFiles/railroad_scanner.dir/home/karl/pico-sdk/src/common/pico_time/time.c.o
                0x10001900                alarm_pool_add_alarm_at_force_in_context
 .text.alarm_pool_add_alarm_at
                0x100019a4       0x3c CMakeFiles/railroad_scanner.dir/home/karl/pico-sdk/src/common/pico_time/time.c.o
                0x100019a4                alarm_pool_add_alarm_at
 .text.add_alarm_at
                0x100019e0       0x2e CMakeFiles/railroad_scanner.dir/home/karl/pico-sdk/src/common/pico_time/time.c.o
 *fill*         0x10001a0e        0x2 
 .text.alarm_pool_cancel_alarm
                0x10001a10       0x78 CMakeFiles/railroad_scanner.dir/home/karl/pico-sdk/src/common/pico_time/time.c.o
                0x10001a10                alarm_pool_cancel_alarm
 .text.cancel_alarm
                0x10001a88       0x10 CMakeFiles/railroad_scanner.dir/home/karl/pico-sdk/src/common/pico_time/time.c.o
 .text.alarm_pool_core_num
                0x10001a98        0x4 CMakeFiles/railroad_scanner.dir/home/karl/pico-sdk/src/common/pico_time/time.c.o
                0x10001a98                alarm_pool_core_num
 .text.sleep_until
                0x10001a9c       0xc0 CMakeFiles/railroad_scanner.dir/home/karl/pico-sdk/src/common/pico_time/time.c.o
                0x10001a9c                sleep_until
 .text.sleep_us
                0x10001b5c       0x24 CMakeFiles/railroad_scanner.dir/home/karl/pico-sdk/src/common/pico_time/time.c.o
                0x10001b5c                sleep_us
 .text.sleep_ms
                0x10001b80       0x14 CMakeFiles/railroad_scanner.dir/home/karl/pico-sdk/src/common/pico_time/time.c.o
                0x10001b80                sleep_ms
 .text.best_effort_wfe_or_timeout
                0x10001b94      0x12c CMakeFiles/railroad_scanner.dir/home/karl/pico-sdk/src/common/pico_time/time.c.o
                0x10001b94                best_effort_wfe_or_timeout
 .text.alarm_pool_get_default_timer
                0x10001cc0        0x8 CMakeFiles/railroad_scanner.dir/home/karl/pico-sdk/src/common/pico_time/time.c.o
                0x10001cc0                alarm_pool_get_default_timer
 .text.runtime_init_default_alarm_pool
                0x10001cc8       0x38 CMakeFiles/railroad_scanner.dir/home/karl/pico-sdk/src/common/pico_time/time.c.o
                0x10001cc8                runtime_init_default_alarm_pool
 .text.check_single_timeout_us
                0x10001d00       0x2c CMakeFiles/railroad_scanner.dir/home/karl/pico-sdk/src/common/pico_time/timeout_helper.c.o
 .text.init_single_timeout_until
                0x10001d2c        0xc CMakeFiles/railroad_scanner.dir/home/karl/pico-sdk/src/common/pico_time/timeout_helper.c.o
                0x10001d2c                init_single_timeout_until
 .text.timer_hardware_alarm_claim
                0x10001d38       0x14 CMakeFiles/railroad_scanner.dir/home/karl/pico-sdk/src/rp2_common/hardware_timer/timer.c.o
                0x10001d38                timer_hardware_alarm_claim
 .text.timer_time_us_64
                0x10001d4c       0x10 CMakeFiles/railroad_scanner.dir/home/karl/pico-sdk/src/rp2_common/hardware_timer/timer.c.o
                0x10001d4c                timer_time_us_64
 .text.timer_busy_wait_until
                0x10001d5c       0x1a CMakeFiles/railroad_scanner.dir/home/karl/pico-sdk/src/rp2_common/hardware_timer/timer.c.o
                0x10001d5c                timer_busy_wait_until
 .text.timer_busy_wait_us
                0x10001d76       0x38 CMakeFiles/railroad_scanner.dir/home/karl/pico-sdk/src/rp2_common/hardware_timer/timer.c.o
                0x10001d76                timer_busy_wait_us
 *fill*         0x10001dae        0x2 
 .text.time_us_64
                0x10001db0       0x10 CMakeFiles/railroad_scanner.dir/home/karl/pico-sdk/src/rp2_common/hardware_timer/timer.c.o
                0x10001db0                time_us_64
 .text.busy_wait_us
                0x10001dc0       0x14 CMakeFiles/railroad_scanner.dir/home/karl/pico-sdk/src/rp2_common/hardware_timer/timer.c.o
                0x10001dc0                busy_wait_us
 .text.busy_wait_until
                0x10001dd4       0x14 CMakeFiles/railroad_scanner.dir/home/karl/pico-sdk/src/rp2_common/hardware_timer/timer.c.o
                0x10001dd4                busy_wait_until
 .text.uart_unreset
                0x10001de8       0x2c CMakeFiles/railroad_scanner.dir/home/karl/pico-sdk/src/rp2_common/hardware_uart/uart.c.o
 .text.uart_disable_before_lcr_write
                0x10001e14       0x48 CMakeFiles/railroad_scanner.dir/home/karl/pico-sdk/src/rp2_common/hardware_uart/uart.c.o
 .text.uart_write_lcr_bits_masked
                0x10001e5c       0x20 CMakeFiles/railroad_scanner.dir/home/karl/pico-sdk/src/rp2_common/hardware_uart/uart.c.o
 .text.uart_set_baudrate
                0x10001e7c       0x5c CMakeFiles/railroad_scanner.dir/home/karl/pico-sdk/src/rp2_common/hardware_uart/uart.c.o
                0x10001e7c                uart_set_baudrate
 .text.uart_set_translate_crlf
                0x10001ed8       0x28 CMakeFiles/railroad_scanner.dir/home/karl/pico-sdk/src/rp2_common/hardware_uart/uart.c.o
                0x10001ed8                uart_set_translate_crlf
 .text.uart_init
                0x10001f00       0x64 CMakeFiles/railroad_scanner.dir/home/karl/pico-sdk/src/rp2_common/hardware_uart/uart.c.o
                0x10001f00                uart_init
 .text.clock_configure_internal
                0x10001f64       0xc4 CMakeFiles/railroad_scanner.dir/home/karl/pico-sdk/src/rp2_common/hardware_clocks/clocks.c.o
 .text.clock_configure_int_divider
                0x10002028       0x28 CMakeFiles/railroad_scanner.dir/home/karl/pico-sdk/src/rp2_common/hardware_clocks/clocks.c.o
                0x10002028                clock_configure_int_divider
 .text.clock_configure_undivided
                0x10002050       0x12 CMakeFiles/railroad_scanner.dir/home/karl/pico-sdk/src/rp2_common/hardware_clocks/clocks.c.o
                0x10002050                clock_configure_undivided
 *fill*         0x10002062        0x2 
 .text.clock_get_hz
                0x10002064        0xc CMakeFiles/railroad_scanner.dir/home/karl/pico-sdk/src/rp2_common/hardware_clocks/clocks.c.o
                0x10002064                clock_get_hz
 .text.pll_init
                0x10002070      0x124 CMakeFiles/railroad_scanner.dir/home/karl/pico-sdk/src/rp2_common/hardware_pll/pll.c.o
                0x10002070                pll_init
 .text.watchdog_update
                0x10002194       0x14 CMakeFiles/railroad_scanner.dir/home/karl/pico-sdk/src/rp2_common/hardware_watchdog/watchdog.c.o
                0x10002194                watchdog_update
 .text._watchdog_enable
                0x100021a8       0x78 CMakeFiles/railroad_scanner.dir/home/karl/pico-sdk/src/rp2_common/hardware_watchdog/watchdog.c.o
                0x100021a8                _watchdog_enable
 .text.watchdog_reboot
                0x10002220       0x48 CMakeFiles/railroad_scanner.dir/home/karl/pico-sdk/src/rp2_common/hardware_watchdog/watchdog.c.o
                0x10002220                watchdog_reboot
 .text.tick_start
                0x10002268       0x10 CMakeFiles/railroad_scanner.dir/home/karl/pico-sdk/src/rp2_common/hardware_ticks/ticks.c.o
                0x10002268                tick_start
 .text.rom_func_lookup
                0x10002278       0x10 CMakeFiles/railroad_scanner.dir/home/karl/pico-sdk/src/rp2_common/pico_bootrom/bootrom.c.o
                0x10002278                rom_func_lookup
 .text.rom_data_lookup
                0x10002288       0x10 CMakeFiles/railroad_scanner.dir/home/karl/pico-sdk/src/rp2_common/pico_bootrom/bootrom.c.o
                0x10002288                rom_data_lookup
 .text.rom_funcs_lookup
                0x10002298       0x36 CMakeFiles/railroad_scanner.dir/home/karl/pico-sdk/src/rp2_common/pico_bootrom/bootrom.c.o
                0x10002298                rom_funcs_lookup
 *fill*         0x100022ce        0x2 
 .text.rom_reset_usb_boot_extra
                0x100022d0       0x24 CMakeFiles/railroad_scanner.dir/home/karl/pico-sdk/src/rp2_common/pico_bootrom/bootrom.c.o
                0x100022d0                rom_reset_usb_boot_extra
 .text.xosc_init
                0x100022f4       0x2c CMakeFiles/railroad_scanner.dir/home/karl/pico-sdk/src/rp2_common/hardware_xosc/xosc.c.o
                0x100022f4                xosc_init
 .text.runtime_run_initializers_from
                0x10002320       0x18 CMakeFiles/railroad_scanner.dir/home/karl/pico-sdk/src/rp2_common/pico_runtime/runtime.c.o
 .text.first_per_core_initializer
                0x10002338        0x2 CMakeFiles/railroad_scanner.dir/home/karl/pico-sdk/src/rp2_common/pico_runtime/runtime.c.o
 *fill*         0x1000233a        0x2 
 .text.runtime_run_initializers
                0x1000233c       0x10 CMakeFiles/railroad_scanner.dir/home/karl/pico-sdk/src/rp2_common/pico_runtime/runtime.c.o
                0x1000233c                runtime_run_initializers
 .text.runtime_init_early_resets
                0x1000234c       0x2c CMakeFiles/railroad_scanner.dir/home/karl/pico-sdk/src/rp2_common/pico_runtime_init/runtime_init.c.o
                0x1000234c                runtime_init_early_resets
 .text.runtime_init_usb_power_down
                0x10002378       0x1c CMakeFiles/railroad_scanner.dir/home/karl/pico-sdk/src/rp2_common/pico_runtime_init/runtime_init.c.o
                0x10002378                runtime_init_usb_power_down
 .text.runtime_init_post_clock_resets
                0x10002394       0x20 CMakeFiles/railroad_scanner.dir/home/karl/pico-sdk/src/rp2_common/pico_runtime_init/runtime_init.c.o
                0x10002394                runtime_init_post_clock_resets
 .text.runtime_init_rp2040_gpio_ie_disable
                0x100023b4       0x14 CMakeFiles/railroad_scanner.dir/home/karl/pico-sdk/src/rp2_common/pico_runtime_init/runtime_init.c.o
                0x100023b4                runtime_init_rp2040_gpio_ie_disable
 .text.runtime_init_spin_locks_reset
                0x100023c8        0x8 CMakeFiles/railroad_scanner.dir/home/karl/pico-sdk/src/rp2_common/pico_runtime_init/runtime_init.c.o
                0x100023c8                runtime_init_spin_locks_reset
 .text.runtime_init_install_ram_vector_table
                0x100023d0       0x48 CMakeFiles/railroad_scanner.dir/home/karl/pico-sdk/src/rp2_common/pico_runtime_init/runtime_init.c.o
                0x100023d0                runtime_init_install_ram_vector_table
 .text.start_all_ticks
                0x10002418       0x28 CMakeFiles/railroad_scanner.dir/home/karl/pico-sdk/src/rp2_common/pico_runtime_init/runtime_init_clocks.c.o
 .text.runtime_init_clocks
                0x10002440       0xcc CMakeFiles/railroad_scanner.dir/home/karl/pico-sdk/src/rp2_common/pico_runtime_init/runtime_init_clocks.c.o
                0x10002440                runtime_init_clocks
 .text          0x1000250c       0x10 CMakeFiles/railroad_scanner.dir/home/karl/pico-sdk/src/rp2_common/pico_bit_ops/bit_ops_aeabi.S.o
 .text.__wrap___aeabi_idiv
                0x1000251c       0x50 CMakeFiles/railroad_scanner.dir/home/karl/pico-sdk/src/rp2_common/pico_divider/divider_hardware.S.o
                0x1000251c                __wrap___aeabi_idivmod
                0x1000251c                divmod_s32s32
                0x1000251c                div_s32s32
                0x1000251c                __wrap___aeabi_idiv
                0x10002524                divmod_s32s32_unsafe
                0x10002550                divmod_s32s32_savestate
 .text.__wrap___aeabi_uidiv
                0x1000256c       0x4c CMakeFiles/railroad_scanner.dir/home/karl/pico-sdk/src/rp2_common/pico_divider/divider_hardware.S.o
                0x1000256c                __wrap___aeabi_uidiv
                0x1000256c                __wrap___aeabi_uidivmod
                0x1000256c                div_u32u32
                0x1000256c                divmod_u32u32
                0x10002574                divmod_u32u32_unsafe
                0x1000259c                divmod_u32u32_savestate
 .text.__wrap___aeabi_ldiv
                0x100025b8      0x424 CMakeFiles/railroad_scanner.dir/home/karl/pico-sdk/src/rp2_common/pico_divider/divider_hardware.S.o
                0x100025b8                div_s64s64
                0x100025b8                divmod_s64s64
                0x100025b8                __wrap___aeabi_ldivmod
                0x100025e8                div_u64u64
                0x100025e8                divmod_u64u64
                0x100025e8                __wrap___aeabi_uldivmod
                0x100025f8                divmod_u64u64_savestate
                0x10002618                divmod_s64s64_unsafe
                0x100026a0                divmod_u64u64_unsafe
 .text.__wrap___aeabi_darithmetic
                0x100029dc       0x60 CMakeFiles/railroad_scanner.dir/home/karl/pico-sdk/src/rp2_common/pico_double/double_aeabi_rp2040.S.o
                0x100029dc                __wrap___aeabi_drsub
                0x100029e2                __wrap___aeabi_dsub
                0x100029ec                __wrap___aeabi_dadd
                0x100029f6                __wrap___aeabi_ddiv
                0x10002a2a                __wrap___aeabi_dmul
 .text.__wrap___aeabi_cdcmple
                0x10002a3c       0x6c CMakeFiles/railroad_scanner.dir/home/karl/pico-sdk/src/rp2_common/pico_double/double_aeabi_rp2040.S.o
                0x10002a3c                __wrap___aeabi_cdrcmple
                0x10002a4c                __wrap___aeabi_cdcmple
                0x10002a4c                __wrap___aeabi_cdcmpeq
 .text.__wrap___aeabi_dcmpeq
                0x10002aa8       0x10 CMakeFiles/railroad_scanner.dir/home/karl/pico-sdk/src/rp2_common/pico_double/double_aeabi_rp2040.S.o
                0x10002aa8                __wrap___aeabi_dcmpeq
 .text.__wrap___aeabi_dcmplt
                0x10002ab8        0xc CMakeFiles/railroad_scanner.dir/home/karl/pico-sdk/src/rp2_common/pico_double/double_aeabi_rp2040.S.o
                0x10002ab8                __wrap___aeabi_dcmplt
 .text.__wrap___aeabi_dcmple
                0x10002ac4       0x10 CMakeFiles/railroad_scanner.dir/home/karl/pico-sdk/src/rp2_common/pico_double/double_aeabi_rp2040.S.o
                0x10002ac4                __wrap___aeabi_dcmple
 .text.__wrap___aeabi_dcmpge
                0x10002ad4       0x10 CMakeFiles/railroad_scanner.dir/home/karl/pico-sdk/src/rp2_common/pico_double/double_aeabi_rp2040.S.o
                0x10002ad4                __wrap___aeabi_dcmpge
 .text.__wrap___aeabi_dcmpgt
                0x10002ae4        0xa CMakeFiles/railroad_scanner.dir/home/karl/pico-sdk/src/rp2_common/pico_double/double_aeabi_rp2040.S.o
                0x10002ae4                __wrap___aeabi_dcmpgt
 .text.__wrap___aeabi_dcmpun
                0x10002aee       0x18 CMakeFiles/railroad_scanner.dir/home/karl/pico-sdk/src/rp2_common/pico_double/double_aeabi_rp2040.S.o
                0x10002aee                __wrap___aeabi_dcmpun
 *fill*         0x10002b06        0x2 
 .text.__wrap___aeabi_i2d
                0x10002b08       0x38 CMakeFiles/railroad_scanner.dir/home/karl/pico-sdk/src/rp2_common/pico_double/double_aeabi_rp2040.S.o
                0x10002b08                __wrap___aeabi_ui2d
                0x10002b08                uint2double
                0x10002b10                __wrap___aeabi_i2d
                0x10002b10                int2double
 .text.__wrap___aeabi_d2iz
                0x10002b40       0x48 CMakeFiles/railroad_scanner.dir/home/karl/pico-sdk/src/rp2_common/pico_double/double_aeabi_rp2040.S.o
                0x10002b40                __wrap___aeabi_d2iz
                0x10002b40                double2int_z
 .text.__wrap___aeabi_d2uiz
                0x10002b88       0x10 CMakeFiles/railroad_scanner.dir/home/karl/pico-sdk/src/rp2_common/pico_double/double_aeabi_rp2040.S.o
                0x10002b88                double2uint_z
                0x10002b88                double2uint
                0x10002b88                __wrap___aeabi_d2uiz
 .text.__wrap___aeabi_l2d
                0x10002b98       0x10 CMakeFiles/railroad_scanner.dir/home/karl/pico-sdk/src/rp2_common/pico_double/double_aeabi_rp2040.S.o
                0x10002b98                __wrap___aeabi_l2d
                0x10002b98                int642double
 .text.__wrap___aeabi_d2lz
                0x10002ba8       0x26 CMakeFiles/railroad_scanner.dir/home/karl/pico-sdk/src/rp2_common/pico_double/double_aeabi_rp2040.S.o
                0x10002ba8                __wrap___aeabi_d2lz
                0x10002ba8                double2int64_z
 *fill*         0x10002bce        0x2 
 .text.double2int64
                0x10002bd0       0x10 CMakeFiles/railroad_scanner.dir/home/karl/pico-sdk/src/rp2_common/pico_double/double_aeabi_rp2040.S.o
                0x10002bd0                double2int64
 .text.double2ufix64
                0x10002be0       0x10 CMakeFiles/railroad_scanner.dir/home/karl/pico-sdk/src/rp2_common/pico_double/double_aeabi_rp2040.S.o
                0x10002be0                double2ufix64
                0x10002be0                double2ufix64_z
 .text.__wrap___aeabi_d2f
                0x10002bf0       0x10 CMakeFiles/railroad_scanner.dir/home/karl/pico-sdk/src/rp2_common/pico_double/double_aeabi_rp2040.S.o
                0x10002bf0                __wrap___aeabi_d2f
 .text.missing_double_func_shim
                0x10002c00        0xc CMakeFiles/railroad_scanner.dir/home/karl/pico-sdk/src/rp2_common/pico_double/double_init_rom_rp2040.c.o
 .text.__aeabi_double_init
                0x10002c0c       0xd0 CMakeFiles/railroad_scanner.dir/home/karl/pico-sdk/src/rp2_common/pico_double/double_init_rom_rp2040.c.o
                0x10002c0c                __aeabi_double_init
 .text.double_table_shim_on_use_helper
                0x10002cdc       0x34 CMakeFiles/railroad_scanner.dir/home/karl/pico-sdk/src/rp2_common/pico_double/double_v1_rom_shim_rp2040.S.o
                0x10002cdc                double_table_shim_on_use_helper
 .text.__aeabi_lmul
                0x10002d10       0x32 CMakeFiles/railroad_scanner.dir/home/karl/pico-sdk/src/rp2_common/pico_int64_ops/pico_int64_ops_aeabi.S.o
                0x10002d10                __wrap___aeabi_lmul
 *fill*         0x10002d42        0x2 
 .text.__wrap___aeabi_cfcmple
                0x10002d44       0x50 CMakeFiles/railroad_scanner.dir/home/karl/pico-sdk/src/rp2_common/pico_float/float_aeabi_rp2040.S.o
                0x10002d44                __wrap___aeabi_cfrcmple
                0x10002d50                __wrap___aeabi_cfcmpeq
                0x10002d50                __wrap___aeabi_cfcmple
 .text.__wrap___aeabi_fcmplt
                0x10002d94        0xc CMakeFiles/railroad_scanner.dir/home/karl/pico-sdk/src/rp2_common/pico_float/float_aeabi_rp2040.S.o
                0x10002d94                __wrap___aeabi_fcmplt
 .text.__wrap___aeabi_fcmple
                0x10002da0       0x10 CMakeFiles/railroad_scanner.dir/home/karl/pico-sdk/src/rp2_common/pico_float/float_aeabi_rp2040.S.o
                0x10002da0                __wrap___aeabi_fcmple
 .text.__wrap___aeabi_fcmpun
                0x10002db0       0x18 CMakeFiles/railroad_scanner.dir/home/karl/pico-sdk/src/rp2_common/pico_float/float_aeabi_rp2040.S.o
                0x10002db0                __wrap___aeabi_fcmpun
 .text.__wrap___aeabi_f2d
                0x10002dc8        0xc CMakeFiles/railroad_scanner.dir/home/karl/pico-sdk/src/rp2_common/pico_float/float_aeabi_rp2040.S.o
                0x10002dc8                __wrap___aeabi_f2d
 .text.missing_float_func_shim
                0x10002dd4        0xc CMakeFiles/railroad_scanner.dir/home/karl/pico-sdk/src/rp2_common/pico_float/float_init_rom_rp2040.c.o
 .text.__aeabi_float_init
                0x10002de0       0x88 CMakeFiles/railroad_scanner.dir/home/karl/pico-sdk/src/rp2_common/pico_float/float_init_rom_rp2040.c.o
                0x10002de0                __aeabi_float_init
 .text          0x10002e68       0x10 CMakeFiles/railroad_scanner.dir/home/karl/pico-sdk/src/rp2_common/pico_mem_ops/mem_ops_aeabi.S.o
                0x10002e68                __aeabi_mem_init
 .text.memset   0x10002e78        0xc CMakeFiles/railroad_scanner.dir/home/karl/pico-sdk/src/rp2_common/pico_mem_ops/mem_ops_aeabi.S.o
                0x10002e78                __wrap_memset
 .text.memcpy   0x10002e84        0xc CMakeFiles/railroad_scanner.dir/home/karl/pico-sdk/src/rp2_common/pico_mem_ops/mem_ops_aeabi.S.o
                0x10002e84                __wrap___aeabi_memcpy
                0x10002e84                __wrap_memcpy
 .text._out_buffer
                0x10002e90        0x8 CMakeFiles/railroad_scanner.dir/home/karl/pico-sdk/src/rp2_common/pico_printf/printf.c.o
 .text._out_null
                0x10002e98        0x2 CMakeFiles/railroad_scanner.dir/home/karl/pico-sdk/src/rp2_common/pico_printf/printf.c.o
 .text._out_fct
                0x10002e9a        0xe CMakeFiles/railroad_scanner.dir/home/karl/pico-sdk/src/rp2_common/pico_printf/printf.c.o
 .text._atoi    0x10002ea8       0x24 CMakeFiles/railroad_scanner.dir/home/karl/pico-sdk/src/rp2_common/pico_printf/printf.c.o
 .text._out_rev
                0x10002ecc       0xae CMakeFiles/railroad_scanner.dir/home/karl/pico-sdk/src/rp2_common/pico_printf/printf.c.o
 .text._ntoa_format
                0x10002f7a      0x110 CMakeFiles/railroad_scanner.dir/home/karl/pico-sdk/src/rp2_common/pico_printf/printf.c.o
 .text._ntoa_long
                0x1000308a       0xbc CMakeFiles/railroad_scanner.dir/home/karl/pico-sdk/src/rp2_common/pico_printf/printf.c.o
 .text._ntoa_long_long
                0x10003146      0x10e CMakeFiles/railroad_scanner.dir/home/karl/pico-sdk/src/rp2_common/pico_printf/printf.c.o
 .text._etoa    0x10003254      0x420 CMakeFiles/railroad_scanner.dir/home/karl/pico-sdk/src/rp2_common/pico_printf/printf.c.o
 .text._ftoa    0x10003674      0x354 CMakeFiles/railroad_scanner.dir/home/karl/pico-sdk/src/rp2_common/pico_printf/printf.c.o
 .text._vsnprintf
                0x100039c8      0x668 CMakeFiles/railroad_scanner.dir/home/karl/pico-sdk/src/rp2_common/pico_printf/printf.c.o
 .text.__wrap_snprintf
                0x10004030       0x28 CMakeFiles/railroad_scanner.dir/home/karl/pico-sdk/src/rp2_common/pico_printf/printf.c.o
                0x10004030                __wrap_snprintf
 .text.vfctprintf
                0x10004058       0x20 CMakeFiles/railroad_scanner.dir/home/karl/pico-sdk/src/rp2_common/pico_printf/printf.c.o
                0x10004058                vfctprintf
 .text._exit    0x10004078        0x4 CMakeFiles/railroad_scanner.dir/home/karl/pico-sdk/src/rp2_common/pico_clib_interface/newlib_interface.c.o
                0x10004078                _exit
 .text._sbrk    0x1000407c       0x38 CMakeFiles/railroad_scanner.dir/home/karl/pico-sdk/src/rp2_common/pico_clib_interface/newlib_interface.c.o
                0x1000407c                _sbrk
 .text.exit     0x100040b4        0x6 CMakeFiles/railroad_scanner.dir/home/karl/pico-sdk/src/rp2_common/pico_clib_interface/newlib_interface.c.o
                0x100040b4                exit
 *fill*         0x100040ba        0x2 
 .text.__assert_func
                0x100040bc       0x38 CMakeFiles/railroad_scanner.dir/home/karl/pico-sdk/src/rp2_common/pico_clib_interface/newlib_interface.c.o
                0x100040bc                __assert_func
 .text.runtime_init
                0x100040f4       0x28 CMakeFiles/railroad_scanner.dir/home/karl/pico-sdk/src/rp2_common/pico_clib_interface/newlib_interface.c.o
                0x100040f4                runtime_init
 .text.stdio_out_chars_no_crlf
                0x1000411c        0xe CMakeFiles/railroad_scanner.dir/home/karl/pico-sdk/src/rp2_common/pico_stdio/stdio.c.o
 *fill*         0x1000412a        0x2 
 .text.stdio_out_chars_crlf
                0x1000412c       0x80 CMakeFiles/railroad_scanner.dir/home/karl/pico-sdk/src/rp2_common/pico_stdio/stdio.c.o
 .text.stdio_stack_buffer_flush
                0x100041ac       0x44 CMakeFiles/railroad_scanner.dir/home/karl/pico-sdk/src/rp2_common/pico_stdio/stdio.c.o
 .text.stdio_buffered_printer
                0x100041f0       0x20 CMakeFiles/railroad_scanner.dir/home/karl/pico-sdk/src/rp2_common/pico_stdio/stdio.c.o
 .text.stdout_serialize_begin
                0x10004210       0x30 CMakeFiles/railroad_scanner.dir/home/karl/pico-sdk/src/rp2_common/pico_stdio/stdio.c.o
                0x10004210                stdout_serialize_begin
 .text.stdout_serialize_end
                0x10004240       0x10 CMakeFiles/railroad_scanner.dir/home/karl/pico-sdk/src/rp2_common/pico_stdio/stdio.c.o
                0x10004240                stdout_serialize_end
 .text.stdio_put_string
                0x10004250       0x94 CMakeFiles/railroad_scanner.dir/home/karl/pico-sdk/src/rp2_common/pico_stdio/stdio.c.o
                0x10004250                stdio_put_string
 .text.stdio_set_driver_enabled
                0x100042e4       0x2c CMakeFiles/railroad_scanner.dir/home/karl/pico-sdk/src/rp2_common/pico_stdio/stdio.c.o
                0x100042e4                stdio_set_driver_enabled
 .text.stdio_flush
                0x10004310       0x20 CMakeFiles/railroad_scanner.dir/home/karl/pico-sdk/src/rp2_common/pico_stdio/stdio.c.o
                0x10004310                stdio_flush
 .text.stdio_init_all
                0x10004330        0x8 CMakeFiles/railroad_scanner.dir/home/karl/pico-sdk/src/rp2_common/pico_stdio/stdio.c.o
                0x10004330                stdio_init_all
 .text.__wrap_puts
                0x10004338       0x1e CMakeFiles/railroad_scanner.dir/home/karl/pico-sdk/src/rp2_common/pico_stdio/stdio.c.o
                0x10004338                __wrap_puts
                0x10004338                stdio_puts
 *fill*         0x10004356        0x2 
 .text.__wrap_vprintf
                0x10004358       0x40 CMakeFiles/railroad_scanner.dir/home/karl/pico-sdk/src/rp2_common/pico_stdio/stdio.c.o
                0x10004358                __wrap_vprintf
                0x10004358                stdio_vprintf
 .text.__wrap_printf
                0x10004398       0x18 CMakeFiles/railroad_scanner.dir/home/karl/pico-sdk/src/rp2_common/pico_stdio/stdio.c.o
                0x10004398                stdio_printf
                0x10004398                __wrap_printf
 .text.resetd_init
                0x100043b0        0x2 CMakeFiles/railroad_scanner.dir/home/karl/pico-sdk/src/rp2_common/pico_stdio_usb/reset_interface.c.o
 *fill*         0x100043b2        0x2 
 .text.resetd_reset
                0x100043b4        0xc CMakeFiles/railroad_scanner.dir/home/karl/pico-sdk/src/rp2_common/pico_stdio_usb/reset_interface.c.o
 .text.resetd_open
                0x100043c0       0x34 CMakeFiles/railroad_scanner.dir/home/karl/pico-sdk/src/rp2_common/pico_stdio_usb/reset_interface.c.o
 .text.resetd_xfer_cb
                0x100043f4        0x4 CMakeFiles/railroad_scanner.dir/home/karl/pico-sdk/src/rp2_common/pico_stdio_usb/reset_interface.c.o
 .text.resetd_control_xfer_cb
                0x100043f8       0x60 CMakeFiles/railroad_scanner.dir/home/karl/pico-sdk/src/rp2_common/pico_stdio_usb/reset_interface.c.o
 .text.tud_descriptor_bos_cb
                0x10004458        0x8 CMakeFiles/railroad_scanner.dir/home/karl/pico-sdk/src/rp2_common/pico_stdio_usb/reset_interface.c.o
                0x10004458                tud_descriptor_bos_cb
 .text.tud_vendor_control_xfer_cb
                0x10004460       0x38 CMakeFiles/railroad_scanner.dir/home/karl/pico-sdk/src/rp2_common/pico_stdio_usb/reset_interface.c.o
                0x10004460                tud_vendor_control_xfer_cb
 .text.usbd_app_driver_get_cb
                0x10004498        0xc CMakeFiles/railroad_scanner.dir/home/karl/pico-sdk/src/rp2_common/pico_stdio_usb/reset_interface.c.o
                0x10004498                usbd_app_driver_get_cb
 .text.tud_cdc_line_coding_cb
                0x100044a4       0x2c CMakeFiles/railroad_scanner.dir/home/karl/pico-sdk/src/rp2_common/pico_stdio_usb/reset_interface.c.o
                0x100044a4                tud_cdc_line_coding_cb
 .text.stdio_usb_set_chars_available_callback
                0x100044d0       0x14 CMakeFiles/railroad_scanner.dir/home/karl/pico-sdk/src/rp2_common/pico_stdio_usb/stdio_usb.c.o
                0x100044d0                stdio_usb_set_chars_available_callback
 .text.stdio_usb_out_flush
                0x100044e4       0x4c CMakeFiles/railroad_scanner.dir/home/karl/pico-sdk/src/rp2_common/pico_stdio_usb/stdio_usb.c.o
 .text.usb_irq  0x10004530       0x10 CMakeFiles/railroad_scanner.dir/home/karl/pico-sdk/src/rp2_common/pico_stdio_usb/stdio_usb.c.o
 .text.timer_task
                0x10004540       0x6c CMakeFiles/railroad_scanner.dir/home/karl/pico-sdk/src/rp2_common/pico_stdio_usb/stdio_usb.c.o
 .text.alarm_pool_add_alarm_in_us
                0x100045ac       0x40 CMakeFiles/railroad_scanner.dir/home/karl/pico-sdk/src/rp2_common/pico_stdio_usb/stdio_usb.c.o
 .text.add_alarm_in_us
                0x100045ec       0x2e CMakeFiles/railroad_scanner.dir/home/karl/pico-sdk/src/rp2_common/pico_stdio_usb/stdio_usb.c.o
 *fill*         0x1000461a        0x2 
 .text.low_priority_worker_irq
                0x1000461c       0xac CMakeFiles/railroad_scanner.dir/home/karl/pico-sdk/src/rp2_common/pico_stdio_usb/stdio_usb.c.o
 .text.stdio_usb_init
                0x100046c8       0xe0 CMakeFiles/railroad_scanner.dir/home/karl/pico-sdk/src/rp2_common/pico_stdio_usb/stdio_usb.c.o
                0x100046c8                stdio_usb_init
 .text.stdio_usb_connected
                0x100047a8        0xa CMakeFiles/railroad_scanner.dir/home/karl/pico-sdk/src/rp2_common/pico_stdio_usb/stdio_usb.c.o
                0x100047a8                stdio_usb_connected
 *fill*         0x100047b2        0x2 
 .text.stdio_usb_in_chars
                0x100047b4       0x98 CMakeFiles/railroad_scanner.dir/home/karl/pico-sdk/src/rp2_common/pico_stdio_usb/stdio_usb.c.o
                0x100047b4                stdio_usb_in_chars
 .text.stdio_usb_out_chars
                0x1000484c       0xe8 CMakeFiles/railroad_scanner.dir/home/karl/pico-sdk/src/rp2_common/pico_stdio_usb/stdio_usb.c.o
 .text.tud_descriptor_device_cb
                0x10004934        0x8 CMakeFiles/railroad_scanner.dir/home/karl/pico-sdk/src/rp2_common/pico_stdio_usb/stdio_usb_descriptors.c.o
                0x10004934                tud_descriptor_device_cb
 .text.tud_descriptor_configuration_cb
                0x1000493c        0x8 CMakeFiles/railroad_scanner.dir/home/karl/pico-sdk/src/rp2_common/pico_stdio_usb/stdio_usb_descriptors.c.o
                0x1000493c                tud_descriptor_configuration_cb
 .text.tud_descriptor_string_cb
                0x10004944       0x6c CMakeFiles/railroad_scanner.dir/home/karl/pico-sdk/src/rp2_common/pico_stdio_usb/stdio_usb_descriptors.c.o
                0x10004944                tud_descriptor_string_cb
 .text._retrieve_unique_id_on_boot
                0x100049b0       0x10 CMakeFiles/railroad_scanner.dir/home/karl/pico-sdk/src/rp2_common/pico_unique_id/unique_id.c.o
 .text.pico_get_unique_board_id_string
                0x100049c0       0x5c CMakeFiles/railroad_scanner.dir/home/karl/pico-sdk/src/rp2_common/pico_unique_id/unique_id.c.o
                0x100049c0                pico_get_unique_board_id_string
 .text.flash_get_unique_id
                0x10004a1c       0x40 CMakeFiles/railroad_scanner.dir/home/karl/pico-sdk/src/rp2_common/hardware_flash/flash.c.o
                0x10004a1c                flash_get_unique_id
 .text.hw_endpoint_init
                0x10004a5c       0xbc CMakeFiles/railroad_scanner.dir/home/karl/pico-sdk/lib/tinyusb/src/portable/raspberrypi/rp2040/dcd_rp2040.c.o
 .text.hw_endpoint_alloc
                0x10004b18       0x48 CMakeFiles/railroad_scanner.dir/home/karl/pico-sdk/lib/tinyusb/src/portable/raspberrypi/rp2040/dcd_rp2040.c.o
 .text.hw_endpoint_open
                0x10004b60       0x50 CMakeFiles/railroad_scanner.dir/home/karl/pico-sdk/lib/tinyusb/src/portable/raspberrypi/rp2040/dcd_rp2040.c.o
 .text.hw_endpoint_xfer
                0x10004bb0       0x20 CMakeFiles/railroad_scanner.dir/home/karl/pico-sdk/lib/tinyusb/src/portable/raspberrypi/rp2040/dcd_rp2040.c.o
 .text.dcd_int_enable
                0x10004bd0       0x2c CMakeFiles/railroad_scanner.dir/home/karl/pico-sdk/lib/tinyusb/src/portable/raspberrypi/rp2040/dcd_rp2040.c.o
                0x10004bd0                dcd_int_enable
 .text.dcd_set_address
                0x10004bfc       0x2c CMakeFiles/railroad_scanner.dir/home/karl/pico-sdk/lib/tinyusb/src/portable/raspberrypi/rp2040/dcd_rp2040.c.o
                0x10004bfc                dcd_set_address
 .text.dcd_connect
                0x10004c28       0x10 CMakeFiles/railroad_scanner.dir/home/karl/pico-sdk/lib/tinyusb/src/portable/raspberrypi/rp2040/dcd_rp2040.c.o
                0x10004c28                dcd_connect
 .text.dcd_init
                0x10004c38       0x80 CMakeFiles/railroad_scanner.dir/home/karl/pico-sdk/lib/tinyusb/src/portable/raspberrypi/rp2040/dcd_rp2040.c.o
                0x10004c38                dcd_init
 .text.dcd_sof_enable
                0x10004cb8       0x1c CMakeFiles/railroad_scanner.dir/home/karl/pico-sdk/lib/tinyusb/src/portable/raspberrypi/rp2040/dcd_rp2040.c.o
                0x10004cb8                dcd_sof_enable
 .text.dcd_edpt0_status_complete
                0x10004cd4       0x1c CMakeFiles/railroad_scanner.dir/home/karl/pico-sdk/lib/tinyusb/src/portable/raspberrypi/rp2040/dcd_rp2040.c.o
                0x10004cd4                dcd_edpt0_status_complete
 .text.dcd_edpt_open
                0x10004cf0       0x26 CMakeFiles/railroad_scanner.dir/home/karl/pico-sdk/lib/tinyusb/src/portable/raspberrypi/rp2040/dcd_rp2040.c.o
                0x10004cf0                dcd_edpt_open
 .text.dcd_edpt_close_all
                0x10004d16        0x8 CMakeFiles/railroad_scanner.dir/home/karl/pico-sdk/lib/tinyusb/src/portable/raspberrypi/rp2040/dcd_rp2040.c.o
                0x10004d16                dcd_edpt_close_all
 *fill*         0x10004d1e        0x2 
 .text.dcd_edpt_xfer
                0x10004d20       0x30 CMakeFiles/railroad_scanner.dir/home/karl/pico-sdk/lib/tinyusb/src/portable/raspberrypi/rp2040/dcd_rp2040.c.o
                0x10004d20                dcd_edpt_xfer
 .text.dcd_edpt_stall
                0x10004d50       0x3c CMakeFiles/railroad_scanner.dir/home/karl/pico-sdk/lib/tinyusb/src/portable/raspberrypi/rp2040/dcd_rp2040.c.o
                0x10004d50                dcd_edpt_stall
 .text.dcd_edpt_clear_stall
                0x10004d8c       0x30 CMakeFiles/railroad_scanner.dir/home/karl/pico-sdk/lib/tinyusb/src/portable/raspberrypi/rp2040/dcd_rp2040.c.o
                0x10004d8c                dcd_edpt_clear_stall
 .text.unaligned_memcpy
                0x10004dbc       0x14 CMakeFiles/railroad_scanner.dir/home/karl/pico-sdk/lib/tinyusb/src/portable/raspberrypi/rp2040/rp2040_usb.c.o
 .text.rp2040_usb_init
                0x10004dd0       0x44 CMakeFiles/railroad_scanner.dir/home/karl/pico-sdk/lib/tinyusb/src/portable/raspberrypi/rp2040/rp2040_usb.c.o
                0x10004dd0                rp2040_usb_init
 .text.hw_endpoint_xfer_start
                0x10004e14       0x60 CMakeFiles/railroad_scanner.dir/home/karl/pico-sdk/lib/tinyusb/src/portable/raspberrypi/rp2040/rp2040_usb.c.o
                0x10004e14                hw_endpoint_xfer_start
 .text.configuration_reset
                0x10004e74       0x84 CMakeFiles/railroad_scanner.dir/home/karl/pico-sdk/lib/tinyusb/src/device/usbd.c.o
 .text.usbd_reset
                0x10004ef8        0xc CMakeFiles/railroad_scanner.dir/home/karl/pico-sdk/lib/tinyusb/src/device/usbd.c.o
 .text.invoke_class_control
                0x10004f04       0x1a CMakeFiles/railroad_scanner.dir/home/karl/pico-sdk/lib/tinyusb/src/device/usbd.c.o
 *fill*         0x10004f1e        0x2 
 .text.process_set_config
                0x10004f20      0x1b0 CMakeFiles/railroad_scanner.dir/home/karl/pico-sdk/lib/tinyusb/src/device/usbd.c.o
 .text.tud_event_hook_cb
                0x100050d0        0x2 CMakeFiles/railroad_scanner.dir/home/karl/pico-sdk/lib/tinyusb/src/device/usbd.c.o
                0x100050d0                tud_event_hook_cb
 .text.tud_sof_cb
                0x100050d2        0x2 CMakeFiles/railroad_scanner.dir/home/karl/pico-sdk/lib/tinyusb/src/device/usbd.c.o
                0x100050d2                tud_sof_cb
 .text.tud_descriptor_device_qualifier_cb
                0x100050d4        0x4 CMakeFiles/railroad_scanner.dir/home/karl/pico-sdk/lib/tinyusb/src/device/usbd.c.o
                0x100050d4                tud_descriptor_device_qualifier_cb
 .text.tud_descriptor_other_speed_configuration_cb
                0x100050d8        0x4 CMakeFiles/railroad_scanner.dir/home/karl/pico-sdk/lib/tinyusb/src/device/usbd.c.o
                0x100050d8                tud_descriptor_other_speed_configuration_cb
 .text.process_get_descriptor
                0x100050dc       0xe0 CMakeFiles/railroad_scanner.dir/home/karl/pico-sdk/lib/tinyusb/src/device/usbd.c.o
 .text.tud_mount_cb
                0x100051bc        0x2 CMakeFiles/railroad_scanner.dir/home/karl/pico-sdk/lib/tinyusb/src/device/usbd.c.o
                0x100051bc                tud_mount_cb
 .text.tud_umount_cb
                0x100051be        0x2 CMakeFiles/railroad_scanner.dir/home/karl/pico-sdk/lib/tinyusb/src/device/usbd.c.o
                0x100051be                tud_umount_cb
 .text.tud_suspend_cb
                0x100051c0        0x2 CMakeFiles/railroad_scanner.dir/home/karl/pico-sdk/lib/tinyusb/src/device/usbd.c.o
                0x100051c0                tud_suspend_cb
 .text.tud_resume_cb
                0x100051c2        0x2 CMakeFiles/railroad_scanner.dir/home/karl/pico-sdk/lib/tinyusb/src/device/usbd.c.o
                0x100051c2                tud_resume_cb
 .text.tud_mounted
                0x100051c4       0x10 CMakeFiles/railroad_scanner.dir/home/karl/pico-sdk/lib/tinyusb/src/device/usbd.c.o
                0x100051c4                tud_mounted
 .text.tud_suspended
                0x100051d4       0x10 CMakeFiles/railroad_scanner.dir/home/karl/pico-sdk/lib/tinyusb/src/device/usbd.c.o
                0x100051d4                tud_suspended
 .text.tud_inited
                0x100051e4       0x14 CMakeFiles/railroad_scanner.dir/home/karl/pico-sdk/lib/tinyusb/src/device/usbd.c.o
                0x100051e4                tud_inited
 .text.tud_rhport_init
                0x100051f8      0x100 CMakeFiles/railroad_scanner.dir/home/karl/pico-sdk/lib/tinyusb/src/device/usbd.c.o
                0x100051f8                tud_rhport_init
 .text.usbd_edpt_open
                0x100052f8       0x60 CMakeFiles/railroad_scanner.dir/home/karl/pico-sdk/lib/tinyusb/src/device/usbd.c.o
                0x100052f8                usbd_edpt_open
 .text.usbd_open_edpt_pair
                0x10005358       0x88 CMakeFiles/railroad_scanner.dir/home/karl/pico-sdk/lib/tinyusb/src/device/usbd.c.o
                0x10005358                usbd_open_edpt_pair
 .text.usbd_edpt_claim
                0x100053e0       0x28 CMakeFiles/railroad_scanner.dir/home/karl/pico-sdk/lib/tinyusb/src/device/usbd.c.o
                0x100053e0                usbd_edpt_claim
 .text.usbd_edpt_release
                0x10005408       0x28 CMakeFiles/railroad_scanner.dir/home/karl/pico-sdk/lib/tinyusb/src/device/usbd.c.o
                0x10005408                usbd_edpt_release
 .text.usbd_edpt_xfer
                0x10005430       0x88 CMakeFiles/railroad_scanner.dir/home/karl/pico-sdk/lib/tinyusb/src/device/usbd.c.o
                0x10005430                usbd_edpt_xfer
 .text.usbd_edpt_stall
                0x100054b8       0x34 CMakeFiles/railroad_scanner.dir/home/karl/pico-sdk/lib/tinyusb/src/device/usbd.c.o
                0x100054b8                usbd_edpt_stall
 .text.usbd_edpt_clear_stall
                0x100054ec       0x34 CMakeFiles/railroad_scanner.dir/home/karl/pico-sdk/lib/tinyusb/src/device/usbd.c.o
                0x100054ec                usbd_edpt_clear_stall
 .text.usbd_edpt_stalled
                0x10005520       0x1c CMakeFiles/railroad_scanner.dir/home/karl/pico-sdk/lib/tinyusb/src/device/usbd.c.o
                0x10005520                usbd_edpt_stalled
 .text.process_control_request
                0x1000553c      0x38c CMakeFiles/railroad_scanner.dir/home/karl/pico-sdk/lib/tinyusb/src/device/usbd.c.o
 .text.tud_task_ext
                0x100058c8      0x1d0 CMakeFiles/railroad_scanner.dir/home/karl/pico-sdk/lib/tinyusb/src/device/usbd.c.o
                0x100058c8                tud_task_ext
 .text.status_stage_xact
                0x10005a98       0x1a CMakeFiles/railroad_scanner.dir/home/karl/pico-sdk/lib/tinyusb/src/device/usbd_control.c.o
 *fill*         0x10005ab2        0x2 
 .text.data_stage_xact
                0x10005ab4       0x60 CMakeFiles/railroad_scanner.dir/home/karl/pico-sdk/lib/tinyusb/src/device/usbd_control.c.o
 .text.tud_control_status
                0x10005b14       0x28 CMakeFiles/railroad_scanner.dir/home/karl/pico-sdk/lib/tinyusb/src/device/usbd_control.c.o
                0x10005b14                tud_control_status
 .text.tud_control_xfer
                0x10005b3c       0x98 CMakeFiles/railroad_scanner.dir/home/karl/pico-sdk/lib/tinyusb/src/device/usbd_control.c.o
                0x10005b3c                tud_control_xfer
 .text.usbd_control_reset
                0x10005bd4       0x14 CMakeFiles/railroad_scanner.dir/home/karl/pico-sdk/lib/tinyusb/src/device/usbd_control.c.o
                0x10005bd4                usbd_control_reset
 .text.usbd_control_set_complete_callback
                0x10005be8        0xc CMakeFiles/railroad_scanner.dir/home/karl/pico-sdk/lib/tinyusb/src/device/usbd_control.c.o
                0x10005be8                usbd_control_set_complete_callback
 .text.usbd_control_set_request
                0x10005bf4       0x1c CMakeFiles/railroad_scanner.dir/home/karl/pico-sdk/lib/tinyusb/src/device/usbd_control.c.o
                0x10005bf4                usbd_control_set_request
 .text.usbd_control_xfer_cb
                0x10005c10       0xe0 CMakeFiles/railroad_scanner.dir/home/karl/pico-sdk/lib/tinyusb/src/device/usbd_control.c.o
                0x10005c10                usbd_control_xfer_cb
 .text._prep_out_transaction
                0x10005cf0       0xa0 CMakeFiles/railroad_scanner.dir/home/karl/pico-sdk/lib/tinyusb/src/class/cdc/cdc_device.c.o
 .text.tud_cdc_n_connected
                0x10005d90       0x38 CMakeFiles/railroad_scanner.dir/home/karl/pico-sdk/lib/tinyusb/src/class/cdc/cdc_device.c.o
                0x10005d90                tud_cdc_n_connected
 .text.tud_cdc_n_available
                0x10005dc8       0x18 CMakeFiles/railroad_scanner.dir/home/karl/pico-sdk/lib/tinyusb/src/class/cdc/cdc_device.c.o
                0x10005dc8                tud_cdc_n_available
 .text.tud_cdc_n_read
                0x10005de0       0x38 CMakeFiles/railroad_scanner.dir/home/karl/pico-sdk/lib/tinyusb/src/class/cdc/cdc_device.c.o
                0x10005de0                tud_cdc_n_read
 .text.tud_cdc_n_write_flush
                0x10005e18       0xbc CMakeFiles/railroad_scanner.dir/home/karl/pico-sdk/lib/tinyusb/src/class/cdc/cdc_device.c.o
                0x10005e18                tud_cdc_n_write_flush
 .text.tud_cdc_n_write
                0x10005ed4       0x48 CMakeFiles/railroad_scanner.dir/home/karl/pico-sdk/lib/tinyusb/src/class/cdc/cdc_device.c.o
                0x10005ed4                tud_cdc_n_write
 .text.tud_cdc_n_write_available
                0x10005f1c       0x18 CMakeFiles/railroad_scanner.dir/home/karl/pico-sdk/lib/tinyusb/src/class/cdc/cdc_device.c.o
                0x10005f1c                tud_cdc_n_write_available
 .text.cdcd_init
                0x10005f34       0xac CMakeFiles/railroad_scanner.dir/home/karl/pico-sdk/lib/tinyusb/src/class/cdc/cdc_device.c.o
                0x10005f34                cdcd_init
 .text.cdcd_deinit
                0x10005fe0       0x48 CMakeFiles/railroad_scanner.dir/home/karl/pico-sdk/lib/tinyusb/src/class/cdc/cdc_device.c.o
                0x10005fe0                cdcd_deinit
 .text.cdcd_reset
                0x10006028       0x70 CMakeFiles/railroad_scanner.dir/home/karl/pico-sdk/lib/tinyusb/src/class/cdc/cdc_device.c.o
                0x10006028                cdcd_reset
 .text.cdcd_open
                0x10006098       0xec CMakeFiles/railroad_scanner.dir/home/karl/pico-sdk/lib/tinyusb/src/class/cdc/cdc_device.c.o
                0x10006098                cdcd_open
 .text.cdcd_control_xfer_cb
                0x10006184      0x140 CMakeFiles/railroad_scanner.dir/home/karl/pico-sdk/lib/tinyusb/src/class/cdc/cdc_device.c.o
                0x10006184                cdcd_control_xfer_cb
 .text.cdcd_xfer_cb
                0x100062c4      0x148 CMakeFiles/railroad_scanner.dir/home/karl/pico-sdk/lib/tinyusb/src/class/cdc/cdc_device.c.o
                0x100062c4                cdcd_xfer_cb
 .text.tud_vendor_n_mounted
                0x1000640c       0x3c CMakeFiles/railroad_scanner.dir/home/karl/pico-sdk/lib/tinyusb/src/class/vendor/vendor_device.c.o
                0x1000640c                tud_vendor_n_mounted
 .text.tud_vendor_n_write_flush
                0x10006448       0x20 CMakeFiles/railroad_scanner.dir/home/karl/pico-sdk/lib/tinyusb/src/class/vendor/vendor_device.c.o
                0x10006448                tud_vendor_n_write_flush
 .text.vendord_init
                0x10006468       0x9c CMakeFiles/railroad_scanner.dir/home/karl/pico-sdk/lib/tinyusb/src/class/vendor/vendor_device.c.o
                0x10006468                vendord_init
 .text.vendord_deinit
                0x10006504       0x34 CMakeFiles/railroad_scanner.dir/home/karl/pico-sdk/lib/tinyusb/src/class/vendor/vendor_device.c.o
                0x10006504                vendord_deinit
 .text.vendord_reset
                0x10006538       0x50 CMakeFiles/railroad_scanner.dir/home/karl/pico-sdk/lib/tinyusb/src/class/vendor/vendor_device.c.o
                0x10006538                vendord_reset
 .text.vendord_open
                0x10006588      0x14c CMakeFiles/railroad_scanner.dir/home/karl/pico-sdk/lib/tinyusb/src/class/vendor/vendor_device.c.o
                0x10006588                vendord_open
 .text.vendord_xfer_cb
                0x100066d4       0xd8 CMakeFiles/railroad_scanner.dir/home/karl/pico-sdk/lib/tinyusb/src/class/vendor/vendor_device.c.o
                0x100066d4                vendord_xfer_cb
 .text.tusb_rhport_init
                0x100067ac       0x7c CMakeFiles/railroad_scanner.dir/home/karl/pico-sdk/lib/tinyusb/src/tusb.c.o
                0x100067ac                tusb_rhport_init
 .text.tu_edpt_claim
                0x10006828       0x50 CMakeFiles/railroad_scanner.dir/home/karl/pico-sdk/lib/tinyusb/src/tusb.c.o
                0x10006828                tu_edpt_claim
 .text.tu_edpt_release
                0x10006878       0x38 CMakeFiles/railroad_scanner.dir/home/karl/pico-sdk/lib/tinyusb/src/tusb.c.o
                0x10006878                tu_edpt_release
 .text.tu_edpt_validate
                0x100068b0       0xac CMakeFiles/railroad_scanner.dir/home/karl/pico-sdk/lib/tinyusb/src/tusb.c.o
                0x100068b0                tu_edpt_validate
 .text.tu_edpt_bind_driver
                0x1000695c       0x26 CMakeFiles/railroad_scanner.dir/home/karl/pico-sdk/lib/tinyusb/src/tusb.c.o
                0x1000695c                tu_edpt_bind_driver
 .text.tu_edpt_stream_init
                0x10006982       0x62 CMakeFiles/railroad_scanner.dir/home/karl/pico-sdk/lib/tinyusb/src/tusb.c.o
                0x10006982                tu_edpt_stream_init
 .text.tu_edpt_stream_deinit
                0x100069e4        0x4 CMakeFiles/railroad_scanner.dir/home/karl/pico-sdk/lib/tinyusb/src/tusb.c.o
                0x100069e4                tu_edpt_stream_deinit
 .text.tu_edpt_stream_write_zlp_if_needed
                0x100069e8       0x80 CMakeFiles/railroad_scanner.dir/home/karl/pico-sdk/lib/tinyusb/src/tusb.c.o
                0x100069e8                tu_edpt_stream_write_zlp_if_needed
 .text.tu_edpt_stream_write_xfer
                0x10006a68       0x84 CMakeFiles/railroad_scanner.dir/home/karl/pico-sdk/lib/tinyusb/src/tusb.c.o
                0x10006a68                tu_edpt_stream_write_xfer
 .text.tu_edpt_stream_read_xfer
                0x10006aec       0xf4 CMakeFiles/railroad_scanner.dir/home/karl/pico-sdk/lib/tinyusb/src/tusb.c.o
                0x10006aec                tu_edpt_stream_read_xfer
 .text.advance_index
                0x10006be0       0x1a CMakeFiles/railroad_scanner.dir/home/karl/pico-sdk/lib/tinyusb/src/common/tusb_fifo.c.o
 .text._tu_fifo_peek
                0x10006bfa       0x56 CMakeFiles/railroad_scanner.dir/home/karl/pico-sdk/lib/tinyusb/src/common/tusb_fifo.c.o
 .text._ff_pull_n
                0x10006c50       0x68 CMakeFiles/railroad_scanner.dir/home/karl/pico-sdk/lib/tinyusb/src/common/tusb_fifo.c.o
 .text._tu_fifo_peek_n
                0x10006cb8       0x6a CMakeFiles/railroad_scanner.dir/home/karl/pico-sdk/lib/tinyusb/src/common/tusb_fifo.c.o
 .text._tu_fifo_read_n
                0x10006d22       0x4e CMakeFiles/railroad_scanner.dir/home/karl/pico-sdk/lib/tinyusb/src/common/tusb_fifo.c.o
 .text._ff_push_n
                0x10006d70       0x68 CMakeFiles/railroad_scanner.dir/home/karl/pico-sdk/lib/tinyusb/src/common/tusb_fifo.c.o
 .text._tu_fifo_write_n
                0x10006dd8       0xf0 CMakeFiles/railroad_scanner.dir/home/karl/pico-sdk/lib/tinyusb/src/common/tusb_fifo.c.o
 .text.tu_fifo_config
                0x10006ec8       0x7c CMakeFiles/railroad_scanner.dir/home/karl/pico-sdk/lib/tinyusb/src/common/tusb_fifo.c.o
                0x10006ec8                tu_fifo_config
 .text.tu_fifo_count
                0x10006f44       0x2a CMakeFiles/railroad_scanner.dir/home/karl/pico-sdk/lib/tinyusb/src/common/tusb_fifo.c.o
                0x10006f44                tu_fifo_count
 .text.tu_fifo_empty
                0x10006f6e        0xe CMakeFiles/railroad_scanner.dir/home/karl/pico-sdk/lib/tinyusb/src/common/tusb_fifo.c.o
                0x10006f6e                tu_fifo_empty
 .text.tu_fifo_full
                0x10006f7c       0x28 CMakeFiles/railroad_scanner.dir/home/karl/pico-sdk/lib/tinyusb/src/common/tusb_fifo.c.o
                0x10006f7c                tu_fifo_full
 .text.tu_fifo_remaining
                0x10006fa4       0x2c CMakeFiles/railroad_scanner.dir/home/karl/pico-sdk/lib/tinyusb/src/common/tusb_fifo.c.o
                0x10006fa4                tu_fifo_remaining
 .text.tu_fifo_read
                0x10006fd0       0x42 CMakeFiles/railroad_scanner.dir/home/karl/pico-sdk/lib/tinyusb/src/common/tusb_fifo.c.o
                0x10006fd0                tu_fifo_read
 .text.tu_fifo_read_n
                0x10007012        0xa CMakeFiles/railroad_scanner.dir/home/karl/pico-sdk/lib/tinyusb/src/common/tusb_fifo.c.o
                0x10007012                tu_fifo_read_n
 .text.tu_fifo_write
                0x1000701c       0x64 CMakeFiles/railroad_scanner.dir/home/karl/pico-sdk/lib/tinyusb/src/common/tusb_fifo.c.o
                0x1000701c                tu_fifo_write
 .text.tu_fifo_write_n
                0x10007080        0xa CMakeFiles/railroad_scanner.dir/home/karl/pico-sdk/lib/tinyusb/src/common/tusb_fifo.c.o
                0x10007080                tu_fifo_write_n
 .text.tu_fifo_clear
                0x1000708a       0x3e CMakeFiles/railroad_scanner.dir/home/karl/pico-sdk/lib/tinyusb/src/common/tusb_fifo.c.o
                0x1000708a                tu_fifo_clear
 .text.tu_fifo_set_overwritable
                0x100070c8       0x46 CMakeFiles/railroad_scanner.dir/home/karl/pico-sdk/lib/tinyusb/src/common/tusb_fifo.c.o
                0x100070c8                tu_fifo_set_overwritable
 *fill*         0x1000710e        0x2 
 .text.i2c_unreset
                0x10007110       0x2c CMakeFiles/railroad_scanner.dir/home/karl/pico-sdk/src/rp2_common/hardware_i2c/i2c.c.o
 .text.i2c_write_blocking_internal
                0x1000713c      0x158 CMakeFiles/railroad_scanner.dir/home/karl/pico-sdk/src/rp2_common/hardware_i2c/i2c.c.o
 .text.i2c_set_baudrate
                0x10007294       0xf0 CMakeFiles/railroad_scanner.dir/home/karl/pico-sdk/src/rp2_common/hardware_i2c/i2c.c.o
                0x10007294                i2c_set_baudrate
 .text.i2c_init
                0x10007384       0x54 CMakeFiles/railroad_scanner.dir/home/karl/pico-sdk/src/rp2_common/hardware_i2c/i2c.c.o
                0x10007384                i2c_init
 .text.i2c_write_blocking_until
                0x100073d8       0x3e CMakeFiles/railroad_scanner.dir/home/karl/pico-sdk/src/rp2_common/hardware_i2c/i2c.c.o
                0x100073d8                i2c_write_blocking_until
 *fill*         0x10007416        0x2 
 .text          0x10007418       0x60 /usr/lib/gcc/arm-none-eabi/13.2.1/../../../arm-none-eabi/lib/thumb/v6-m/nofp/libg.a(libc_a-strncpy.o)
                0x10007418                strncpy
 .text          0x10007478       0x14 /usr/lib/gcc/arm-none-eabi/13.2.1/../../../arm-none-eabi/lib/thumb/v6-m/nofp/libg.a(libc_a-strtok.o)
                0x10007478                strtok
 .text          0x1000748c     0x10b8 /usr/lib/gcc/arm-none-eabi/13.2.1/../../../arm-none-eabi/lib/thumb/v6-m/nofp/libg.a(libc_a-strtod.o)
                0x100074bc                _strtod_l
                0x10008374                _strtod_r
                0x10008384                strtod_l
                0x1000839c                strtod
                0x100083b8                strtof_l
                0x10008470                strtof
 .text          0x10008544      0x658 /usr/lib/gcc/arm-none-eabi/13.2.1/../../../arm-none-eabi/lib/thumb/v6-m/nofp/libg.a(libc_a-gdtoa-gethex.o)
                0x100085f4                __gethex
 .text          0x10008b9c       0x44 /usr/lib/gcc/arm-none-eabi/13.2.1/../../../arm-none-eabi/lib/thumb/v6-m/nofp/libg.a(libc_a-mbtowc_r.o)
                0x10008b9c                _mbtowc_r
                0x10008bb4                __ascii_mbtowc
 .text          0x10008be0       0x74 /usr/lib/gcc/arm-none-eabi/13.2.1/../../../arm-none-eabi/lib/thumb/v6-m/nofp/libg.a(libc_a-strncmp.o)
                0x10008be0                strncmp
 .text          0x10008c54        0xc /usr/lib/gcc/arm-none-eabi/13.2.1/../../../arm-none-eabi/lib/thumb/v6-m/nofp/libg.a(libc_a-errno.o)
                0x10008c54                __errno
 .text          0x10008c60       0xa8 /usr/lib/gcc/arm-none-eabi/13.2.1/../../../arm-none-eabi/lib/thumb/v6-m/nofp/libg.a(libc_a-callocr.o)
                0x10008c60                _calloc_r
 .text          0x10008d08      0x5b4 /usr/lib/gcc/arm-none-eabi/13.2.1/../../../arm-none-eabi/lib/thumb/v6-m/nofp/libg.a(libc_a-mallocr.o)
                0x10008d08                _malloc_r
 .text          0x100092bc      0x288 /usr/lib/gcc/arm-none-eabi/13.2.1/../../../arm-none-eabi/lib/thumb/v6-m/nofp/libg.a(libc_a-freer.o)
                0x100092bc                _malloc_trim_r
                0x10009370                _free_r
 .text          0x10009544       0x70 /usr/lib/gcc/arm-none-eabi/13.2.1/../../../arm-none-eabi/lib/thumb/v6-m/nofp/libg.a(libc_a-strtok_r.o)
                0x10009544                __strtok_r
                0x100095a8                strtok_r
 .text          0x100095b4       0x2c /usr/lib/gcc/arm-none-eabi/13.2.1/../../../arm-none-eabi/lib/thumb/v6-m/nofp/libg.a(libc_a-wctomb_r.o)
                0x100095b4                _wctomb_r
                0x100095c4                __ascii_wctomb
 .text          0x100095e0       0x1c /usr/lib/gcc/arm-none-eabi/13.2.1/../../../arm-none-eabi/lib/thumb/v6-m/nofp/libg.a(libc_a-sysconf.o)
                0x100095e0                sysconf
 .text          0x100095fc        0x8 /usr/lib/gcc/arm-none-eabi/13.2.1/../../../arm-none-eabi/lib/thumb/v6-m/nofp/libg.a(libc_a-mlock.o)
                0x100095fc                __malloc_lock
                0x10009600                __malloc_unlock
 .text          0x10009604       0x10 /usr/lib/gcc/arm-none-eabi/13.2.1/../../../arm-none-eabi/lib/thumb/v6-m/nofp/libg.a(libc_a-atexit.o)
                0x10009604                atexit
 .text          0x10009614       0x5c /usr/lib/gcc/arm-none-eabi/13.2.1/../../../arm-none-eabi/lib/thumb/v6-m/nofp/libg.a(libc_a-strlen-stub.o)
                0x10009614                strlen
 .text          0x10009670       0x24 /usr/lib/gcc/arm-none-eabi/13.2.1/../../../arm-none-eabi/lib/thumb/v6-m/nofp/libg.a(libc_a-sbrkr.o)
                0x10009670                _sbrk_r
 .text          0x10009694      0x230 /usr/lib/gcc/arm-none-eabi/13.2.1/../../../arm-none-eabi/lib/thumb/v6-m/nofp/libg.a(libc_a-gdtoa-hexnan.o)
                0x10009694                __match
                0x100096c0                __hexnan
 .text          0x100098c4       0x28 /usr/lib/gcc/arm-none-eabi/13.2.1/../../../arm-none-eabi/lib/thumb/v6-m/nofp/libg.a(libc_a-fini.o)
                0x100098c4                __libc_fini_array
 .text          0x100098ec        0xc /usr/lib/gcc/arm-none-eabi/13.2.1/../../../arm-none-eabi/lib/thumb/v6-m/nofp/libg.a(libm_a-s_nan.o)
                0x100098ec                nan
 .text          0x100098f8        0x8 /usr/lib/gcc/arm-none-eabi/13.2.1/../../../arm-none-eabi/lib/thumb/v6-m/nofp/libg.a(libm_a-sf_nan.o)
                0x100098f8                nanf
 .text          0x10009900      0xb18 /usr/lib/gcc/arm-none-eabi/13.2.1/../../../arm-none-eabi/lib/thumb/v6-m/nofp/libg.a(libc_a-mprec.o)
                0x10009900                _Balloc
                0x10009950                _Bfree
                0x10009964                __multadd
                0x10009a0c                __s2b
                0x10009abc                __hi0bits
                0x10009b08                __lo0bits
                0x10009b64                __i2b
                0x10009bc4                __multiply
                0x10009d70                __pow5mult
                0x10009e40                __lshift
                0x10009f3c                __mcmp
                0x10009f78                __mdiff
                0x1000a12c                __ulp
                0x1000a16c                __b2d
                0x1000a224                __d2b
                0x1000a2f0                __ratio
                0x1000a358                _mprec_log10
                0x1000a38c                __copybits
                0x1000a3cc                __any_on
 .text          0x1000a418       0x78 /usr/lib/gcc/arm-none-eabi/13.2.1/../../../arm-none-eabi/lib/thumb/v6-m/nofp/libg.a(libc_a-__atexit.o)
                0x1000a418                __register_exitproc
 .text.startup  0x1000a490       0x18 /usr/lib/gcc/arm-none-eabi/13.2.1/../../../arm-none-eabi/lib/thumb/v6-m/nofp/libg.a(libc_a-__call_atexit.o)
 *(.fini)
 .fini          0x1000a4a8        0x4 /usr/lib/gcc/arm-none-eabi/13.2.1/thumb/v6-m/nofp/crti.o
                0x1000a4a8                _fini
 *fill*         0x1000a4ac        0x4 
 .fini.__stub   0x1000a4b0       0xd0 linker stubs
 *crtbegin.o(.ctors)
 *crtbegin?.o(.ctors)
 *(EXCLUDE_FILE(*crtend.o *crtend?.o) .ctors)
 *(SORT_BY_NAME(.ctors.*))
 *(.ctors)
 *crtbegin.o(.dtors)
 *crtbegin?.o(.dtors)
 *(EXCLUDE_FILE(*crtend.o *crtend?.o) .dtors)
 *(SORT_BY_NAME(.dtors.*))
 *(.dtors)
                0x1000a580                        . = ALIGN (0x4)
                0x1000a580                        PROVIDE (__preinit_array_start = .)
 *(SORT_BY_NAME(.preinit_array.*))
 .preinit_array.00100
                0x1000a580        0x4 CMakeFiles/railroad_scanner.dir/home/karl/pico-sdk/src/rp2_common/pico_runtime_init/runtime_init.c.o
                0x1000a580                __pre_init_runtime_init_early_resets
 .preinit_array.00101
                0x1000a584        0x4 CMakeFiles/railroad_scanner.dir/home/karl/pico-sdk/src/rp2_common/pico_runtime_init/runtime_init.c.o
                0x1000a584                __pre_init_runtime_init_usb_power_down
 .preinit_array.00275
                0x1000a588        0x4 CMakeFiles/railroad_scanner.dir/home/karl/pico-sdk/src/rp2_common/pico_bit_ops/bit_ops_aeabi.S.o
 .preinit_array.00300
                0x1000a58c        0x4 CMakeFiles/railroad_scanner.dir/home/karl/pico-sdk/src/rp2_common/pico_mem_ops/mem_ops_aeabi.S.o
 .preinit_array.00350
                0x1000a590        0x4 CMakeFiles/railroad_scanner.dir/home/karl/pico-sdk/src/rp2_common/pico_double/double_aeabi_rp2040.S.o
 .preinit_array.00350
                0x1000a594        0x4 CMakeFiles/railroad_scanner.dir/home/karl/pico-sdk/src/rp2_common/pico_float/float_aeabi_rp2040.S.o
 .preinit_array.00500
                0x1000a598        0x4 CMakeFiles/railroad_scanner.dir/home/karl/pico-sdk/src/rp2_common/pico_runtime_init/runtime_init.c.o
                0x1000a598                __pre_init_runtime_init_clocks
 .preinit_array.00600
                0x1000a59c        0x4 CMakeFiles/railroad_scanner.dir/home/karl/pico-sdk/src/rp2_common/pico_runtime_init/runtime_init.c.o
                0x1000a59c                __pre_init_runtime_init_post_clock_resets
 .preinit_array.00700
                0x1000a5a0        0x4 CMakeFiles/railroad_scanner.dir/home/karl/pico-sdk/src/rp2_common/pico_runtime_init/runtime_init.c.o
                0x1000a5a0                __pre_init_runtime_init_rp2040_gpio_ie_disable
 .preinit_array.01000
                0x1000a5a4        0x4 CMakeFiles/railroad_scanner.dir/home/karl/pico-sdk/src/rp2_common/pico_runtime_init/runtime_init.c.o
                0x1000a5a4                __pre_init_runtime_init_spin_locks_reset
 .preinit_array.01100
                0x1000a5a8        0x4 CMakeFiles/railroad_scanner.dir/home/karl/pico-sdk/src/common/pico_sync/mutex.c.o
                0x1000a5a8                __pre_init_runtime_init_mutex
 .preinit_array.10080
                0x1000a5ac        0x4 CMakeFiles/railroad_scanner.dir/home/karl/pico-sdk/src/rp2_common/pico_runtime_init/runtime_init.c.o
                0x1000a5ac                __pre_init_runtime_init_install_ram_vector_table
 .preinit_array.11000
                0x1000a5b0        0x4 CMakeFiles/railroad_scanner.dir/home/karl/pico-sdk/src/common/pico_time/time.c.o
                0x1000a5b0                __pre_init_runtime_init_default_alarm_pool
 .preinit_array.YYYYY
                0x1000a5b4        0x4 CMakeFiles/railroad_scanner.dir/home/karl/pico-sdk/src/rp2_common/pico_runtime/runtime.c.o
                0x1000a5b4                __pre_init_first_per_core_initializer
 .preinit_array.ZZZZZ.01200
                0x1000a5b8        0x4 CMakeFiles/railroad_scanner.dir/home/karl/pico-sdk/src/rp2_common/hardware_irq/irq.c.o
                0x1000a5b8                __pre_init_runtime_init_per_core_irq_priorities
 *(.preinit_array)
                0x1000a5bc                        PROVIDE (__preinit_array_end = .)
                0x1000a5bc                        . = ALIGN (0x4)
                0x1000a5bc                        PROVIDE (__init_array_start = .)
 *(SORT_BY_NAME(.init_array.*))
 .init_array.00000
                0x1000a5bc        0x4 /usr/lib/gcc/arm-none-eabi/13.2.1/../../../arm-none-eabi/lib/thumb/v6-m/nofp/libg.a(libc_a-__call_atexit.o)
 .init_array.01000
                0x1000a5c0        0x4 CMakeFiles/railroad_scanner.dir/home/karl/pico-sdk/src/rp2_common/pico_unique_id/unique_id.c.o
 *(.init_array)
 .init_array    0x1000a5c4        0x4 /usr/lib/gcc/arm-none-eabi/13.2.1/thumb/v6-m/nofp/crtbegin.o
                0x1000a5c8                        PROVIDE (__init_array_end = .)
                0x1000a5c8                        . = ALIGN (0x4)
                0x1000a5c8                        PROVIDE (__fini_array_start = .)
 *(SORT_BY_NAME(.fini_array.*))
 *(.fini_array)
                0x1000a5c8                        PROVIDE (__fini_array_end = .)
 *(.eh_frame*)
 .eh_frame      0x1000a5c8        0x0 /usr/lib/gcc/arm-none-eabi/13.2.1/thumb/v6-m/nofp/crtbegin.o
                0x1000a5c8                        . = ALIGN (0x4)

.glue_7         0x1000a5c8        0x0
 .glue_7        0x1000a5c8        0x0 linker stubs

.glue_7t        0x1000a5c8        0x0
 .glue_7t       0x1000a5c8        0x0 linker stubs

.vfp11_veneer   0x1000a5c8        0x0
 .vfp11_veneer  0x1000a5c8        0x0 linker stubs

.v4_bx          0x1000a5c8        0x0
 .v4_bx         0x1000a5c8        0x0 linker stubs

.iplt           0x1000a5c8        0x0
 .iplt          0x1000a5c8        0x0 /usr/lib/gcc/arm-none-eabi/13.2.1/thumb/v6-m/nofp/crtbegin.o

.rodata         0x1000a5c8     0x1e20
 *(EXCLUDE_FILE(*libm.a: *libc.a:*lib_a-mem*.o *libgcc.a:) .rodata*)
 .rodata._ZL22scanner_set_continuousv.str1.4
                0x1000a5c8      0xfb1 CMakeFiles/railroad_scanner.dir/src/main.cpp.o
                                 0x1f (size before relaxing)
 .rodata._ZL19scanner_set_commandv.str1.4
                0x1000b579       0x1c CMakeFiles/railroad_scanner.dir/src/main.cpp.o
 .rodata._ZL19display_mode_changeb.str1.4
                0x1000b579       0x2c CMakeFiles/railroad_scanner.dir/src/main.cpp.o
 .rodata._ZL13display_errorPKc.str1.4
                0x1000b579       0x1d CMakeFiles/railroad_scanner.dir/src/main.cpp.o
 .rodata._ZL14display_splashb.str1.4
                0x1000b579       0x7b CMakeFiles/railroad_scanner.dir/src/main.cpp.o
 .rodata._ZL20scanner_send_triggerv.str1.4
                0x1000b579       0x3c CMakeFiles/railroad_scanner.dir/src/main.cpp.o
 .rodata._ZL16scanner_readlinePcim.str1.4
                0x1000b579       0x29 CMakeFiles/railroad_scanner.dir/src/main.cpp.o
 .rodata._ZL16display_car_dataPK7CarDatab.str1.4
                0x1000b579       0x2e CMakeFiles/railroad_scanner.dir/src/main.cpp.o
 .rodata._ZL14parse_car_dataPKcP7CarData.str1.4
                0x1000b579       0x25 CMakeFiles/railroad_scanner.dir/src/main.cpp.o
 .rodata.main.str1.4
                0x1000b579      0x17d CMakeFiles/railroad_scanner.dir/src/main.cpp.o
 *fill*         0x1000b579        0x3 
 .rodata._ZL7font5x7
                0x1000b57c      0x1e0 CMakeFiles/railroad_scanner.dir/src/main.cpp.o
 .rodata        0x1000b75c       0x15 CMakeFiles/railroad_scanner.dir/src/main.cpp.o
 .rodata.rp2040_chip_version.str1.4
                0x1000b771       0x6d CMakeFiles/railroad_scanner.dir/home/karl/pico-sdk/src/rp2040/pico_platform/platform.c.o
 *fill*         0x1000b771        0x3 
 .rodata.__func__.0
                0x1000b774       0x14 CMakeFiles/railroad_scanner.dir/home/karl/pico-sdk/src/rp2040/pico_platform/platform.c.o
 .rodata.panic.str1.4
                0x1000b788       0x12 CMakeFiles/railroad_scanner.dir/home/karl/pico-sdk/src/rp2_common/pico_platform_panic/panic.c.o
 .rodata.spin_lock_claim_unused.str1.4
                0x1000b788       0x1b CMakeFiles/railroad_scanner.dir/home/karl/pico-sdk/src/rp2_common/hardware_sync/sync.c.o
 .rodata.resolve_j_16.str1.4
                0x1000b788       0x4e CMakeFiles/railroad_scanner.dir/home/karl/pico-sdk/src/rp2_common/hardware_irq/irq.c.o
 .rodata.make_j_16.str1.4
                0x1000b788       0x30 CMakeFiles/railroad_scanner.dir/home/karl/pico-sdk/src/rp2_common/hardware_irq/irq.c.o
 .rodata.irq_set_exclusive_handler.str1.4
                0x1000b788       0x36 CMakeFiles/railroad_scanner.dir/home/karl/pico-sdk/src/rp2_common/hardware_irq/irq.c.o
 .rodata.irq_add_shared_handler.str1.4
                0x1000b788       0xd2 CMakeFiles/railroad_scanner.dir/home/karl/pico-sdk/src/rp2_common/hardware_irq/irq.c.o
 .rodata.irq_add_tail_to_free_list.str1.4
                0x1000b788       0x3a CMakeFiles/railroad_scanner.dir/home/karl/pico-sdk/src/rp2_common/hardware_irq/irq.c.o
 .rodata.user_irq_claim_unused.str1.4
                0x1000b788       0x1b CMakeFiles/railroad_scanner.dir/home/karl/pico-sdk/src/rp2_common/hardware_irq/irq.c.o
 .rodata.__func__.0
                0x1000b788       0x1a CMakeFiles/railroad_scanner.dir/home/karl/pico-sdk/src/rp2_common/hardware_irq/irq.c.o
 *fill*         0x1000b7a2        0x2 
 .rodata.__func__.3
                0x1000b7a4        0xa CMakeFiles/railroad_scanner.dir/home/karl/pico-sdk/src/rp2_common/hardware_irq/irq.c.o
 *fill*         0x1000b7ae        0x2 
 .rodata.__func__.4
                0x1000b7b0        0xd CMakeFiles/railroad_scanner.dir/home/karl/pico-sdk/src/rp2_common/hardware_irq/irq.c.o
 *fill*         0x1000b7bd        0x3 
 .rodata.__func__.5
                0x1000b7c0       0x17 CMakeFiles/railroad_scanner.dir/home/karl/pico-sdk/src/rp2_common/hardware_irq/irq.c.o
 *fill*         0x1000b7d7        0x1 
 .rodata.__func__.6
                0x1000b7d8       0x1a CMakeFiles/railroad_scanner.dir/home/karl/pico-sdk/src/rp2_common/hardware_irq/irq.c.o
 .rodata.runtime_init_mutex.str1.4
                0x1000b7f2       0x51 CMakeFiles/railroad_scanner.dir/home/karl/pico-sdk/src/common/pico_sync/mutex.c.o
 .rodata.str1.4
                0x1000b7f2       0x51 CMakeFiles/railroad_scanner.dir/home/karl/pico-sdk/src/common/pico_sync/mutex.c.o
 *fill*         0x1000b7f2        0x2 
 .rodata.__func__.1
                0x1000b7f4        0xb CMakeFiles/railroad_scanner.dir/home/karl/pico-sdk/src/common/pico_sync/mutex.c.o
 *fill*         0x1000b7ff        0x1 
 .rodata.__func__.3
                0x1000b800       0x18 CMakeFiles/railroad_scanner.dir/home/karl/pico-sdk/src/common/pico_sync/mutex.c.o
 .rodata.__func__.6
                0x1000b818       0x13 CMakeFiles/railroad_scanner.dir/home/karl/pico-sdk/src/common/pico_sync/mutex.c.o
 .rodata.alarm_pool_irq_handler.str1.4
                0x1000b82b       0x5c CMakeFiles/railroad_scanner.dir/home/karl/pico-sdk/src/common/pico_time/time.c.o
 .rodata.alarm_pool_get_default.str1.4
                0x1000b82b       0x21 CMakeFiles/railroad_scanner.dir/home/karl/pico-sdk/src/common/pico_time/time.c.o
 .rodata.sleep_until.str1.4
                0x1000b82b       0x4d CMakeFiles/railroad_scanner.dir/home/karl/pico-sdk/src/common/pico_time/time.c.o
 *fill*         0x1000b82b        0x1 
 .rodata.__func__.1
                0x1000b82c       0x17 CMakeFiles/railroad_scanner.dir/home/karl/pico-sdk/src/common/pico_time/time.c.o
 *fill*         0x1000b843        0x1 
 .rodata.__func__.2
                0x1000b844       0x17 CMakeFiles/railroad_scanner.dir/home/karl/pico-sdk/src/common/pico_time/time.c.o
 .rodata.timer_hardware_alarm_claim.str1.4
                0x1000b85b       0x22 CMakeFiles/railroad_scanner.dir/home/karl/pico-sdk/src/rp2_common/hardware_timer/timer.c.o
 .rodata.pll_init.str1.4
                0x1000b85b      0x10c CMakeFiles/railroad_scanner.dir/home/karl/pico-sdk/src/rp2_common/hardware_pll/pll.c.o
 *fill*         0x1000b85b        0x1 
 .rodata.__func__.0
                0x1000b85c        0x9 CMakeFiles/railroad_scanner.dir/home/karl/pico-sdk/src/rp2_common/hardware_pll/pll.c.o
 .rodata.missing_double_func_shim.str1.4
                0x1000b865       0x18 CMakeFiles/railroad_scanner.dir/home/karl/pico-sdk/src/rp2_common/pico_double/double_init_rom_rp2040.c.o
 .rodata.__aeabi_double_init.str1.4
                0x1000b865       0x8c CMakeFiles/railroad_scanner.dir/home/karl/pico-sdk/src/rp2_common/pico_double/double_init_rom_rp2040.c.o
 *fill*         0x1000b865        0x3 
 .rodata.__func__.0
                0x1000b868       0x14 CMakeFiles/railroad_scanner.dir/home/karl/pico-sdk/src/rp2_common/pico_double/double_init_rom_rp2040.c.o
 .rodata.missing_float_func_shim.str1.4
                0x1000b87c        0x1 CMakeFiles/railroad_scanner.dir/home/karl/pico-sdk/src/rp2_common/pico_float/float_init_rom_rp2040.c.o
 .rodata.__aeabi_float_init.str1.4
                0x1000b87c       0x7a CMakeFiles/railroad_scanner.dir/home/karl/pico-sdk/src/rp2_common/pico_float/float_init_rom_rp2040.c.o
 .rodata.__func__.0
                0x1000b87c       0x13 CMakeFiles/railroad_scanner.dir/home/karl/pico-sdk/src/rp2_common/pico_float/float_init_rom_rp2040.c.o
 .rodata.str1.4
                0x1000b88f       0x48 CMakeFiles/railroad_scanner.dir/home/karl/pico-sdk/src/rp2_common/pico_standard_binary_info/standard_binary_info.c.o
 *fill*         0x1000b88f        0x1 
 .rodata.__bi_84
                0x1000b890        0xc CMakeFiles/railroad_scanner.dir/home/karl/pico-sdk/src/rp2_common/pico_standard_binary_info/standard_binary_info.c.o
 .rodata.__bi_78
                0x1000b89c        0xc CMakeFiles/railroad_scanner.dir/home/karl/pico-sdk/src/rp2_common/pico_standard_binary_info/standard_binary_info.c.o
 .rodata.__bi_54
                0x1000b8a8        0xc CMakeFiles/railroad_scanner.dir/home/karl/pico-sdk/src/rp2_common/pico_standard_binary_info/standard_binary_info.c.o
 .rodata.__bi_48
                0x1000b8b4        0xc CMakeFiles/railroad_scanner.dir/home/karl/pico-sdk/src/rp2_common/pico_standard_binary_info/standard_binary_info.c.o
 .rodata.__bi_42
                0x1000b8c0        0xc CMakeFiles/railroad_scanner.dir/home/karl/pico-sdk/src/rp2_common/pico_standard_binary_info/standard_binary_info.c.o
 .rodata.__bi_34
                0x1000b8cc        0xc CMakeFiles/railroad_scanner.dir/home/karl/pico-sdk/src/rp2_common/pico_standard_binary_info/standard_binary_info.c.o
 .rodata.__bi_26
                0x1000b8d8        0xc CMakeFiles/railroad_scanner.dir/home/karl/pico-sdk/src/rp2_common/pico_standard_binary_info/standard_binary_info.c.o
 .rodata._ftoa.str1.4
                0x1000b8e4       0x15 CMakeFiles/railroad_scanner.dir/home/karl/pico-sdk/src/rp2_common/pico_printf/printf.c.o
 .rodata._vsnprintf
                0x1000b8e4      0x19c CMakeFiles/railroad_scanner.dir/home/karl/pico-sdk/src/rp2_common/pico_printf/printf.c.o
 .rodata.pow10.0
                0x1000ba80       0x50 CMakeFiles/railroad_scanner.dir/home/karl/pico-sdk/src/rp2_common/pico_printf/printf.c.o
 .rodata.__assert_func.str1.4
                0x1000bad0       0x43 CMakeFiles/railroad_scanner.dir/home/karl/pico-sdk/src/rp2_common/pico_clib_interface/newlib_interface.c.o
 .rodata.crlf_str.0
                0x1000bad0        0x2 CMakeFiles/railroad_scanner.dir/home/karl/pico-sdk/src/rp2_common/pico_stdio/stdio.c.o
 *fill*         0x1000bad2        0x2 
 .rodata._resetd_driver
                0x1000bad4       0x20 CMakeFiles/railroad_scanner.dir/home/karl/pico-sdk/src/rp2_common/pico_stdio_usb/reset_interface.c.o
 .rodata.desc_ms_os_20
                0x1000baf4       0xa6 CMakeFiles/railroad_scanner.dir/home/karl/pico-sdk/src/rp2_common/pico_stdio_usb/reset_interface.c.o
 *fill*         0x1000bb9a        0x2 
 .rodata.desc_bos
                0x1000bb9c       0x21 CMakeFiles/railroad_scanner.dir/home/karl/pico-sdk/src/rp2_common/pico_stdio_usb/reset_interface.c.o
                0x1000bb9c                desc_bos
 .rodata.stdio_usb_init.str1.4
                0x1000bbbd       0x46 CMakeFiles/railroad_scanner.dir/home/karl/pico-sdk/src/rp2_common/pico_stdio_usb/stdio_usb.c.o
 .rodata.str1.4
                0x1000bbbd       0x13 CMakeFiles/railroad_scanner.dir/home/karl/pico-sdk/src/rp2_common/pico_stdio_usb/stdio_usb.c.o
 *fill*         0x1000bbbd        0x3 
 .rodata.__bi_202.1
                0x1000bbc0        0xc CMakeFiles/railroad_scanner.dir/home/karl/pico-sdk/src/rp2_common/pico_stdio_usb/stdio_usb.c.o
 .rodata.__func__.2
                0x1000bbcc        0xf CMakeFiles/railroad_scanner.dir/home/karl/pico-sdk/src/rp2_common/pico_stdio_usb/stdio_usb.c.o
 .rodata.str1.4
                0x1000bbdb       0x2a CMakeFiles/railroad_scanner.dir/home/karl/pico-sdk/src/rp2_common/pico_stdio_usb/stdio_usb_descriptors.c.o
 *fill*         0x1000bbdb        0x1 
 .rodata.usbd_desc_str
                0x1000bbdc       0x18 CMakeFiles/railroad_scanner.dir/home/karl/pico-sdk/src/rp2_common/pico_stdio_usb/stdio_usb_descriptors.c.o
 .rodata.usbd_desc_cfg
                0x1000bbf4       0x54 CMakeFiles/railroad_scanner.dir/home/karl/pico-sdk/src/rp2_common/pico_stdio_usb/stdio_usb_descriptors.c.o
 .rodata.usbd_desc_device
                0x1000bc48       0x12 CMakeFiles/railroad_scanner.dir/home/karl/pico-sdk/src/rp2_common/pico_stdio_usb/stdio_usb_descriptors.c.o
 .rodata.pico_get_unique_board_id_string.str1.4
                0x1000bc5a       0x46 CMakeFiles/railroad_scanner.dir/home/karl/pico-sdk/src/rp2_common/pico_unique_id/unique_id.c.o
 *fill*         0x1000bc5a        0x2 
 .rodata.__func__.0
                0x1000bc5c       0x20 CMakeFiles/railroad_scanner.dir/home/karl/pico-sdk/src/rp2_common/pico_unique_id/unique_id.c.o
 .rodata.str1.4
                0x1000bc7c      0x1f5 CMakeFiles/railroad_scanner.dir/home/karl/pico-sdk/src/rp2_common/hardware_flash/flash.c.o
 .rodata.__func__.0
                0x1000bc7c        0xd CMakeFiles/railroad_scanner.dir/home/karl/pico-sdk/src/rp2_common/hardware_flash/flash.c.o
 .rodata.hw_endpoint_alloc.str1.4
                0x1000bc89       0x91 CMakeFiles/railroad_scanner.dir/home/karl/pico-sdk/lib/tinyusb/src/portable/raspberrypi/rp2040/dcd_rp2040.c.o
 .rodata.str1.4
                0x1000bc89       0x14 CMakeFiles/railroad_scanner.dir/home/karl/pico-sdk/lib/tinyusb/src/portable/raspberrypi/rp2040/dcd_rp2040.c.o
 .rodata.dcd_int_enable.str1.4
                0x1000bc89        0xc CMakeFiles/railroad_scanner.dir/home/karl/pico-sdk/lib/tinyusb/src/portable/raspberrypi/rp2040/dcd_rp2040.c.o
 *fill*         0x1000bc89        0x3 
 .rodata.__func__.0
                0x1000bc8c        0xe CMakeFiles/railroad_scanner.dir/home/karl/pico-sdk/lib/tinyusb/src/portable/raspberrypi/rp2040/dcd_rp2040.c.o
 *fill*         0x1000bc9a        0x2 
 .rodata.__func__.3
                0x1000bc9c       0x10 CMakeFiles/railroad_scanner.dir/home/karl/pico-sdk/lib/tinyusb/src/portable/raspberrypi/rp2040/dcd_rp2040.c.o
 .rodata.__func__.5
                0x1000bcac        0xf CMakeFiles/railroad_scanner.dir/home/karl/pico-sdk/lib/tinyusb/src/portable/raspberrypi/rp2040/dcd_rp2040.c.o
 *fill*         0x1000bcbb        0x1 
 .rodata.__func__.6
                0x1000bcbc       0x12 CMakeFiles/railroad_scanner.dir/home/karl/pico-sdk/lib/tinyusb/src/portable/raspberrypi/rp2040/dcd_rp2040.c.o
 *fill*         0x1000bcce        0x2 
 .rodata.__func__.7
                0x1000bcd0        0x9 CMakeFiles/railroad_scanner.dir/home/karl/pico-sdk/lib/tinyusb/src/portable/raspberrypi/rp2040/dcd_rp2040.c.o
 .rodata.str1.4
                0x1000bcd9       0xd8 CMakeFiles/railroad_scanner.dir/home/karl/pico-sdk/lib/tinyusb/src/portable/raspberrypi/rp2040/rp2040_usb.c.o
 .rodata.hw_endpoint_xfer_start.str1.4
                0x1000bcd9       0x38 CMakeFiles/railroad_scanner.dir/home/karl/pico-sdk/lib/tinyusb/src/portable/raspberrypi/rp2040/rp2040_usb.c.o
 *fill*         0x1000bcd9        0x3 
 .rodata.__func__.0
                0x1000bcdc        0xf CMakeFiles/railroad_scanner.dir/home/karl/pico-sdk/lib/tinyusb/src/portable/raspberrypi/rp2040/rp2040_usb.c.o
 .rodata.configuration_reset.str1.4
                0x1000bceb       0x17 CMakeFiles/railroad_scanner.dir/home/karl/pico-sdk/lib/tinyusb/src/device/usbd.c.o
 *fill*         0x1000bceb        0x1 
 .rodata.process_get_descriptor
                0x1000bcec       0x40 CMakeFiles/railroad_scanner.dir/home/karl/pico-sdk/lib/tinyusb/src/device/usbd.c.o
 .rodata        0x1000bd2c       0x1c CMakeFiles/railroad_scanner.dir/home/karl/pico-sdk/lib/tinyusb/src/device/usbd.c.o
 .rodata.process_control_request
                0x1000bd48       0x28 CMakeFiles/railroad_scanner.dir/home/karl/pico-sdk/lib/tinyusb/src/device/usbd.c.o
 .rodata.tud_task_ext